Component: ARM Compiler 5.06 update 7 (build 960) Tool: armlink [4d3601]

==============================================================================

Section Cross References

    main.o(.text) refers to rtx_kernel.o(.text) for osKernelGetState
    main.o(.text) refers to stm32f4xx_hal_rcc.o(.text) for HAL_RCC_OscConfig
    main.o(.text) refers to stm32f4xx_hal.o(.text) for HAL_GetREVID
    main.o(.text) refers to system_stm32f4xx.o(.text) for SystemCoreClockUpdate
    main.o(.text) refers to rtx_thread.o(.text) for osThreadNew
    main.o(.text) refers to system_stm32f4xx.o(.data) for SystemCoreClock
    main.o(.text) refers to main.o(.data) for .data
    main.o(.text) refers to http_server.o(.constdata) for app_main_attr
    main.o(.text) refers to http_server.o(.text) for app_main
    http_server.o(.text) refers to net_sys.o(i.netInitialize) for netInitialize
    http_server.o(.text) refers to rtx_thread.o(.text) for osThreadExit
    http_server.o(.constdata) refers to http_server.o(.bss) for app_main_stk
    http_server_cgi.o(.text) refers to net_http_server.o(i.netCGI_GetEnvVar) for netCGI_GetEnvVar
    http_server_cgi.o(.text) refers to net_addr.o(i.netIP_aton) for netIP_aton
    http_server_cgi.o(.text) refers to net_sys.o(i.netIF_SetOption) for netIF_SetOption
    http_server_cgi.o(.text) refers to strcmp.o(.text) for strcmp
    http_server_cgi.o(.text) refers to strncmp.o(.text) for strncmp
    http_server_cgi.o(.text) refers to net_http_server.o(i.netHTTPs_LoginActive) for netHTTPs_LoginActive
    http_server_cgi.o(.text) refers to net_http_server.o(i.netHTTPs_SetPassword) for netHTTPs_SetPassword
    http_server_cgi.o(.text) refers to strcpy.o(.text) for strcpy
    http_server_cgi.o(.text) refers to net_sys.o(i.netIF_GetOption) for netIF_GetOption
    http_server_cgi.o(.text) refers to net_addr.o(i.netIP_ntoa) for netIP_ntoa
    http_server_cgi.o(.text) refers to printfa.o(i.__0sprintf) for __2sprintf
    http_server_cgi.o(.text) refers to net_tcp.o(i.netTCP_GetState) for netTCP_GetState
    http_server_cgi.o(.text) refers to net_tcp.o(i.netTCP_GetPeer) for netTCP_GetPeer
    http_server_cgi.o(.text) refers to net_tcp.o(i.netTCP_GetTimer) for netTCP_GetTimer
    http_server_cgi.o(.text) refers to net_tcp.o(i.netTCP_GetLocalPort) for netTCP_GetLocalPort
    http_server_cgi.o(.text) refers to net_http_server.o(i.netHTTPs_GetPassword) for netHTTPs_GetPassword
    http_server_cgi.o(.text) refers to net_http_server.o(i.netHTTPs_GetLanguage) for netHTTPs_GetLanguage
    http_server_cgi.o(.text) refers to http_server_cgi.o(.bss) for .bss
    http_server_cgi.o(.text) refers to http_server_cgi.o(.data) for .data
    http_server_cgi.o(.text) refers to http_server_cgi.o(.conststring) for .conststring
    http_server_cgi.o(.text) refers to http_server.o(.text) for AD_in
    http_server_cgi.o(.text) refers to f2d.o(.text) for __aeabi_f2d
    http_server_cgi.o(.text) refers to dmul.o(.text) for __aeabi_dmul
    web.o(.text) refers to web.o(.constdata) for .constdata
    web.o(.constdata) refers to web.o(.constdata) for imageFileData
    buttons_nucleo_f429zi.o(.text) refers to stm32f4xx_hal_gpio.o(.text) for HAL_GPIO_Init
    buttons_nucleo_f429zi.o(.text) refers to buttons_nucleo_f429zi.o(.constdata) for .constdata
    led_nucleo_f429zi.o(.text) refers to stm32f4xx_hal_gpio.o(.text) for HAL_GPIO_Init
    led_nucleo_f429zi.o(.text) refers to led_nucleo_f429zi.o(.constdata) for .constdata
    irq_armv7m.o(.text) refers to rtx_system.o(.text) for osRtxPendSV_Handler
    irq_armv7m.o(.text) refers to rtx_kernel.o(.data.os) for osRtxInfo
    irq_armv7m.o(.text) refers to rtx_lib.o(.constdata) for osRtxUserSVC
    rtx_delay.o(.text) refers to rtx_thread.o(.text) for osRtxThreadWaitEnter
    rtx_delay.o(.text) refers to rtx_evr.o(.text) for EvrRtxDelayStarted
    rtx_delay.o(.text) refers to rtx_kernel.o(.data.os) for osRtxInfo
    rtx_evflags.o(.text) refers to rtx_evflags.o(.emb_text) for __asm___13_rtx_evflags_c_e167c757__atomic_set32
    rtx_evflags.o(.text) refers to rtx_thread.o(.text) for osRtxThreadListRemove
    rtx_evflags.o(.text) refers to rtx_evr.o(.text) for EvrRtxEventFlagsWaitCompleted
    rtx_evflags.o(.text) refers to rtx_mempool.o(.text) for osRtxMemoryPoolAlloc
    rtx_evflags.o(.text) refers to rtx_memory.o(.text) for osRtxMemoryAlloc
    rtx_evflags.o(.text) refers to rtx_system.o(.text) for osRtxPostProcess
    rtx_evflags.o(.text) refers to rtx_kernel.o(.data.os) for osRtxInfo
    rtx_evr.o(.text) refers to eventrecorder.o(.text) for EventRecord4
    rtx_kernel.o(.text) refers to os_systick.o(.text) for OS_Tick_Disable
    rtx_kernel.o(.text) refers to rtx_evr.o(.text) for EvrRtxKernelError
    rtx_kernel.o(.text) refers to rtx_memory.o(.text) for osRtxMemoryInit
    rtx_kernel.o(.text) refers to rtx_mempool.o(.text) for osRtxMemoryPoolInit
    rtx_kernel.o(.text) refers to memcpya.o(.text) for __aeabi_memcpy
    rtx_kernel.o(.text) refers to rtx_thread.o(.text) for osRtxThreadStartup
[...]
    SPI4_IRQHandler                          0x08007613   Thumb Code     0  startup_stm32f429xx.o(.text)
    SPI5_IRQHandler                          0x08007613   Thumb Code     0  startup_stm32f429xx.o(.text)
    SPI6_IRQHandler                          0x08007613   Thumb Code     0  startup_stm32f429xx.o(.text)
    TAMP_STAMP_IRQHandler                    0x08007613   Thumb Code     0  startup_stm32f429xx.o(.text)
    TIM1_BRK_TIM9_IRQHandler                 0x08007613   Thumb Code     0  startup_stm32f429xx.o(.text)
    TIM1_CC_IRQHandler                       0x08007613   Thumb Code     0  startup_stm32f429xx.o(.text)
    TIM1_TRG_COM_TIM11_IRQHandler            0x08007613   Thumb Code     0  startup_stm32f429xx.o(.text)
    TIM1_UP_TIM10_IRQHandler                 0x08007613   Thumb Code     0  startup_stm32f429xx.o(.text)
    TIM2_IRQHandler                          0x08007613   Thumb Code     0  startup_stm32f429xx.o(.text)
    TIM3_IRQHandler                          0x08007613   Thumb Code     0  startup_stm32f429xx.o(.text)
    TIM4_IRQHandler                          0x08007613   Thumb Code     0  startup_stm32f429xx.o(.text)
    TIM5_IRQHandler                          0x08007613   Thumb Code     0  startup_stm32f429xx.o(.text)
    TIM6_DAC_IRQHandler                      0x08007613   Thumb Code     0  startup_stm32f429xx.o(.text)
    TIM7_IRQHandler                          0x08007613   Thumb Code     0  startup_stm32f429xx.o(.text)
    TIM8_BRK_TIM12_IRQHandler                0x08007613   Thumb Code     0  startup_stm32f429xx.o(.text)
    TIM8_CC_IRQHandler                       0x08007613   Thumb Code     0  startup_stm32f429xx.o(.text)
    TIM8_TRG_COM_TIM14_IRQHandler            0x08007613   Thumb Code     0  startup_stm32f429xx.o(.text)
    TIM8_UP_TIM13_IRQHandler                 0x08007613   Thumb Code     0  startup_stm32f429xx.o(.text)
    UART4_IRQHandler                         0x08007613   Thumb Code     0  startup_stm32f429xx.o(.text)
    UART5_IRQHandler                         0x08007613   Thumb Code     0  startup_stm32f429xx.o(.text)
    UART7_IRQHandler                         0x08007613   Thumb Code     0  startup_stm32f429xx.o(.text)
    UART8_IRQHandler                         0x08007613   Thumb Code     0  startup_stm32f429xx.o(.text)
    USART1_IRQHandler                        0x08007613   Thumb Code     0  startup_stm32f429xx.o(.text)
    USART2_IRQHandler                        0x08007613   Thumb Code     0  startup_stm32f429xx.o(.text)
    USART3_IRQHandler                        0x08007613   Thumb Code     0  startup_stm32f429xx.o(.text)
    USART6_IRQHandler                        0x08007613   Thumb Code     0  startup_stm32f429xx.o(.text)
    WWDG_IRQHandler                          0x08007613   Thumb Code     0  startup_stm32f429xx.o(.text)
    SystemInit                               0x0800761d   Thumb Code    22  system_stm32f4xx.o(.text)
    SystemCoreClockUpdate                    0x08007633   Thumb Code   118  system_stm32f4xx.o(.text)
    netos_init                               0x080076e9   Thumb Code    22  net_config.o(.text)
    netos_thread_create                      0x080076ff   Thumb Code    10  net_config.o(.text)
    netos_thread_delete                      0x08007709   Thumb Code     4  net_config.o(.text)
    netos_thread_id                          0x0800770d   Thumb Code     4  net_config.o(.text)
    netos_thread_pass                        0x08007711   Thumb Code     4  net_config.o(.text)
    netos_timer_create                       0x08007715   Thumb Code    14  net_config.o(.text)
    netos_timer_delete                       0x08007723   Thumb Code     4  net_config.o(.text)
    netos_timer_start                        0x08007727   Thumb Code    22  net_config.o(.text)
    netos_mutex_create                       0x0800773d   Thumb Code    16  net_config.o(.text)
    netos_mutex_delete                       0x0800774d   Thumb Code     4  net_config.o(.text)
    netos_lock                               0x08007751   Thumb Code     8  net_config.o(.text)
    netos_unlock                             0x08007759   Thumb Code     4  net_config.o(.text)
    netos_flag_wait                          0x0800775d   Thumb Code    24  net_config.o(.text)
    netos_flag_set                           0x08007775   Thumb Code     4  net_config.o(.text)
    netos_flag_clear                         0x08007779   Thumb Code     6  net_config.o(.text)
    netos_delay                              0x0800777f   Thumb Code    14  net_config.o(.text)
    netif_create                             0x0800778d   Thumb Code    46  net_config.o(.text)
    netif_delete                             0x080077bb   Thumb Code    20  net_config.o(.text)
    netif_lock                               0x080077cf   Thumb Code     8  net_config.o(.text)
    netif_unlock                             0x080077d7   Thumb Code     4  net_config.o(.text)
    netIGMP_Join                             0x080077e1   Thumb Code     4  net_config.o(.text)
    netIGMP_Leave                            0x080077e5   Thumb Code     4  net_config.o(.text)
    net_igmp_is_member                       0x080077e9   Thumb Code     4  net_config.o(.text)
    net_igmp_collect_mcast                   0x080077ed   Thumb Code     4  net_config.o(.text)
    net_igmp_process                         0x080077f1   Thumb Code     2  net_config.o(.text)
    netDHCP_Enable                           0x080077f3   Thumb Code     4  net_config.o(.text)
    netDHCP_Disable                          0x080077f7   Thumb Code     4  net_config.o(.text)
    netDHCP_SetOption                        0x080077fb   Thumb Code     4  net_config.o(.text)
    netDHCP6_Enable                          0x080077ff   Thumb Code     4  net_config.o(.text)
    netDHCP6_Disable                         0x08007803   Thumb Code     4  net_config.o(.text)
    netSNTPc_GetTime                         0x08007807   Thumb Code     4  net_config.o(.text)
    netHTTPs_fopen                           0x0800780b   Thumb Code     4  net_config.o(.text)
    netHTTPs_fclose                          0x0800780f   Thumb Code     2  net_config.o(.text)
    netHTTPs_fread                           0x08007811   Thumb Code     4  net_config.o(.text)
    netHTTPs_fgets                           0x08007815   Thumb Code     4  net_config.o(.text)
    netHTTPs_fstat                           0x08007819   Thumb Code     2  net_config.o(.text)
    net_sys_error                            0x0800781b   Thumb Code     2  net_config.o(.text)
    net_evr_init                             0x08007835   Thumb Code   336  net_debug.o(.text)
    net_debug_init                           0x08007985   Thumb Code     2  net_debug.o(.text)
    __aeabi_uldivmod                         0x08007987   Thumb Code    98  uldiv.o(.text)
    __aeabi_memcpy                           0x080079e9   Thumb Code    36  memcpya.o(.text)
    __aeabi_memcpy4                          0x080079e9   Thumb Code     0  memcpya.o(.text)
    __aeabi_memcpy8                          0x080079e9   Thumb Code     0  memcpya.o(.text)
    __aeabi_memset                           0x08007a0d   Thumb Code    14  memseta.o(.text)
    __aeabi_memset4                          0x08007a0d   Thumb Code     0  memseta.o(.text)
    __aeabi_memset8                          0x08007a0d   Thumb Code     0  memseta.o(.text)
    __aeabi_memclr                           0x08007a1b   Thumb Code     4  memseta.o(.text)
    __aeabi_memclr4                          0x08007a1b   Thumb Code     0  memseta.o(.text)
    __aeabi_memclr8                          0x08007a1b   Thumb Code     0  memseta.o(.text)
    _memset$wrapper                          0x08007a1f   Thumb Code    18  memseta.o(.text)
    strlen                                   0x08007a31   Thumb Code    14  strlen.o(.text)
    strcmp                                   0x08007a3f   Thumb Code    28  strcmp.o(.text)
    memcmp                                   0x08007a5b   Thumb Code    26  memcmp.o(.text)
    strcpy                                   0x08007a75   Thumb Code    18  strcpy.o(.text)
    strncmp                                  0x08007a87   Thumb Code    30  strncmp.o(.text)
    __aeabi_dmul                             0x08007aa5   Thumb Code   228  dmul.o(.text)
    __aeabi_f2d                              0x08007b89   Thumb Code    38  f2d.o(.text)
    __aeabi_uidiv                            0x08007baf   Thumb Code     0  uidiv.o(.text)
    __aeabi_uidivmod                         0x08007baf   Thumb Code    44  uidiv.o(.text)
    __aeabi_llsl                             0x08007bdb   Thumb Code    30  llshl.o(.text)
    _ll_shift_l                              0x08007bdb   Thumb Code     0  llshl.o(.text)
    __aeabi_llsr                             0x08007bf9   Thumb Code    32  llushr.o(.text)
    _ll_ushift_r                             0x08007bf9   Thumb Code     0  llushr.o(.text)
    __I$use$fp                               0x08007c19   Thumb Code     0  iusefp.o(.text)
    _double_round                            0x08007c19   Thumb Code    30  depilogue.o(.text)
    _double_epilogue                         0x08007c37   Thumb Code   156  depilogue.o(.text)
    __aeabi_dadd                             0x08007cd3   Thumb Code   322  dadd.o(.text)
    __aeabi_dsub                             0x08007e15   Thumb Code     6  dadd.o(.text)
    __aeabi_drsub                            0x08007e1b   Thumb Code     6  dadd.o(.text)
    __aeabi_ddiv                             0x08007e21   Thumb Code   222  ddiv.o(.text)
    __aeabi_d2ulz                            0x08007eff   Thumb Code    48  dfixul.o(.text)
    __aeabi_cdrcmple                         0x08007f31   Thumb Code    48  cdrcmple.o(.text)
    __scatterload                            0x08007f61   Thumb Code    28  init.o(.text)
    __scatterload_rt2                        0x08007f61   Thumb Code     0  init.o(.text)
    __aeabi_lasr                             0x08007f85   Thumb Code    36  llsshr.o(.text)
    _ll_sshift_r                             0x08007f85   Thumb Code     0  llsshr.o(.text)
    __decompress                             0x08007fa9   Thumb Code     0  __dczerorl.o(.text)
    __decompress0                            0x08007fa9   Thumb Code    58  __dczerorl.o(.text)
    __0sprintf                               0x08007fe5   Thumb Code    34  printfa.o(i.__0sprintf)
    __1sprintf                               0x08007fe5   Thumb Code     0  printfa.o(i.__0sprintf)
    __2sprintf                               0x08007fe5   Thumb Code     0  printfa.o(i.__0sprintf)
    __c89sprintf                             0x08007fe5   Thumb Code     0  printfa.o(i.__0sprintf)
    sprintf                                  0x08007fe5   Thumb Code     0  printfa.o(i.__0sprintf)
    __scatterload_copy                       0x0800800d   Thumb Code    14  handlers.o(i.__scatterload_copy)
    __scatterload_null                       0x0800801b   Thumb Code     2  handlers.o(i.__scatterload_null)
    __scatterload_zeroinit                   0x0800801d   Thumb Code    14  handlers.o(i.__scatterload_zeroinit)
    netCGI_Charset                           0x0800b629   Thumb Code     4  net_http_server.o(i.netCGI_Charset)
    netCGI_ContentType                       0x0800b62d   Thumb Code     4  net_http_server.o(i.netCGI_ContentType)
    netCGI_CustomHeader                      0x0800b631   Thumb Code     4  net_http_server.o(i.netCGI_CustomHeader)
    netCGI_GetEnvVar                         0x0800b635   Thumb Code   104  net_http_server.o(i.netCGI_GetEnvVar)
    netCGI_Redirect                          0x0800b6a1   Thumb Code     4  net_http_server.o(i.netCGI_Redirect)
    netCGX_ContentType                       0x0800b6a5   Thumb Code     4  net_http_server.o(i.netCGX_ContentType)
    netCore_Thread                           0x0800b6a9   Thumb Code    90  net_sys.o(i.netCore_Thread)
    netETH_Notify                            0x0800b70d   Thumb Code     2  net_eth.o(i.netETH_Notify)
    netETH_ReceiveRaw                        0x0800b70f   Thumb Code     2  net_eth.o(i.netETH_ReceiveRaw)
    netETH_Thread                            0x0800b711   Thumb Code   114  net_eth.o(i.netETH_Thread)
    netHTTPs_AcceptClient                    0x0800b783   Thumb Code     4  net_http_server.o(i.netHTTPs_AcceptClient)
    netHTTPs_CheckAccount                    0x0800b787   Thumb Code     4  net_http_server_auth.o(i.netHTTPs_CheckAccount)
    netHTTPs_FileAccess                      0x0800b78b   Thumb Code     4  net_http_server.o(i.netHTTPs_FileAccess)
    netHTTPs_GetLanguage                     0x0800b791   Thumb Code    24  net_http_server.o(i.netHTTPs_GetLanguage)
    netHTTPs_GetPassword                     0x0800b7b1   Thumb Code     6  net_http_server.o(i.netHTTPs_GetPassword)
    netHTTPs_LoginActive                     0x0800b7bd   Thumb Code     6  net_http_server.o(i.netHTTPs_LoginActive)
    netHTTPs_SetPassword                     0x0800b7c9   Thumb Code    78  net_http_server.o(i.netHTTPs_SetPassword)
    netIF_GetOption                          0x0800b821   Thumb Code   128  net_sys.o(i.netIF_GetOption)
    netIF_SetOption                          0x0800b8a9   Thumb Code   124  net_sys.o(i.netIF_SetOption)
    netIP_aton                               0x0800b92d   Thumb Code    26  net_addr.o(i.netIP_aton)
    netIP_ntoa                               0x0800b947   Thumb Code    50  net_addr.o(i.netIP_ntoa)
    netInitialize                            0x0800b979   Thumb Code   156  net_sys.o(i.netInitialize)
    netMAC_aton                              0x0800ba25   Thumb Code   140  net_addr.o(i.netMAC_aton)
    netTCP_GetLocalPort                      0x0800bab1   Thumb Code     4  net_tcp.o(i.netTCP_GetLocalPort)
    netTCP_GetPeer                           0x0800bab5   Thumb Code    32  net_tcp.o(i.netTCP_GetPeer)
    netTCP_GetState                          0x0800bad5   Thumb Code     4  net_tcp.o(i.netTCP_GetState)
    netTCP_GetTimer                          0x0800bad9   Thumb Code     4  net_tcp.o(i.netTCP_GetTimer)
    net_addr4_aton                           0x0800badd   Thumb Code   124  net_addr.o(i.net_addr4_aton)
    net_addr4_to_mac                         0x0800bb59   Thumb Code    30  net_addr.o(i.net_addr4_to_mac)
    net_addr6_aton                           0x0800bb79   Thumb Code   230  net_addr.o(i.net_addr6_aton)
    net_addr6_comp                           0x0800bc5f   Thumb Code    40  net_addr.o(i.net_addr6_comp)
    net_addr6_copy                           0x0800bc87   Thumb Code    18  net_addr.o(i.net_addr6_copy)
    net_addr6_create                         0x0800bc99   Thumb Code    70  net_addr.o(i.net_addr6_create)
    net_addr6_get_solicited                  0x0800bce5   Thumb Code    34  net_addr.o(i.net_addr6_get_solicited)
    net_addr6_is_linklocal                   0x0800bd0d   Thumb Code    24  net_addr.o(i.net_addr6_is_linklocal)
    net_addr6_is_onlink                      0x0800bd25   Thumb Code   110  net_addr.o(i.net_addr6_is_onlink)
    net_addr6_is_solicited                   0x0800bd93   Thumb Code    72  net_addr.o(i.net_addr6_is_solicited)
    net_addr6_is_unspec                      0x0800bddb   Thumb Code    24  net_addr.o(i.net_addr6_is_unspec)
    net_addr6_to_mac                         0x0800bdf3   Thumb Code    14  net_addr.o(i.net_addr6_to_mac)
    net_addr_copy                            0x0800be01   Thumb Code    38  net_addr.o(i.net_addr_copy)
    net_addr_find_route                      0x0800be27   Thumb Code    26  net_addr.o(i.net_addr_find_route)
    net_addr_get_local                       0x0800be41   Thumb Code    26  net_addr.o(i.net_addr_get_local)
    net_addr_is_unspec                       0x0800be61   Thumb Code    34  net_addr.o(i.net_addr_is_unspec)
    net_arp_cache_add                        0x0800be85   Thumb Code   276  net_arp.o(i.net_arp_cache_add)
    net_arp_cache_early                      0x0800bfa1   Thumb Code   180  net_arp.o(i.net_arp_cache_early)
    net_arp_cache_find                       0x0800c05d   Thumb Code   224  net_arp.o(i.net_arp_cache_find)
    net_arp_cache_init                       0x0800c149   Thumb Code    64  net_arp.o(i.net_arp_cache_init)
    net_arp_cache_run                        0x0800c191   Thumb Code    22  net_arp.o(i.net_arp_cache_run)
    net_arp_enqueue                          0x0800c1ad   Thumb Code   114  net_arp.o(i.net_arp_enqueue)
    net_arp_notify                           0x0800c225   Thumb Code    32  net_arp.o(i.net_arp_notify)
    net_arp_process                          0x0800c245   Thumb Code   536  net_arp.o(i.net_arp_process)
    net_atoi                                 0x0800c469   Thumb Code    66  net_common.o(i.net_atoi)
    net_base64_decode                        0x0800c4ad   Thumb Code   114  net_base64.o(i.net_base64_decode)
    net_chksum_buf                           0x0800c525   Thumb Code    48  net_common.o(i.net_chksum_buf)
    net_crc_buf                              0x0800c555   Thumb Code    30  net_common.o(i.net_crc_buf)
    net_eth_callback                         0x0800c573   Thumb Code    14  net_eth.o(i.net_eth_callback)
    net_eth_config_mcast                     0x0800c581   Thumb Code   104  net_eth.o(i.net_eth_config_mcast)
    net_eth_get_option                       0x0800c5e9   Thumb Code   234  net_eth.o(i.net_eth_get_option)
    net_eth_iface_init                       0x0800c6d5   Thumb Code    22  net_eth.o(i.net_eth_iface_init)
    net_eth_iface_run                        0x0800c6f1   Thumb Code    22  net_eth.o(i.net_eth_iface_run)
    net_eth_output                           0x0800c70d   Thumb Code   164  net_eth.o(i.net_eth_output)
    net_eth_send_frame                       0x0800c7b5   Thumb Code   462  net_eth.o(i.net_eth_send_frame)
    net_eth_set_option                       0x0800c995   Thumb Code   610  net_eth.o(i.net_eth_set_option)
    net_http_server_init                     0x0800cc05   Thumb Code   212  net_http_server.o(i.net_http_server_init)
    net_http_server_run                      0x0800cced   Thumb Code    30  net_http_server.o(i.net_http_server_run)
    net_icmp6_init                           0x0800cd15   Thumb Code    20  net_icmp6.o(i.net_icmp6_init)
    net_icmp6_process                        0x0800cd2d   Thumb Code   542  net_icmp6.o(i.net_icmp6_process)
    net_icmp6_send                           0x0800cf65   Thumb Code   122  net_icmp6.o(i.net_icmp6_send)
    net_icmp6_send_echo                      0x0800cfe9   Thumb Code    78  net_icmp6.o(i.net_icmp6_send_echo)
    net_icmp_init                            0x0800d041   Thumb Code    20  net_icmp.o(i.net_icmp_init)
    net_icmp_process                         0x0800d059   Thumb Code   430  net_icmp.o(i.net_icmp_process)
    net_icmp_send_echo                       0x0800d221   Thumb Code   142  net_icmp.o(i.net_icmp_send_echo)
    net_if_map_all                           0x0800d2c1   Thumb Code     6  net_sys.o(i.net_if_map_all)
    net_ip4_chk_frame                        0x0800d2cd   Thumb Code   372  net_ip4.o(i.net_ip4_chk_frame)
    net_ip4_chksum                           0x0800d459   Thumb Code    44  net_ip4.o(i.net_ip4_chksum)
    net_ip4_chksum_buf                       0x0800d485   Thumb Code     6  net_ip4.o(i.net_ip4_chksum_buf)
    net_ip4_find_route                       0x0800d48d   Thumb Code   104  net_ip4.o(i.net_ip4_find_route)
    net_ip4_frag_add                         0x0800d50d   Thumb Code   284  net_ip4_frag.o(i.net_ip4_frag_add)
    net_ip4_frag_get                         0x0800d631   Thumb Code   168  net_ip4_frag.o(i.net_ip4_frag_get)
    net_ip4_frag_init                        0x0800d6dd   Thumb Code    12  net_ip4_frag.o(i.net_ip4_frag_init)
    net_ip4_frag_run                         0x0800d6ed   Thumb Code    50  net_ip4_frag.o(i.net_ip4_frag_run)
    net_ip4_get_local                        0x0800d729   Thumb Code    40  net_ip4.o(i.net_ip4_get_local)
    net_ip4_init                             0x0800d755   Thumb Code    22  net_ip4.o(i.net_ip4_init)
    net_ip4_is_onlink                        0x0800d779   Thumb Code    32  net_ip4.o(i.net_ip4_is_onlink)
    net_ip4_is_subcast                       0x0800d799   Thumb Code    38  net_ip4.o(i.net_ip4_is_subcast)
    net_ip4_reass_frame                      0x0800d7bf   Thumb Code    14  net_ip4.o(i.net_ip4_reass_frame)
    net_ip4_send_frame                       0x0800d7cd   Thumb Code   340  net_ip4.o(i.net_ip4_send_frame)
    net_ip4_tx_offl_hl                       0x0800d931   Thumb Code    42  net_ip4.o(i.net_ip4_tx_offl_hl)
    net_ip6_chk_frame                        0x0800d95d   Thumb Code   236  net_ip6.o(i.net_ip6_chk_frame)
    net_ip6_chksum                           0x0800da5d   Thumb Code    50  net_ip6.o(i.net_ip6_chksum)
    net_ip6_collect_mcast                    0x0800da91   Thumb Code   118  net_ip6.o(i.net_ip6_collect_mcast)
    net_ip6_find_route                       0x0800db0d   Thumb Code    56  net_ip6.o(i.net_ip6_find_route)
    net_ip6_get_local                        0x0800db55   Thumb Code    74  net_ip6.o(i.net_ip6_get_local)
    net_ip6_init                             0x0800dba9   Thumb Code    20  net_ip6.o(i.net_ip6_init)
    net_ip6_send_frame                       0x0800dbc5   Thumb Code   192  net_ip6.o(i.net_ip6_send_frame)
    net_ip6_tx_offl_hl                       0x0800dc91   Thumb Code    30  net_ip6.o(i.net_ip6_tx_offl_hl)
    net_itoa                                 0x0800dcaf   Thumb Code     8  net_common.o(i.net_itoa)
    net_itoa_n0                              0x0800dcb7   Thumb Code     6  net_common.o(i.net_itoa_n0)
    net_loop_iface_init                      0x0800dcbd   Thumb Code    40  net_loopback.o(i.net_loop_iface_init)
    net_loop_iface_run                       0x0800dced   Thumb Code   176  net_loopback.o(i.net_loop_iface_run)
    net_loop_send_frame                      0x0800dda9   Thumb Code   104  net_loopback.o(i.net_loop_send_frame)
    net_mem_alloc                            0x0800de19   Thumb Code   178  net_mem.o(i.net_mem_alloc)
    net_mem_avail                            0x0800ded9   Thumb Code    22  net_mem.o(i.net_mem_avail)
    net_mem_free                             0x0800def5   Thumb Code   152  net_mem.o(i.net_mem_free)
    net_mem_init                             0x0800df99   Thumb Code    98  net_mem.o(i.net_mem_init)
    net_mem_shrink                           0x0800e009   Thumb Code    62  net_mem.o(i.net_mem_shrink)
    net_nbns_client_init                     0x0800e051   Thumb Code    82  net_nbns_client.o(i.net_nbns_client_init)
    net_ndp_cache_find                       0x0800e0b5   Thumb Code   438  net_ndp.o(i.net_ndp_cache_find)
    net_ndp_cache_refresh                    0x0800e279   Thumb Code   112  net_ndp.o(i.net_ndp_cache_refresh)
    net_ndp_enqueue                          0x0800e2f1   Thumb Code   108  net_ndp.o(i.net_ndp_enqueue)
    net_ndp_process                          0x0800e361   Thumb Code   872  net_ndp.o(i.net_ndp_process)
    net_path                                 0x0800e6d5   Thumb Code    52  net_sys.o(i.net_path)
    net_ping_client_init                     0x0800e70d   Thumb Code    22  net_ping_core.o(i.net_ping_client_init)
    net_ping_client_run                      0x0800e72d   Thumb Code   110  net_ping_core.o(i.net_ping_client_run)
    net_rand32                               0x0800e7ad   Thumb Code    18  net_sys.o(i.net_rand32)
    net_strcasecmp                           0x0800e7c9   Thumb Code    46  net_common.o(i.net_strcasecmp)
    net_strchr                               0x0800e7f7   Thumb Code    22  net_common.o(i.net_strchr)
    net_strcmp                               0x0800e80d   Thumb Code    26  net_common.o(i.net_strcmp)
    net_strcpy                               0x0800e827   Thumb Code    18  net_common.o(i.net_strcpy)
    net_strnchr                              0x0800e839   Thumb Code    28  net_common.o(i.net_strnchr)
    net_strncpy                              0x0800e855   Thumb Code    26  net_common.o(i.net_strncpy)
    net_strtoupper                           0x0800e86f   Thumb Code    32  net_common.o(i.net_strtoupper)
    net_sys_lock                             0x0800e891   Thumb Code     8  net_sys.o(i.net_sys_lock)
    net_sys_resume                           0x0800e89d   Thumb Code    22  net_sys.o(i.net_sys_resume)
    net_sys_tick                             0x0800e8b5   Thumb Code    16  net_sys.o(i.net_sys_tick)
    net_sys_unlock                           0x0800e8c9   Thumb Code     8  net_sys.o(i.net_sys_unlock)
    net_sys_wakeup                           0x0800e8d5   Thumb Code    26  net_sys.o(i.net_sys_wakeup)
    net_tcp_abort                            0x0800e8f5   Thumb Code   122  net_tcp.o(i.net_tcp_abort)
    net_tcp_close                            0x0800e979   Thumb Code   218  net_tcp.o(i.net_tcp_close)
    net_tcp_get_buf                          0x0800ea5d   Thumb Code    46  net_tcp.o(i.net_tcp_get_buf)
    net_tcp_get_local_port                   0x0800ea8d   Thumb Code    48  net_tcp.o(i.net_tcp_get_local_port)
    net_tcp_get_mss                          0x0800eac1   Thumb Code    34  net_tcp.o(i.net_tcp_get_mss)
    net_tcp_get_peer                         0x0800eae9   Thumb Code    80  net_tcp.o(i.net_tcp_get_peer)
    net_tcp_get_socket                       0x0800eb3d   Thumb Code   104  net_tcp.o(i.net_tcp_get_socket)
    net_tcp_get_state                        0x0800ebad   Thumb Code    40  net_tcp.o(i.net_tcp_get_state)
    net_tcp_get_timer                        0x0800ebd9   Thumb Code    48  net_tcp.o(i.net_tcp_get_timer)
    net_tcp_listen                           0x0800ec0d   Thumb Code   168  net_tcp.o(i.net_tcp_listen)
    net_tcp_process                          0x0800ecbd   Thumb Code  1956  net_tcp.o(i.net_tcp_process)
    net_tcp_send                             0x0800f465   Thumb Code   336  net_tcp.o(i.net_tcp_send)
    net_tcp_set_option                       0x0800f5c1   Thumb Code   288  net_tcp.o(i.net_tcp_set_option)
    net_tcp_socket_init                      0x0800f6ed   Thumb Code    30  net_tcp.o(i.net_tcp_socket_init)
    net_tcp_socket_run                       0x0800f715   Thumb Code   938  net_tcp.o(i.net_tcp_socket_run)
    net_udp_get_buf                          0x0800fad5   Thumb Code    46  net_udp.o(i.net_udp_get_buf)
    net_udp_get_socket                       0x0800fb05   Thumb Code   102  net_udp.o(i.net_udp_get_socket)
    net_udp_open                             0x0800fb75   Thumb Code   160  net_udp.o(i.net_udp_open)
    net_udp_process                          0x0800fc21   Thumb Code   322  net_udp.o(i.net_udp_process)
    net_udp_send_if                          0x0800fd79   Thumb Code   540  net_udp.o(i.net_udp_send_if)
    net_udp_socket_init                      0x0800ffa5   Thumb Code    30  net_udp.o(i.net_udp_socket_init)
    net_ultoa                                0x0800ffc9   Thumb Code     8  net_common.o(i.net_ultoa)
    net_ultox                                0x0800ffd1   Thumb Code    44  net_common.o(i.net_ultox)
    net_xtoul                                0x08010001   Thumb Code    76  net_common.o(i.net_xtoul)
    app_main_attr                            0x08010b58   Data          36  http_server.o(.constdata)
    imageLastModified                        0x08010b7c   Data           4  web.o(.constdata)
    osRtxUserSVC                             0x080171e4   Data           4  rtx_lib.o(.constdata)
    Driver_ETH_PHY0                          0x080171ec   Data          32  phy_lan8742a.o(.constdata)
    Driver_ETH_MAC0                          0x0801725c   Data          68  emac_stm32f4xx.o(.constdata)
    EventRecorderInfo                        0x080172a0   Data          24  eventrecorder.o(.constdata)
    AHBPrescTable                            0x080172b8   Data          16  system_stm32f4xx.o(.constdata)
    APBPrescTable                            0x080172c8   Data           8  system_stm32f4xx.o(.constdata)
    net_sys_config                           0x08017378   Data          28  net_config.o(.constdata)
    net_eth0_if_config                       0x080173dc   Data          44  net_config.o(.constdata)
    net_eth_list                             0x08017408   Data           8  net_config.o(.constdata)
    net_if_list_lan                          0x08017410   Data           8  net_config.o(.constdata)
    net_if_list_all                          0x08017418   Data           8  net_config.o(.constdata)
    net_if_inet_def                          0x08017420   Data           8  net_config.o(.constdata)
    net_if_link_def                          0x08017428   Data           8  net_config.o(.constdata)
    net_arp_list                             0x08017430   Data           8  net_config.o(.constdata)
    net_icmp_list                            0x08017438   Data           8  net_config.o(.constdata)
    net_icmp6_list                           0x08017440   Data           4  net_config.o(.constdata)
    net_ip4_frag_config                      0x08017444   Data           8  net_config.o(.constdata)
    net_udp_config                           0x0801744c   Data          12  net_config.o(.constdata)
    net_tcp_config                           0x08017458   Data          24  net_config.o(.constdata)
    net_http_config                          0x08017470   Data          52  net_config.o(.constdata)
    netif_getopt_func                        0x080174ec   Data          16  net_config.o(.constdata)
    netif_setopt_func                        0x080174fc   Data          16  net_config.o(.constdata)
    net_loop_if_config                       0x0801750c   Data          44  net_loopback.o(.constdata)
    net_http_auth_basic_func                 0x08017648   Data          24  net_http_server_auth.o(.constdata)
    net_ping_payload                         0x08017660   Data          18  net_ping_core.o(.constdata)
    net_addr_unspec                          0x08017672   Data          16  net_addr.o(.constdata)
    net_addr_bcast                           0x08017682   Data           6  net_addr.o(.constdata)
    net_addr4_loopback                       0x08017688   Data           4  net_ip4.o(.constdata)
    net_addr6_all_nodes                      0x0801768c   Data          16  net_ip6.o(.constdata)
    net_addr6_loopback                       0x0801769c   Data          16  net_ip6.o(.constdata)
    net_http_error                           0x080176ac   Data          24  net_http_server_err.o(.constdata)
    net_lib_version                          0x08017764   Data           4  net_version.o(.constdata)
    network_ip4ip6_debug_v7.15.0             0x08017764   Data           4  net_version.o(.constdata)
    osRtxConfig                              0x08017b34   Data         112  rtx_lib.o(.rodata)
    os_cb_sections                           0x08017ba4   Data          56  rtx_lib.o(.rodata)
    Region$$Table$$Base                      0x08017bdc   Number         0  anon$$obj.o(Region$$Table)
    Region$$Table$$Limit                     0x08017c0c   Number         0  anon$$obj.o(Region$$Table)
    .bss.os.msgqueue.cb$$Base                0x20008044   Number         0  rtx_lib.o(.bss.os.msgqueue.cb)
    .bss.os.msgqueue.cb$$Limit               0x20008078   Number         0  rtx_lib.o(.bss.os.msgqueue.cb)
    .bss.os.mutex.cb$$Base                   0x200080c8   Number         0  net_config.o(.bss.os.mutex.cb)
    .bss.os.mutex.cb$$Limit                  0x20008100   Number         0  net_config.o(.bss.os.mutex.cb)
    .bss.os.semaphore.cb$$Base               0x20008100   Number         0  net_config.o(.bss.os.semaphore.cb)
    .bss.os.semaphore.cb$$Limit              0x20008110   Number         0  net_config.o(.bss.os.semaphore.cb)
    .bss.os.thread.cb$$Base                  0x20008110   Number         0  rtx_lib.o(.bss.os.thread.cb)
    .bss.os.thread.cb$$Limit                 0x20008220   Number         0  net_config.o(.bss.os.thread.cb)
    .bss.os.timer.cb$$Base                   0x20008620   Number         0  net_config.o(.bss.os.timer.cb)
    .bss.os.timer.cb$$Limit                  0x20008640   Number         0  net_config.o(.bss.os.timer.cb)
    uwTickFreq                               0x2000864c   Data           1  stm32f4xx_hal.o(.data)
    uwTickPrio                               0x20008650   Data           4  stm32f4xx_hal.o(.data)
    uwTick                                   0x20008654   Data           4  stm32f4xx_hal.o(.data)
    SystemCoreClock                          0x20008658   Data           4  system_stm32f4xx.o(.data)
    net_eth0_icmp_control                    0x20008674   Data           1  net_icmp.o(.data)
    osRtxInfo                                0x20008698   Data         164  rtx_kernel.o(.data.os)
    app_main_stk                             0x20008740   Data        1024  http_server.o(.bss)
    net_eth0_if_control                      0x2000ec00   Data         160  net_eth.o(.bss)
    net_eth0_arp_control                     0x2000eca0   Data          24  net_arp.o(.bss)
    net_http_control                         0x2000ed58   Data          20  net_http_server.o(.bss)
    net_ping_control                         0x2000ed6c   Data          44  net_ping_core.o(.bss)
    net_sys_control                          0x2000eda8   Data          28  net_sys.o(.bss)
    net_dbg_buf                              0x2000edd0   Data          36  net_sys.o(.bss)
    __initial_sp                             0x2000f268   Data           0  startup_stm32f429xx.o(STACK)



==============================================================================

Memory Map of the image

  Image Entry point : 0x080001ad

  Load Region LR_IROM1 (Base: 0x08000000, Size: 0x00020348, Max: 0x00200000, ABSOLUTE, COMPRESSED[0x00017d30])

    Execution Region ER_IROM1 (Exec base: 0x08000000, Load base: 0x08000000, Size: 0x00017c0c, Max: 0x00200000, ABSOLUTE)

    Exec Addr    Load Addr    Size         Type   Attr      Idx    E Section Name        Object

    0x08000000   0x08000000   0x000001ac   Data   RO         1243    RESET               startup_stm32f429xx.o
    0x080001ac   0x080001ac   0x00000000   Code   RO         2347  * .ARM.Collect$$$$00000000  mc_w.l(entry.o)
    0x080001ac   0x080001ac   0x00000004   Code   RO         2633    .ARM.Collect$$$$00000001  mc_w.l(entry2.o)
    0x080001b0   0x080001b0   0x00000004   Code   RO         2636    .ARM.Collect$$$$00000004  mc_w.l(entry5.o)
    0x080001b4   0x080001b4   0x00000000   Code   RO         2638    .ARM.Collect$$$$00000008  mc_w.l(entry7b.o)
    0x080001b4   0x080001b4   0x00000000   Code   RO         2640    .ARM.Collect$$$$0000000A  mc_w.l(entry8b.o)
    0x080001b4   0x080001b4   0x00000008   Code   RO         2641    .ARM.Collect$$$$0000000B  mc_w.l(entry9a.o)
    0x080001bc   0x080001bc   0x00000004   Code   RO         2648    .ARM.Collect$$$$0000000E  mc_w.l(entry12b.o)
    0x080001c0   0x080001c0   0x00000000   Code   RO         2643    .ARM.Collect$$$$0000000F  mc_w.l(entry10a.o)
    0x080001c0   0x080001c0   0x00000000   Code   RO         2645    .ARM.Collect$$$$00000011  mc_w.l(entry11a.o)
    0x080001c0   0x080001c0   0x00000004   Code   RO         2634    .ARM.Collect$$$$00002712  mc_w.l(entry2.o)
    0x080001c4   0x080001c4   0x00000148   Code   RO          540    .emb_text           rtx_mempool.o
    0x0800030c   0x0800030c   0x00000148   Code   RO          571    .emb_text           rtx_msgqueue.o
    0x08000454   0x08000454   0x00000148   Code   RO          636    .emb_text           rtx_semaphore.o
    0x0800059c   0x0800059c   0x00000148   Code   RO          667    .emb_text           rtx_system.o
    0x080006e4   0x080006e4   0x00000148   Code   RO          701    .emb_text           rtx_thread.o
    0x0800082c   0x0800082c   0x00000074   Code   RO          886    .emb_text           eventrecorder.o
    0x080008a0   0x080008a0   0x00000114   Code   RO            4    .text               main.o
    0x080009b4   0x080009b4   0x00000010   Code   RO          135    .text               http_server.o
    0x080009c4   0x080009c4   0x00000678   Code   RO          180    .text               http_server_cgi.o
    0x0800103c   0x0800103c   0x00000078   Code   RO          203    .text               web.o
    0x080010b4   0x080010b4   0x00000094   Code   RO          279    .text               irq_armv7m.o
    0x08001148   0x08001148   0x00000104   Code   RO          287    .text               rtx_delay.o
    0x0800124c   0x0800124c   0x00000958   Code   RO          385    .text               rtx_evr.o
    0x08001ba4   0x08001ba4   0x000006cc   Code   RO          413    .text               rtx_kernel.o
    0x08002270   0x08002270   0x00000018   Code   RO          461    .text               rtx_lib.o
    0x08002288   0x08002288   0x00000124   Code   RO          510    .text               rtx_memory.o
    0x080023ac   0x080023ac   0x00000678   Code   RO          541    .text               rtx_mempool.o
    0x08002a24   0x08002a24   0x000009bc   Code   RO          572    .text               rtx_msgqueue.o
    0x080033e0   0x080033e0   0x00000558   Code   RO          606    .text               rtx_mutex.o
    0x08003938   0x08003938   0x00000450   Code   RO          637    .text               rtx_semaphore.o
    0x08003d88   0x08003d88   0x00000154   Code   RO          668    .text               rtx_system.o
    0x08003edc   0x08003edc   0x000011e4   Code   RO          702    .text               rtx_thread.o
    0x080050c0   0x080050c0   0x00000480   Code   RO          736    .text               rtx_timer.o
    0x08005540   0x08005540   0x000000c4   Code   RO          766    .text               os_systick.o
    0x08005604   0x08005604   0x00000004   Code   RO          792    .text               rtx_config.o
    0x08005608   0x08005608   0x000001ac   Code   RO          813    .text               phy_lan8742a.o
    0x080057b4   0x080057b4   0x000009e8   Code   RO          844    .text               emac_stm32f4xx.o
    0x0800619c   0x0800619c   0x00000538   Code   RO          887    .text               eventrecorder.o
    0x080066d4   0x080066d4   0x000001c8   Code   RO          921    .text               stm32f4xx_hal.o
    0x0800689c   0x0800689c   0x00000298   Code   RO          999    .text               stm32f4xx_hal_cortex.o
    0x08006b34   0x08006b34   0x00000364   Code   RO         1076    .text               stm32f4xx_hal_gpio.o
    0x08006e98   0x08006e98   0x00000760   Code   RO         1148    .text               stm32f4xx_hal_rcc.o
    0x080075f8   0x080075f8   0x00000024   Code   RO         1244    .text               startup_stm32f429xx.o
    0x0800761c   0x0800761c   0x000000a0   Code   RO         1251    .text               system_stm32f4xx.o
    0x080076bc   0x080076bc   0x00000178   Code   RO         1280    .text               net_config.o
    0x08007834   0x08007834   0x00000152   Code   RO         1367    .text               net_debug.o
    0x08007986   0x08007986   0x00000062   Code   RO         2350    .text               mc_w.l(uldiv.o)
    0x080079e8   0x080079e8   0x00000024   Code   RO         2352    .text               mc_w.l(memcpya.o)
    0x08007a0c   0x08007a0c   0x00000024   Code   RO         2354    .text               mc_w.l(memseta.o)
    0x08007a30   0x08007a30   0x0000000e   Code   RO         2356    .text               mc_w.l(strlen.o)
    0x08007a3e   0x08007a3e   0x0000001c   Code   RO         2358    .text               mc_w.l(strcmp.o)
    0x08007a5a   0x08007a5a   0x0000001a   Code   RO         2360    .text               mc_w.l(memcmp.o)
    0x08007a74   0x08007a74   0x00000012   Code   RO         2362    .text               mc_w.l(strcpy.o)
    0x08007a86   0x08007a86   0x0000001e   Code   RO         2364    .text               mc_w.l(strncmp.o)
    0x08007aa4   0x08007aa4   0x000000e4   Code   RO         2629    .text               mf_w.l(dmul.o)
    0x08007b88   0x08007b88   0x00000026   Code   RO         2631    .text               mf_w.l(f2d.o)
    0x08007bae   0x08007bae   0x0000002c   Code   RO         2652    .text               mc_w.l(uidiv.o)
    0x08007bda   0x08007bda   0x0000001e   Code   RO         2654    .text               mc_w.l(llshl.o)
    0x08007bf8   0x08007bf8   0x00000020   Code   RO         2656    .text               mc_w.l(llushr.o)
    0x08007c18   0x08007c18   0x00000000   Code   RO         2658    .text               mc_w.l(iusefp.o)
    0x08007c18   0x08007c18   0x000000ba   Code   RO         2659    .text               mf_w.l(depilogue.o)
    0x08007cd2   0x08007cd2   0x0000014e   Code   RO         2661    .text               mf_w.l(dadd.o)
    0x08007e20   0x08007e20   0x000000de   Code   RO         2663    .text               mf_w.l(ddiv.o)
    0x08007efe   0x08007efe   0x00000030   Code   RO         2665    .text               mf_w.l(dfixul.o)
    0x08007f2e   0x08007f2e   0x00000002   PAD
    0x08007f30   0x08007f30   0x00000030   Code   RO         2667    .text               mf_w.l(cdrcmple.o)
    0x08007f60   0x08007f60   0x00000024   Code   RO         2669    .text               mc_w.l(init.o)
    0x08007f84   0x08007f84   0x00000024   Code   RO         2672    .text               mc_w.l(llsshr.o)
    0x08007fa8   0x08007fa8   0x0000003a   Code   RO         2682    .text               mc_w.l(__dczerorl.o)
    0x08007fe2   0x08007fe2   0x00000002   PAD
    0x08007fe4   0x08007fe4   0x00000028   Code   RO         2603    i.__0sprintf        mc_w.l(printfa.o)
    0x0800800c   0x0800800c   0x0000000e   Code   RO         2676    i.__scatterload_copy  mc_w.l(handlers.o)
    0x0800801a   0x0800801a   0x00000002   Code   RO         2677    i.__scatterload_null  mc_w.l(handlers.o)
    0x0800801c   0x0800801c   0x0000000e   Code   RO         2678    i.__scatterload_zeroinit  mc_w.l(handlers.o)
    0x0800802a   0x0800802a   0x00000002   PAD
    0x0800802c   0x0800802c   0x00000184   Code   RO         2608    i._fp_digits        mc_w.l(printfa.o)
    0x080081b0   0x080081b0   0x000006b4   Code   RO         2609    i._printf_core      mc_w.l(printfa.o)
    0x08008864   0x08008864   0x00000024   Code   RO         2610    i._printf_post_padding  mc_w.l(printfa.o)
    0x08008888   0x08008888   0x0000002e   Code   RO         2611    i._printf_pre_padding  mc_w.l(printfa.o)
    0x080088b6   0x080088b6   0x0000000a   Code   RO         2613    i._sputc            mc_w.l(printfa.o)
    0x080088c0   0x080088c0   0x00000054   Code   RO         1773    i.add_server_id     Net_Dbg_CM3_L.lib(net_http_server.o)
    0x08008914   0x08008914   0x0000005c   Code   RO         1453    i.arp_cache_alloc   Net_Dbg_CM3_L.lib(net_arp.o)
    0x08008970   0x08008970   0x00000170   Code   RO         1454    i.arp_cache_run     Net_Dbg_CM3_L.lib(net_arp.o)
    0x08008ae0   0x08008ae0   0x00000038   Code   RO         1455    i.arp_is_cacheable  Net_Dbg_CM3_L.lib(net_arp.o)
    0x08008b18   0x08008b18   0x00000088   Code   RO         1456    i.arp_probe_run     Net_Dbg_CM3_L.lib(net_arp.o)
    0x08008ba0   0x08008ba0   0x000000d8   Code   RO         1458    i.arp_proc_response  Net_Dbg_CM3_L.lib(net_arp.o)
    0x08008c78   0x08008c78   0x0000001a   Code   RO         1459    i.arp_que_free      Net_Dbg_CM3_L.lib(net_arp.o)
    0x08008c92   0x08008c92   0x00000002   PAD
    0x08008c94   0x08008c94   0x000000a0   Code   RO         1460    i.arp_send_reply    Net_Dbg_CM3_L.lib(net_arp.o)
    0x08008d34   0x08008d34   0x000000d0   Code   RO         1461    i.arp_send_request  Net_Dbg_CM3_L.lib(net_arp.o)
    0x08008e04   0x08008e04   0x00000068   Code   RO         1462    i.arp_sender_valid  Net_Dbg_CM3_L.lib(net_arp.o)
    0x08008e6c   0x08008e6c   0x0000018c   Code   RO         1774    i.chk_post_req      Net_Dbg_CM3_L.lib(net_http_server.o)
    0x08008ff8   0x08008ff8   0x00000028   Code   RO         2261    i.crc32_8bit        Net_Dbg_CM3_L.lib(net_common.o)
    0x08009020   0x08009020   0x0000009a   Code   RO         1397    i.eth_check_link    Net_Dbg_CM3_L.lib(net_eth.o)
    0x080090ba   0x080090ba   0x00000002   PAD
    0x080090bc   0x080090bc   0x00000020   Code   RO         1398    i.eth_if_map        Net_Dbg_CM3_L.lib(net_eth.o)
    0x080090dc   0x080090dc   0x00000304   Code   RO         1399    i.eth_iface_init    Net_Dbg_CM3_L.lib(net_eth.o)
    0x080093e0   0x080093e0   0x00000290   Code   RO         1400    i.eth_iface_run     Net_Dbg_CM3_L.lib(net_eth.o)
    0x08009670   0x08009670   0x00000008   Code   RO         1402    i.eth_lock          Net_Dbg_CM3_L.lib(net_eth.o)
    0x08009678   0x08009678   0x0000001c   Code   RO         1403    i.eth_mtu_limit     Net_Dbg_CM3_L.lib(net_eth.o)
    0x08009694   0x08009694   0x00000048   Code   RO         1404    i.eth_opt_len       Net_Dbg_CM3_L.lib(net_eth.o)
    0x080096dc   0x080096dc   0x00000088   Code   RO         1405    i.eth_receive       Net_Dbg_CM3_L.lib(net_eth.o)
    0x08009764   0x08009764   0x00000008   Code   RO         1406    i.eth_unlock        Net_Dbg_CM3_L.lib(net_eth.o)
    0x0800976c   0x0800976c   0x0000007c   Code   RO         1537    i.frag_map_session  Net_Dbg_CM3_L.lib(net_ip4_frag.o)
    0x080097e8   0x080097e8   0x00000028   Code   RO         1775    i.get_next_field    Net_Dbg_CM3_L.lib(net_http_server.o)
    0x08009810   0x08009810   0x00000032   Code   RO         1776    i.get_next_par      Net_Dbg_CM3_L.lib(net_http_server.o)
    0x08009842   0x08009842   0x00000022   Code   RO         1777    i.hex2byte          Net_Dbg_CM3_L.lib(net_http_server.o)
    0x08009864   0x08009864   0x0000036c   Code   RO         1778    i.http_add_header   Net_Dbg_CM3_L.lib(net_http_server.o)
    0x08009bd0   0x08009bd0   0x00000050   Code   RO         1898    i.http_auth_basic_add  Net_Dbg_CM3_L.lib(net_http_server_auth.o)
    0x08009c20   0x08009c20   0x00000090   Code   RO         1899    i.http_auth_basic_parse  Net_Dbg_CM3_L.lib(net_http_server_auth.o)
    0x08009cb0   0x08009cb0   0x00000002   Code   RO         1905    i.http_auth_dummy   Net_Dbg_CM3_L.lib(net_http_server_auth.o)
    0x08009cb2   0x08009cb2   0x00000002   PAD
    0x08009cb4   0x08009cb4   0x00000024   Code   RO         1906    i.http_auth_init    Net_Dbg_CM3_L.lib(net_http_server_auth.o)
    0x08009cd8   0x08009cd8   0x000001cc   Code   RO         1779    i.http_error_msg    Net_Dbg_CM3_L.lib(net_http_server.o)
    0x08009ea4   0x08009ea4   0x00000078   Code   RO         1780    i.http_get_ftype    Net_Dbg_CM3_L.lib(net_http_server.o)
    0x08009f1c   0x08009f1c   0x0000005e   Code   RO         1781    i.http_kill_session  Net_Dbg_CM3_L.lib(net_http_server.o)
    0x08009f7a   0x08009f7a   0x00000002   PAD
    0x08009f7c   0x08009f7c   0x000002a8   Code   RO         1782    i.http_listener     Net_Dbg_CM3_L.lib(net_http_server.o)
    0x0800a224   0x0800a224   0x00000184   Code   RO         1783    i.http_open_file    Net_Dbg_CM3_L.lib(net_http_server.o)
    0x0800a3a8   0x0800a3a8   0x0000011c   Code   RO         1784    i.http_parse_header  Net_Dbg_CM3_L.lib(net_http_server.o)
    0x0800a4c4   0x0800a4c4   0x000001a8   Code   RO         1785    i.http_proc_multipart  Net_Dbg_CM3_L.lib(net_http_server.o)
    0x0800a66c   0x0800a66c   0x00000138   Code   RO         1786    i.http_proc_post    Net_Dbg_CM3_L.lib(net_http_server.o)
    0x0800a7a4   0x0800a7a4   0x00000468   Code   RO         1787    i.http_server_run   Net_Dbg_CM3_L.lib(net_http_server.o)
    0x0800ac0c   0x0800ac0c   0x00000060   Code   RO         1788    i.http_server_start  Net_Dbg_CM3_L.lib(net_http_server.o)
    0x0800ac6c   0x0800ac6c   0x00000020   Code   RO         1790    i.http_strcpy       Net_Dbg_CM3_L.lib(net_http_server.o)
    0x0800ac8c   0x0800ac8c   0x000000ac   Code   RO         1791    i.http_to_utc       Net_Dbg_CM3_L.lib(net_http_server.o)
    0x0800ad38   0x0800ad38   0x0000001a   Code   RO         2262    i.i2str             Net_Dbg_CM3_L.lib(net_common.o)
    0x0800ad52   0x0800ad52   0x0000000c   Code   RO         2139    i.ip4_get_chksum    Net_Dbg_CM3_L.lib(net_ip4.o)
    0x0800ad5e   0x0800ad5e   0x00000028   Code   RO         2140    i.ip4_get_mtu       Net_Dbg_CM3_L.lib(net_ip4.o)
    0x0800ad86   0x0800ad86   0x00000040   Code   RO         2002    i.ip4_ntoa          Net_Dbg_CM3_L.lib(net_addr.o)
    0x0800adc6   0x0800adc6   0x00000002   PAD
    0x0800adc8   0x0800adc8   0x000000ca   Code   RO         2003    i.ip6_ntoa          Net_Dbg_CM3_L.lib(net_addr.o)
    0x0800ae92   0x0800ae92   0x00000002   PAD
    0x0800ae94   0x0800ae94   0x0000000c   Code   RO         2238    i.mem_lock          Net_Dbg_CM3_L.lib(net_mem.o)
    0x0800aea0   0x0800aea0   0x0000000c   Code   RO         2239    i.mem_unlock        Net_Dbg_CM3_L.lib(net_mem.o)
    0x0800aeac   0x0800aeac   0x000001a4   Code   RO         1759    i.nbns_listener     Net_Dbg_CM3_L.lib(net_nbns_client.o)
    0x0800b050   0x0800b050   0x00000120   Code   RO         2069    i.ndp_cache_add     Net_Dbg_CM3_L.lib(net_ndp.o)
    0x0800b170   0x0800b170   0x00000072   Code   RO         2070    i.ndp_cache_alloc   Net_Dbg_CM3_L.lib(net_ndp.o)
    0x0800b1e2   0x0800b1e2   0x00000002   PAD
    0x0800b1e4   0x0800b1e4   0x00000078   Code   RO         2071    i.ndp_cache_delete  Net_Dbg_CM3_L.lib(net_ndp.o)
    0x0800b25c   0x0800b25c   0x0000002c   Code   RO         2073    i.ndp_check_frame   Net_Dbg_CM3_L.lib(net_ndp.o)
    0x0800b288   0x0800b288   0x00000012   Code   RO         2074    i.ndp_next_opt      Net_Dbg_CM3_L.lib(net_ndp.o)
    0x0800b29a   0x0800b29a   0x00000002   PAD
    0x0800b29c   0x0800b29c   0x000000e4   Code   RO         2075    i.ndp_prefix_add    Net_Dbg_CM3_L.lib(net_ndp.o)
    0x0800b380   0x0800b380   0x000000fc   Code   RO         2078    i.ndp_proc_response  Net_Dbg_CM3_L.lib(net_ndp.o)
    0x0800b47c   0x0800b47c   0x0000001a   Code   RO         2079    i.ndp_que_free      Net_Dbg_CM3_L.lib(net_ndp.o)
    0x0800b496   0x0800b496   0x00000002   PAD
    0x0800b498   0x0800b498   0x00000038   Code   RO         2080    i.ndp_router_remove  Net_Dbg_CM3_L.lib(net_ndp.o)
    0x0800b4d0   0x0800b4d0   0x0000009c   Code   RO         2081    i.ndp_send_reply    Net_Dbg_CM3_L.lib(net_ndp.o)
    0x0800b56c   0x0800b56c   0x000000bc   Code   RO         2082    i.ndp_send_request  Net_Dbg_CM3_L.lib(net_ndp.o)
    0x0800b628   0x0800b628   0x00000004   Code   RO         1792    i.netCGI_Charset    Net_Dbg_CM3_L.lib(net_http_server.o)
    0x0800b62c   0x0800b62c   0x00000004   Code   RO         1793    i.netCGI_ContentType  Net_Dbg_CM3_L.lib(net_http_server.o)
    0x0800b630   0x0800b630   0x00000004   Code   RO         1794    i.netCGI_CustomHeader  Net_Dbg_CM3_L.lib(net_http_server.o)
    0x0800b634   0x0800b634   0x0000006c   Code   RO         1795    i.netCGI_GetEnvVar  Net_Dbg_CM3_L.lib(net_http_server.o)
    0x0800b6a0   0x0800b6a0   0x00000004   Code   RO         1798    i.netCGI_Redirect   Net_Dbg_CM3_L.lib(net_http_server.o)
    0x0800b6a4   0x0800b6a4   0x00000004   Code   RO         1800    i.netCGX_ContentType  Net_Dbg_CM3_L.lib(net_http_server.o)
    0x0800b6a8   0x0800b6a8   0x00000064   Code   RO         1952    i.netCore_Thread    Net_Dbg_CM3_L.lib(net_sys.o)
    0x0800b70c   0x0800b70c   0x00000002   Code   RO         1407    i.netETH_Notify     Net_Dbg_CM3_L.lib(net_eth.o)
    0x0800b70e   0x0800b70e   0x00000002   Code   RO         1408    i.netETH_ReceiveRaw  Net_Dbg_CM3_L.lib(net_eth.o)
    0x0800b710   0x0800b710   0x00000072   Code   RO         1410    i.netETH_Thread     Net_Dbg_CM3_L.lib(net_eth.o)
    0x0800b782   0x0800b782   0x00000004   Code   RO         1801    i.netHTTPs_AcceptClient  Net_Dbg_CM3_L.lib(net_http_server.o)
    0x0800b786   0x0800b786   0x00000004   Code   RO         1907    i.netHTTPs_CheckAccount  Net_Dbg_CM3_L.lib(net_http_server_auth.o)
    0x0800b78a   0x0800b78a   0x00000004   Code   RO         1803    i.netHTTPs_FileAccess  Net_Dbg_CM3_L.lib(net_http_server.o)
    0x0800b78e   0x0800b78e   0x00000002   PAD
    0x0800b790   0x0800b790   0x00000020   Code   RO         1806    i.netHTTPs_GetLanguage  Net_Dbg_CM3_L.lib(net_http_server.o)
    0x0800b7b0   0x0800b7b0   0x0000000c   Code   RO         1807    i.netHTTPs_GetPassword  Net_Dbg_CM3_L.lib(net_http_server.o)
    0x0800b7bc   0x0800b7bc   0x0000000c   Code   RO         1813    i.netHTTPs_LoginActive  Net_Dbg_CM3_L.lib(net_http_server.o)
    0x0800b7c8   0x0800b7c8   0x00000058   Code   RO         1816    i.netHTTPs_SetPassword  Net_Dbg_CM3_L.lib(net_http_server.o)
    0x0800b820   0x0800b820   0x00000088   Code   RO         1953    i.netIF_GetOption   Net_Dbg_CM3_L.lib(net_sys.o)
    0x0800b8a8   0x0800b8a8   0x00000084   Code   RO         1955    i.netIF_SetOption   Net_Dbg_CM3_L.lib(net_sys.o)
    0x0800b92c   0x0800b92c   0x0000001a   Code   RO         2005    i.netIP_aton        Net_Dbg_CM3_L.lib(net_addr.o)
    0x0800b946   0x0800b946   0x00000032   Code   RO         2006    i.netIP_ntoa        Net_Dbg_CM3_L.lib(net_addr.o)
    0x0800b978   0x0800b978   0x000000ac   Code   RO         1956    i.netInitialize     Net_Dbg_CM3_L.lib(net_sys.o)
    0x0800ba24   0x0800ba24   0x0000008c   Code   RO         2007    i.netMAC_aton       Net_Dbg_CM3_L.lib(net_addr.o)
    0x0800bab0   0x0800bab0   0x00000004   Code   RO         1640    i.netTCP_GetLocalPort  Net_Dbg_CM3_L.lib(net_tcp.o)
    0x0800bab4   0x0800bab4   0x00000020   Code   RO         1642    i.netTCP_GetPeer    Net_Dbg_CM3_L.lib(net_tcp.o)
    0x0800bad4   0x0800bad4   0x00000004   Code   RO         1644    i.netTCP_GetState   Net_Dbg_CM3_L.lib(net_tcp.o)
    0x0800bad8   0x0800bad8   0x00000004   Code   RO         1645    i.netTCP_GetTimer   Net_Dbg_CM3_L.lib(net_tcp.o)
    0x0800badc   0x0800badc   0x0000007c   Code   RO         2009    i.net_addr4_aton    Net_Dbg_CM3_L.lib(net_addr.o)
    0x0800bb58   0x0800bb58   0x0000001e   Code   RO         2011    i.net_addr4_to_mac  Net_Dbg_CM3_L.lib(net_addr.o)
    0x0800bb76   0x0800bb76   0x00000002   PAD
    0x0800bb78   0x0800bb78   0x000000e6   Code   RO         2012    i.net_addr6_aton    Net_Dbg_CM3_L.lib(net_addr.o)
    0x0800bc5e   0x0800bc5e   0x00000028   Code   RO         2013    i.net_addr6_comp    Net_Dbg_CM3_L.lib(net_addr.o)
    0x0800bc86   0x0800bc86   0x00000012   Code   RO         2014    i.net_addr6_copy    Net_Dbg_CM3_L.lib(net_addr.o)
    0x0800bc98   0x0800bc98   0x0000004c   Code   RO         2015    i.net_addr6_create  Net_Dbg_CM3_L.lib(net_addr.o)
    0x0800bce4   0x0800bce4   0x00000028   Code   RO         2016    i.net_addr6_get_solicited  Net_Dbg_CM3_L.lib(net_addr.o)
    0x0800bd0c   0x0800bd0c   0x00000018   Code   RO         2017    i.net_addr6_is_linklocal  Net_Dbg_CM3_L.lib(net_addr.o)
    0x0800bd24   0x0800bd24   0x0000006e   Code   RO         2018    i.net_addr6_is_onlink  Net_Dbg_CM3_L.lib(net_addr.o)
    0x0800bd92   0x0800bd92   0x00000048   Code   RO         2019    i.net_addr6_is_solicited  Net_Dbg_CM3_L.lib(net_addr.o)
    0x0800bdda   0x0800bdda   0x00000018   Code   RO         2020    i.net_addr6_is_unspec  Net_Dbg_CM3_L.lib(net_addr.o)
    0x0800bdf2   0x0800bdf2   0x0000000e   Code   RO         2022    i.net_addr6_to_mac  Net_Dbg_CM3_L.lib(net_addr.o)
    0x0800be00   0x0800be00   0x00000026   Code   RO         2024    i.net_addr_copy     Net_Dbg_CM3_L.lib(net_addr.o)
    0x0800be26   0x0800be26   0x0000001a   Code   RO         2025    i.net_addr_find_route  Net_Dbg_CM3_L.lib(net_addr.o)
    0x0800be40   0x0800be40   0x00000020   Code   RO         2027    i.net_addr_get_local  Net_Dbg_CM3_L.lib(net_addr.o)
    0x0800be60   0x0800be60   0x00000022   Code   RO         2028    i.net_addr_is_unspec  Net_Dbg_CM3_L.lib(net_addr.o)
    0x0800be82   0x0800be82   0x00000002   PAD
    0x0800be84   0x0800be84   0x0000011c   Code   RO         1470    i.net_arp_cache_add  Net_Dbg_CM3_L.lib(net_arp.o)
    0x0800bfa0   0x0800bfa0   0x000000bc   Code   RO         1471    i.net_arp_cache_early  Net_Dbg_CM3_L.lib(net_arp.o)
    0x0800c05c   0x0800c05c   0x000000ec   Code   RO         1472    i.net_arp_cache_find  Net_Dbg_CM3_L.lib(net_arp.o)
    0x0800c148   0x0800c148   0x00000048   Code   RO         1473    i.net_arp_cache_init  Net_Dbg_CM3_L.lib(net_arp.o)
    0x0800c190   0x0800c190   0x0000001c   Code   RO         1474    i.net_arp_cache_run  Net_Dbg_CM3_L.lib(net_arp.o)
    0x0800c1ac   0x0800c1ac   0x00000078   Code   RO         1476    i.net_arp_enqueue   Net_Dbg_CM3_L.lib(net_arp.o)
    0x0800c224   0x0800c224   0x00000020   Code   RO         1478    i.net_arp_notify    Net_Dbg_CM3_L.lib(net_arp.o)
    0x0800c244   0x0800c244   0x00000224   Code   RO         1480    i.net_arp_process   Net_Dbg_CM3_L.lib(net_arp.o)
    0x0800c468   0x0800c468   0x00000042   Code   RO         2263    i.net_atoi          Net_Dbg_CM3_L.lib(net_common.o)
    0x0800c4aa   0x0800c4aa   0x00000002   PAD
    0x0800c4ac   0x0800c4ac   0x00000078   Code   RO         2329    i.net_base64_decode  Net_Dbg_CM3_L.lib(net_base64.o)
    0x0800c524   0x0800c524   0x00000030   Code   RO         2265    i.net_chksum_buf    Net_Dbg_CM3_L.lib(net_common.o)
    0x0800c554   0x0800c554   0x0000001e   Code   RO         2266    i.net_crc_buf       Net_Dbg_CM3_L.lib(net_common.o)
    0x0800c572   0x0800c572   0x0000000e   Code   RO         1411    i.net_eth_callback  Net_Dbg_CM3_L.lib(net_eth.o)
    0x0800c580   0x0800c580   0x00000068   Code   RO         1412    i.net_eth_config_mcast  Net_Dbg_CM3_L.lib(net_eth.o)
    0x0800c5e8   0x0800c5e8   0x000000ea   Code   RO         1414    i.net_eth_get_option  Net_Dbg_CM3_L.lib(net_eth.o)
    0x0800c6d2   0x0800c6d2   0x00000002   PAD
    0x0800c6d4   0x0800c6d4   0x0000001c   Code   RO         1415    i.net_eth_iface_init  Net_Dbg_CM3_L.lib(net_eth.o)
    0x0800c6f0   0x0800c6f0   0x0000001c   Code   RO         1416    i.net_eth_iface_run  Net_Dbg_CM3_L.lib(net_eth.o)
    0x0800c70c   0x0800c70c   0x000000a8   Code   RO         1418    i.net_eth_output    Net_Dbg_CM3_L.lib(net_eth.o)
    0x0800c7b4   0x0800c7b4   0x000001e0   Code   RO         1419    i.net_eth_send_frame  Net_Dbg_CM3_L.lib(net_eth.o)
    0x0800c994   0x0800c994   0x00000270   Code   RO         1420    i.net_eth_set_option  Net_Dbg_CM3_L.lib(net_eth.o)
    0x0800cc04   0x0800cc04   0x000000e8   Code   RO         1822    i.net_http_server_init  Net_Dbg_CM3_L.lib(net_http_server.o)
    0x0800ccec   0x0800ccec   0x00000028   Code   RO         1823    i.net_http_server_run  Net_Dbg_CM3_L.lib(net_http_server.o)
    0x0800cd14   0x0800cd14   0x00000018   Code   RO         2211    i.net_icmp6_init    Net_Dbg_CM3_L.lib(net_icmp6.o)
    0x0800cd2c   0x0800cd2c   0x00000238   Code   RO         2212    i.net_icmp6_process  Net_Dbg_CM3_L.lib(net_icmp6.o)
    0x0800cf64   0x0800cf64   0x00000084   Code   RO         2213    i.net_icmp6_send    Net_Dbg_CM3_L.lib(net_icmp6.o)
    0x0800cfe8   0x0800cfe8   0x00000058   Code   RO         2214    i.net_icmp6_send_echo  Net_Dbg_CM3_L.lib(net_icmp6.o)
    0x0800d040   0x0800d040   0x00000018   Code   RO         1559    i.net_icmp_init     Net_Dbg_CM3_L.lib(net_icmp.o)
    0x0800d058   0x0800d058   0x000001c8   Code   RO         1560    i.net_icmp_process  Net_Dbg_CM3_L.lib(net_icmp.o)
    0x0800d220   0x0800d220   0x000000a0   Code   RO         1561    i.net_icmp_send_echo  Net_Dbg_CM3_L.lib(net_icmp.o)
    0x0800d2c0   0x0800d2c0   0x0000000c   Code   RO         1960    i.net_if_map_all    Net_Dbg_CM3_L.lib(net_sys.o)
    0x0800d2cc   0x0800d2cc   0x0000018c   Code   RO         2141    i.net_ip4_chk_frame  Net_Dbg_CM3_L.lib(net_ip4.o)
    0x0800d458   0x0800d458   0x0000002c   Code   RO         2142    i.net_ip4_chksum    Net_Dbg_CM3_L.lib(net_ip4.o)
    0x0800d484   0x0800d484   0x00000006   Code   RO         2143    i.net_ip4_chksum_buf  Net_Dbg_CM3_L.lib(net_ip4.o)
    0x0800d48a   0x0800d48a   0x00000002   PAD
    0x0800d48c   0x0800d48c   0x00000080   Code   RO         2145    i.net_ip4_find_route  Net_Dbg_CM3_L.lib(net_ip4.o)
    0x0800d50c   0x0800d50c   0x00000124   Code   RO         1538    i.net_ip4_frag_add  Net_Dbg_CM3_L.lib(net_ip4_frag.o)
    0x0800d630   0x0800d630   0x000000ac   Code   RO         1539    i.net_ip4_frag_get  Net_Dbg_CM3_L.lib(net_ip4_frag.o)
    0x0800d6dc   0x0800d6dc   0x00000010   Code   RO         1540    i.net_ip4_frag_init  Net_Dbg_CM3_L.lib(net_ip4_frag.o)
    0x0800d6ec   0x0800d6ec   0x0000003c   Code   RO         1541    i.net_ip4_frag_run  Net_Dbg_CM3_L.lib(net_ip4_frag.o)
    0x0800d728   0x0800d728   0x0000002c   Code   RO         2146    i.net_ip4_get_local  Net_Dbg_CM3_L.lib(net_ip4.o)
    0x0800d754   0x0800d754   0x00000024   Code   RO         2147    i.net_ip4_init      Net_Dbg_CM3_L.lib(net_ip4.o)
    0x0800d778   0x0800d778   0x00000020   Code   RO         2148    i.net_ip4_is_onlink  Net_Dbg_CM3_L.lib(net_ip4.o)
    0x0800d798   0x0800d798   0x00000026   Code   RO         2149    i.net_ip4_is_subcast  Net_Dbg_CM3_L.lib(net_ip4.o)
    0x0800d7be   0x0800d7be   0x0000000e   Code   RO         2150    i.net_ip4_reass_frame  Net_Dbg_CM3_L.lib(net_ip4.o)
    0x0800d7cc   0x0800d7cc   0x00000164   Code   RO         2151    i.net_ip4_send_frame  Net_Dbg_CM3_L.lib(net_ip4.o)
    0x0800d930   0x0800d930   0x0000002a   Code   RO         2153    i.net_ip4_tx_offl_hl  Net_Dbg_CM3_L.lib(net_ip4.o)
    0x0800d95a   0x0800d95a   0x00000002   PAD
    0x0800d95c   0x0800d95c   0x00000100   Code   RO         2179    i.net_ip6_chk_frame  Net_Dbg_CM3_L.lib(net_ip6.o)
    0x0800da5c   0x0800da5c   0x00000032   Code   RO         2180    i.net_ip6_chksum    Net_Dbg_CM3_L.lib(net_ip6.o)
    0x0800da8e   0x0800da8e   0x00000002   PAD
    0x0800da90   0x0800da90   0x0000007c   Code   RO         2181    i.net_ip6_collect_mcast  Net_Dbg_CM3_L.lib(net_ip6.o)
    0x0800db0c   0x0800db0c   0x00000048   Code   RO         2183    i.net_ip6_find_route  Net_Dbg_CM3_L.lib(net_ip6.o)
    0x0800db54   0x0800db54   0x00000054   Code   RO         2184    i.net_ip6_get_local  Net_Dbg_CM3_L.lib(net_ip6.o)
    0x0800dba8   0x0800dba8   0x0000001c   Code   RO         2185    i.net_ip6_init      Net_Dbg_CM3_L.lib(net_ip6.o)
    0x0800dbc4   0x0800dbc4   0x000000cc   Code   RO         2186    i.net_ip6_send_frame  Net_Dbg_CM3_L.lib(net_ip6.o)
    0x0800dc90   0x0800dc90   0x0000001e   Code   RO         2188    i.net_ip6_tx_offl_hl  Net_Dbg_CM3_L.lib(net_ip6.o)
    0x0800dcae   0x0800dcae   0x00000008   Code   RO         2267    i.net_itoa          Net_Dbg_CM3_L.lib(net_common.o)
    0x0800dcb6   0x0800dcb6   0x00000006   Code   RO         2269    i.net_itoa_n0       Net_Dbg_CM3_L.lib(net_common.o)
    0x0800dcbc   0x0800dcbc   0x00000030   Code   RO         1520    i.net_loop_iface_init  Net_Dbg_CM3_L.lib(net_loopback.o)
    0x0800dcec   0x0800dcec   0x000000bc   Code   RO         1521    i.net_loop_iface_run  Net_Dbg_CM3_L.lib(net_loopback.o)
    0x0800dda8   0x0800dda8   0x00000070   Code   RO         1523    i.net_loop_send_frame  Net_Dbg_CM3_L.lib(net_loopback.o)
    0x0800de18   0x0800de18   0x000000c0   Code   RO         2240    i.net_mem_alloc     Net_Dbg_CM3_L.lib(net_mem.o)
    0x0800ded8   0x0800ded8   0x0000001c   Code   RO         2241    i.net_mem_avail     Net_Dbg_CM3_L.lib(net_mem.o)
    0x0800def4   0x0800def4   0x000000a4   Code   RO         2242    i.net_mem_free      Net_Dbg_CM3_L.lib(net_mem.o)
    0x0800df98   0x0800df98   0x00000070   Code   RO         2243    i.net_mem_init      Net_Dbg_CM3_L.lib(net_mem.o)
    0x0800e008   0x0800e008   0x00000048   Code   RO         2244    i.net_mem_shrink    Net_Dbg_CM3_L.lib(net_mem.o)
    0x0800e050   0x0800e050   0x00000064   Code   RO         1760    i.net_nbns_client_init  Net_Dbg_CM3_L.lib(net_nbns_client.o)
    0x0800e0b4   0x0800e0b4   0x000001c4   Code   RO         2090    i.net_ndp_cache_find  Net_Dbg_CM3_L.lib(net_ndp.o)
    0x0800e278   0x0800e278   0x00000078   Code   RO         2093    i.net_ndp_cache_refresh  Net_Dbg_CM3_L.lib(net_ndp.o)
    0x0800e2f0   0x0800e2f0   0x00000070   Code   RO         2096    i.net_ndp_enqueue   Net_Dbg_CM3_L.lib(net_ndp.o)
    0x0800e360   0x0800e360   0x00000374   Code   RO         2098    i.net_ndp_process   Net_Dbg_CM3_L.lib(net_ndp.o)
    0x0800e6d4   0x0800e6d4   0x00000038   Code   RO         1962    i.net_path          Net_Dbg_CM3_L.lib(net_sys.o)
    0x0800e70c   0x0800e70c   0x00000020   Code   RO         1933    i.net_ping_client_init  Net_Dbg_CM3_L.lib(net_ping_core.o)
    0x0800e72c   0x0800e72c   0x00000080   Code   RO         1934    i.net_ping_client_run  Net_Dbg_CM3_L.lib(net_ping_core.o)
    0x0800e7ac   0x0800e7ac   0x0000001c   Code   RO         1963    i.net_rand32        Net_Dbg_CM3_L.lib(net_sys.o)
    0x0800e7c8   0x0800e7c8   0x0000002e   Code   RO         2270    i.net_strcasecmp    Net_Dbg_CM3_L.lib(net_common.o)
    0x0800e7f6   0x0800e7f6   0x00000016   Code   RO         2271    i.net_strchr        Net_Dbg_CM3_L.lib(net_common.o)
    0x0800e80c   0x0800e80c   0x0000001a   Code   RO         2272    i.net_strcmp        Net_Dbg_CM3_L.lib(net_common.o)
    0x0800e826   0x0800e826   0x00000012   Code   RO         2273    i.net_strcpy        Net_Dbg_CM3_L.lib(net_common.o)
    0x0800e838   0x0800e838   0x0000001c   Code   RO         2275    i.net_strnchr       Net_Dbg_CM3_L.lib(net_common.o)
    0x0800e854   0x0800e854   0x0000001a   Code   RO         2276    i.net_strncpy       Net_Dbg_CM3_L.lib(net_common.o)
    0x0800e86e   0x0800e86e   0x00000020   Code   RO         2277    i.net_strtoupper    Net_Dbg_CM3_L.lib(net_common.o)
    0x0800e88e   0x0800e88e   0x00000002   PAD
    0x0800e890   0x0800e890   0x0000000c   Code   RO         1964    i.net_sys_lock      Net_Dbg_CM3_L.lib(net_sys.o)
    0x0800e89c   0x0800e89c   0x00000016   Code   RO         1965    i.net_sys_resume    Net_Dbg_CM3_L.lib(net_sys.o)
    0x0800e8b2   0x0800e8b2   0x00000002   PAD
    0x0800e8b4   0x0800e8b4   0x00000014   Code   RO         1967    i.net_sys_tick      Net_Dbg_CM3_L.lib(net_sys.o)
    0x0800e8c8   0x0800e8c8   0x0000000c   Code   RO         1968    i.net_sys_unlock    Net_Dbg_CM3_L.lib(net_sys.o)
    0x0800e8d4   0x0800e8d4   0x00000020   Code   RO         1970    i.net_sys_wakeup    Net_Dbg_CM3_L.lib(net_sys.o)
    0x0800e8f4   0x0800e8f4   0x00000084   Code   RO         1652    i.net_tcp_abort     Net_Dbg_CM3_L.lib(net_tcp.o)
    0x0800e978   0x0800e978   0x000000e4   Code   RO         1655    i.net_tcp_close     Net_Dbg_CM3_L.lib(net_tcp.o)
    0x0800ea5c   0x0800ea5c   0x0000002e   Code   RO         1658    i.net_tcp_get_buf   Net_Dbg_CM3_L.lib(net_tcp.o)
    0x0800ea8a   0x0800ea8a   0x00000002   PAD
    0x0800ea8c   0x0800ea8c   0x00000034   Code   RO         1660    i.net_tcp_get_local_port  Net_Dbg_CM3_L.lib(net_tcp.o)
    0x0800eac0   0x0800eac0   0x00000028   Code   RO         1661    i.net_tcp_get_mss   Net_Dbg_CM3_L.lib(net_tcp.o)
    0x0800eae8   0x0800eae8   0x00000054   Code   RO         1663    i.net_tcp_get_peer  Net_Dbg_CM3_L.lib(net_tcp.o)
    0x0800eb3c   0x0800eb3c   0x00000070   Code   RO         1665    i.net_tcp_get_socket  Net_Dbg_CM3_L.lib(net_tcp.o)
    0x0800ebac   0x0800ebac   0x0000002c   Code   RO         1666    i.net_tcp_get_state  Net_Dbg_CM3_L.lib(net_tcp.o)
    0x0800ebd8   0x0800ebd8   0x00000034   Code   RO         1667    i.net_tcp_get_timer  Net_Dbg_CM3_L.lib(net_tcp.o)
    0x0800ec0c   0x0800ec0c   0x000000b0   Code   RO         1668    i.net_tcp_listen    Net_Dbg_CM3_L.lib(net_tcp.o)
    0x0800ecbc   0x0800ecbc   0x000007a8   Code   RO         1670    i.net_tcp_process   Net_Dbg_CM3_L.lib(net_tcp.o)
    0x0800f464   0x0800f464   0x0000015c   Code   RO         1674    i.net_tcp_send      Net_Dbg_CM3_L.lib(net_tcp.o)
    0x0800f5c0   0x0800f5c0   0x0000012c   Code   RO         1676    i.net_tcp_set_option  Net_Dbg_CM3_L.lib(net_tcp.o)
    0x0800f6ec   0x0800f6ec   0x00000028   Code   RO         1677    i.net_tcp_socket_init  Net_Dbg_CM3_L.lib(net_tcp.o)
    0x0800f714   0x0800f714   0x000003c0   Code   RO         1678    i.net_tcp_socket_run  Net_Dbg_CM3_L.lib(net_tcp.o)
    0x0800fad4   0x0800fad4   0x0000002e   Code   RO         1589    i.net_udp_get_buf   Net_Dbg_CM3_L.lib(net_udp.o)
    0x0800fb02   0x0800fb02   0x00000002   PAD
    0x0800fb04   0x0800fb04   0x00000070   Code   RO         1592    i.net_udp_get_socket  Net_Dbg_CM3_L.lib(net_udp.o)
    0x0800fb74   0x0800fb74   0x000000ac   Code   RO         1594    i.net_udp_open      Net_Dbg_CM3_L.lib(net_udp.o)
    0x0800fc20   0x0800fc20   0x00000158   Code   RO         1595    i.net_udp_process   Net_Dbg_CM3_L.lib(net_udp.o)
    0x0800fd78   0x0800fd78   0x0000022c   Code   RO         1598    i.net_udp_send_if   Net_Dbg_CM3_L.lib(net_udp.o)
    0x0800ffa4   0x0800ffa4   0x00000024   Code   RO         1600    i.net_udp_socket_init  Net_Dbg_CM3_L.lib(net_udp.o)
    0x0800ffc8   0x0800ffc8   0x00000008   Code   RO         2278    i.net_ultoa         Net_Dbg_CM3_L.lib(net_common.o)
    0x0800ffd0   0x0800ffd0   0x00000030   Code   RO         2281    i.net_ultox         Net_Dbg_CM3_L.lib(net_common.o)
    0x08010000   0x08010000   0x0000004c   Code   RO         2282    i.net_xtoul         Net_Dbg_CM3_L.lib(net_common.o)
    0x0801004c   0x0801004c   0x0000001c   Code   RO         1937    i.ping_send_req     Net_Dbg_CM3_L.lib(net_ping_core.o)
    0x08010068   0x08010068   0x00000058   Code   RO         1826    i.proc_req_line     Net_Dbg_CM3_L.lib(net_http_server.o)
    0x080100c0   0x080100c0   0x0000001a   Code   RO         1543    i.que_free_list     Net_Dbg_CM3_L.lib(net_ip4_frag.o)
    0x080100da   0x080100da   0x000000a0   Code   RO         1827    i.read_script_line  Net_Dbg_CM3_L.lib(net_http_server.o)
    0x0801017a   0x0801017a   0x00000048   Code   RO         1828    i.search_delim      Net_Dbg_CM3_L.lib(net_http_server.o)
    0x080101c2   0x080101c2   0x00000018   Code   RO         1971    i.sys_map_if        Net_Dbg_CM3_L.lib(net_sys.o)
    0x080101da   0x080101da   0x00000002   PAD
    0x080101dc   0x080101dc   0x0000004c   Code   RO         1972    i.sys_proc_tick     Net_Dbg_CM3_L.lib(net_sys.o)
    0x08010228   0x08010228   0x00000110   Code   RO         1680    i.tcp_map_socket    Net_Dbg_CM3_L.lib(net_tcp.o)
    0x08010338   0x08010338   0x00000084   Code   RO         1681    i.tcp_parse_opt     Net_Dbg_CM3_L.lib(net_tcp.o)
    0x080103bc   0x080103bc   0x0000011c   Code   RO         1682    i.tcp_proc_acknr    Net_Dbg_CM3_L.lib(net_tcp.o)
    0x080104d8   0x080104d8   0x000000ac   Code   RO         1683    i.tcp_proc_dupack   Net_Dbg_CM3_L.lib(net_tcp.o)
    0x08010584   0x08010584   0x0000001a   Code   RO         1684    i.tcp_que_free      Net_Dbg_CM3_L.lib(net_tcp.o)
    0x0801059e   0x0801059e   0x0000001a   Code   RO         1685    i.tcp_que_init      Net_Dbg_CM3_L.lib(net_tcp.o)
    0x080105b8   0x080105b8   0x000000ac   Code   RO         1686    i.tcp_que_resend    Net_Dbg_CM3_L.lib(net_tcp.o)
    0x08010664   0x08010664   0x00000090   Code   RO         1687    i.tcp_send_ctrl     Net_Dbg_CM3_L.lib(net_tcp.o)
    0x080106f4   0x080106f4   0x0000007c   Code   RO         1688    i.tcp_send_data     Net_Dbg_CM3_L.lib(net_tcp.o)
    0x08010770   0x08010770   0x00000090   Code   RO         1689    i.tcp_send_reset    Net_Dbg_CM3_L.lib(net_tcp.o)
    0x08010800   0x08010800   0x00000044   Code   RO         1690    i.tcp_set_cwnd      Net_Dbg_CM3_L.lib(net_tcp.o)
    0x08010844   0x08010844   0x00000074   Code   RO         1691    i.tcp_transit       Net_Dbg_CM3_L.lib(net_tcp.o)
    0x080108b8   0x080108b8   0x0000010c   Code   RO         1692    i.tcp_write         Net_Dbg_CM3_L.lib(net_tcp.o)
    0x080109c4   0x080109c4   0x0000002c   Code   RO         1602    i.udp_port_in_use   Net_Dbg_CM3_L.lib(net_udp.o)
    0x080109f0   0x080109f0   0x00000044   Code   RO         2283    i.ul2str            Net_Dbg_CM3_L.lib(net_common.o)
    0x08010a34   0x08010a34   0x00000124   Code   RO         1829    i.utc_to_http       Net_Dbg_CM3_L.lib(net_http_server.o)
    0x08010b58   0x08010b58   0x00000024   Data   RO          137    .constdata          http_server.o
    0x08010b7c   0x08010b7c   0x00000004   Data   RO          204    .constdata          web.o
    0x08010b80   0x08010b80   0x00006561   Data   RO          205    .constdata          web.o
    0x080170e1   0x080170e1   0x00000003   PAD
    0x080170e4   0x080170e4   0x000000a0   Data   RO          206    .constdata          web.o
    0x08017184   0x08017184   0x00000024   Data   RO          470    .constdata          rtx_lib.o
    0x080171a8   0x080171a8   0x00000024   Data   RO          471    .constdata          rtx_lib.o
    0x080171cc   0x080171cc   0x00000018   Data   RO          472    .constdata          rtx_lib.o
    0x080171e4   0x080171e4   0x00000004   Data   RO          474    .constdata          rtx_lib.o
    0x080171e8   0x080171e8   0x00000004   Data   RO          815    .constdata          phy_lan8742a.o
    0x080171ec   0x080171ec   0x00000020   Data   RO          816    .constdata          phy_lan8742a.o
    0x0801720c   0x0801720c   0x00000050   Data   RO          846    .constdata          emac_stm32f4xx.o
    0x0801725c   0x0801725c   0x00000044   Data   RO          847    .constdata          emac_stm32f4xx.o
    0x080172a0   0x080172a0   0x00000018   Data   RO          889    .constdata          eventrecorder.o
    0x080172b8   0x080172b8   0x00000010   Data   RO         1252    .constdata          system_stm32f4xx.o
    0x080172c8   0x080172c8   0x00000008   Data   RO         1253    .constdata          system_stm32f4xx.o
    0x080172d0   0x080172d0   0x000000a8   Data   RO         1296    .constdata          net_config.o
    0x08017378   0x08017378   0x0000001c   Data   RO         1297    .constdata          net_config.o
    0x08017394   0x08017394   0x00000014   Data   RO         1298    .constdata          net_config.o
    0x080173a8   0x080173a8   0x0000000c   Data   RO         1299    .constdata          net_config.o
    0x080173b4   0x080173b4   0x00000028   Data   RO         1300    .constdata          net_config.o
    0x080173dc   0x080173dc   0x0000002c   Data   RO         1301    .constdata          net_config.o
    0x08017408   0x08017408   0x00000008   Data   RO         1302    .constdata          net_config.o
    0x08017410   0x08017410   0x00000008   Data   RO         1303    .constdata          net_config.o
    0x08017418   0x08017418   0x00000008   Data   RO         1304    .constdata          net_config.o
    0x08017420   0x08017420   0x00000008   Data   RO         1305    .constdata          net_config.o
    0x08017428   0x08017428   0x00000008   Data   RO         1306    .constdata          net_config.o
    0x08017430   0x08017430   0x00000008   Data   RO         1307    .constdata          net_config.o
    0x08017438   0x08017438   0x00000008   Data   RO         1308    .constdata          net_config.o
    0x08017440   0x08017440   0x00000004   Data   RO         1310    .constdata          net_config.o
    0x08017444   0x08017444   0x00000008   Data   RO         1311    .constdata          net_config.o
    0x0801744c   0x0801744c   0x0000000c   Data   RO         1312    .constdata          net_config.o
    0x08017458   0x08017458   0x00000018   Data   RO         1313    .constdata          net_config.o
    0x08017470   0x08017470   0x00000034   Data   RO         1314    .constdata          net_config.o
    0x080174a4   0x080174a4   0x00000028   Data   RO         1315    .constdata          net_config.o
    0x080174cc   0x080174cc   0x00000020   Data   RO         1316    .constdata          net_config.o
    0x080174ec   0x080174ec   0x00000010   Data   RO         1318    .constdata          net_config.o
    0x080174fc   0x080174fc   0x00000010   Data   RO         1319    .constdata          net_config.o
    0x0801750c   0x0801750c   0x0000002c   Data   RO         1524    .constdata          Net_Dbg_CM3_L.lib(net_loopback.o)
    0x08017538   0x08017538   0x0000000c   Data   RO         1525    .constdata          Net_Dbg_CM3_L.lib(net_loopback.o)
    0x08017544   0x08017544   0x00000008   Data   RO         1762    .constdata          Net_Dbg_CM3_L.lib(net_nbns_client.o)
    0x0801754c   0x0801754c   0x000000fa   Data   RO         1831    .constdata          Net_Dbg_CM3_L.lib(net_http_server.o)
    0x08017646   0x08017646   0x00000002   PAD
    0x08017648   0x08017648   0x00000018   Data   RO         1910    .constdata          Net_Dbg_CM3_L.lib(net_http_server_auth.o)
    0x08017660   0x08017660   0x00000012   Data   RO         1939    .constdata          Net_Dbg_CM3_L.lib(net_ping_core.o)
    0x08017672   0x08017672   0x00000010   Data   RO         2032    .constdata          Net_Dbg_CM3_L.lib(net_addr.o)
    0x08017682   0x08017682   0x00000006   Data   RO         2033    .constdata          Net_Dbg_CM3_L.lib(net_addr.o)
    0x08017688   0x08017688   0x00000004   Data   RO         2155    .constdata          Net_Dbg_CM3_L.lib(net_ip4.o)
    0x0801768c   0x0801768c   0x00000020   Data   RO         2190    .constdata          Net_Dbg_CM3_L.lib(net_ip6.o)
    0x080176ac   0x080176ac   0x00000018   Data   RO         2230    .constdata          Net_Dbg_CM3_L.lib(net_http_server_err.o)
    0x080176c4   0x080176c4   0x00000010   Data   RO         2284    .constdata          Net_Dbg_CM3_L.lib(net_common.o)
    0x080176d4   0x080176d4   0x00000090   Data   RO         2331    .constdata          Net_Dbg_CM3_L.lib(net_base64.o)
    0x08017764   0x08017764   0x00000004   Data   RO         2340    .constdata          Net_Dbg_CM3_L.lib(net_version.o)
    0x08017768   0x08017768   0x000000da   Data   RO          182    .conststring        http_server_cgi.o
    0x08017842   0x08017842   0x00000002   PAD
    0x08017844   0x08017844   0x00000078   Data   RO         1320    .conststring        net_config.o
    0x080178bc   0x080178bc   0x0000000d   Data   RO         1321    .conststring        net_config.o
    0x080178c9   0x080178c9   0x00000003   PAD
    0x080178cc   0x080178cc   0x00000038   Data   RO         1322    .conststring        net_config.o
    0x08017904   0x08017904   0x0000001d   Data   RO         1323    .conststring        net_config.o
    0x08017921   0x08017921   0x00000003   PAD
    0x08017924   0x08017924   0x00000203   Data   RO         2231    .conststring        Net_Dbg_CM3_L.lib(net_http_server_err.o)
    0x08017b27   0x08017b27   0x00000001   PAD
    0x08017b28   0x08017b28   0x0000000b   Data   RO          414    .conststrlit        rtx_kernel.o
    0x08017b33   0x08017b33   0x00000001   PAD
    0x08017b34   0x08017b34   0x000000a8   Data   RO          475    .rodata             rtx_lib.o
    0x08017bdc   0x08017bdc   0x00000030   Data   RO         2675    Region$$Table       anon$$obj.o


    Execution Region RW_IRAM2 (Exec base: 0x10000000, Load base: 0x08017d30, Size: 0x000004a4, Max: 0x00010000, ABSOLUTE)

    Exec Addr    Load Addr    Size         Type   Attr      Idx    E Section Name        Object

    0x10000000        -       0x000004a4   Zero   RW          888    .bss.noinit         eventrecorder.o


    Execution Region RW_IRAM1 (Exec base: 0x20000000, Load base: 0x08017c0c, Size: 0x0000f268, Max: 0x00030000, ABSOLUTE, COMPRESSED[0x00000124])

    Exec Addr    Load Addr    Size         Type   Attr      Idx    E Section Name        Object

    0x20000000   COMPRESSED   0x00008000   Data   RW          462    .bss.os             rtx_lib.o
    0x20008000   COMPRESSED   0x00000040   Data   RW          463    .bss.os             rtx_lib.o
    0x20008040   COMPRESSED   0x00000001   Data   RW          767    .bss.os             os_systick.o
    0x20008041   COMPRESSED   0x00000003   PAD
    0x20008044   COMPRESSED   0x00000034   Data   RW          464    .bss.os.msgqueue.cb  rtx_lib.o
    0x20008078   COMPRESSED   0x00000050   Data   RW          465    .bss.os.msgqueue.mem  rtx_lib.o
    0x200080c8   COMPRESSED   0x0000001c   Data   RW         1290    .bss.os.mutex.cb    net_config.o
    0x200080e4   COMPRESSED   0x0000001c   Data   RW         1291    .bss.os.mutex.cb    net_config.o
    0x20008100   COMPRESSED   0x00000010   Data   RW         1292    .bss.os.semaphore.cb  net_config.o
    0x20008110   COMPRESSED   0x00000044   Data   RW          466    .bss.os.thread.cb   rtx_lib.o
    0x20008154   COMPRESSED   0x00000044   Data   RW          467    .bss.os.thread.cb   rtx_lib.o
    0x20008198   COMPRESSED   0x00000044   Data   RW         1293    .bss.os.thread.cb   net_config.o
    0x200081dc   COMPRESSED   0x00000044   Data   RW         1294    .bss.os.thread.cb   net_config.o
    0x20008220   COMPRESSED   0x00000200   Data   RW          468    .bss.os.thread.idle.stack  rtx_lib.o
    0x20008420   COMPRESSED   0x00000200   Data   RW          469    .bss.os.thread.timer.stack  rtx_lib.o
    0x20008620   COMPRESSED   0x00000020   Data   RW         1295    .bss.os.timer.cb    net_config.o
    0x20008640   COMPRESSED   0x00000004   Data   RW            5    .data               main.o
    0x20008644   COMPRESSED   0x00000008   Data   RW          183    .data               http_server_cgi.o
    0x2000864c   COMPRESSED   0x0000000c   Data   RW          922    .data               stm32f4xx_hal.o
    0x20008658   COMPRESSED   0x00000004   Data   RW         1254    .data               system_stm32f4xx.o
    0x2000865c   COMPRESSED   0x00000004   Data   RW         1324    .data               net_config.o
    0x20008660   COMPRESSED   0x00000006   Data   RW         1325    .data               net_config.o
    0x20008666   COMPRESSED   0x00000004   Data   RW         1326    .data               net_config.o
    0x2000866a   COMPRESSED   0x00000002   PAD
    0x2000866c   COMPRESSED   0x00000004   Data   RW         1526    .data               Net_Dbg_CM3_L.lib(net_loopback.o)
    0x20008670   COMPRESSED   0x00000004   Data   RW         1544    .data               Net_Dbg_CM3_L.lib(net_ip4_frag.o)
    0x20008674   COMPRESSED   0x00000001   Data   RW         1562    .data               Net_Dbg_CM3_L.lib(net_icmp.o)
    0x20008675   COMPRESSED   0x00000001   PAD
    0x20008676   COMPRESSED   0x00000002   Data   RW         1604    .data               Net_Dbg_CM3_L.lib(net_udp.o)
    0x20008678   COMPRESSED   0x00000004   Data   RW         1695    .data               Net_Dbg_CM3_L.lib(net_tcp.o)
    0x2000867c   COMPRESSED   0x00000001   Data   RW         1763    .data               Net_Dbg_CM3_L.lib(net_nbns_client.o)
    0x2000867d   COMPRESSED   0x00000003   PAD
    0x20008680   COMPRESSED   0x0000000c   Data   RW         1832    .data               Net_Dbg_CM3_L.lib(net_http_server.o)
    0x2000868c   COMPRESSED   0x00000008   Data   RW         2156    .data               Net_Dbg_CM3_L.lib(net_ip4.o)
    0x20008694   COMPRESSED   0x00000004   Data   RW         2192    .data               Net_Dbg_CM3_L.lib(net_ip6.o)
    0x20008698   COMPRESSED   0x000000a4   Data   RW          415    .data.os            rtx_kernel.o
    0x2000873c   COMPRESSED   0x00000004   PAD
    0x20008740        -       0x00000400   Zero   RW          136    .bss                http_server.o
    0x20008b40        -       0x00000038   Zero   RW          181    .bss                http_server_cgi.o
    0x20008b78        -       0x0000000c   Zero   RW          814    .bss                phy_lan8742a.o
    0x20008b84        -       0x000024cc   Zero   RW          845    .bss                emac_stm32f4xx.o
    0x2000b050        -       0x00000400   Zero   RW         1281    .bss                net_config.o
    0x2000b450        -       0x00000400   Zero   RW         1282    .bss                net_config.o
    0x2000b850        -       0x00002ee0   Zero   RW         1283    .bss                net_config.o
    0x2000e730        -       0x000000c8   Zero   RW         1284    .bss                net_config.o
    0x2000e7f8        -       0x00000018   Zero   RW         1285    .bss                net_config.o
    0x2000e810        -       0x00000028   Zero   RW         1286    .bss                net_config.o
    0x2000e838        -       0x00000050   Zero   RW         1287    .bss                net_config.o
    0x2000e888        -       0x00000228   Zero   RW         1288    .bss                net_config.o
    0x2000eab0        -       0x00000150   Zero   RW         1289    .bss                net_config.o
    0x2000ec00        -       0x000000a0   Zero   RW         1421    .bss                Net_Dbg_CM3_L.lib(net_eth.o)
    0x2000eca0        -       0x00000018   Zero   RW         1481    .bss                Net_Dbg_CM3_L.lib(net_arp.o)
    0x2000ecb8        -       0x0000001c   Zero   RW         1603    .bss                Net_Dbg_CM3_L.lib(net_udp.o)
    0x2000ecd4        -       0x00000098   Zero   RW         1830    .bss                Net_Dbg_CM3_L.lib(net_http_server.o)
    0x2000ed6c        -       0x0000002c   Zero   RW         1938    .bss                Net_Dbg_CM3_L.lib(net_ping_core.o)
    0x2000ed98        -       0x00000038   Zero   RW         1973    .bss                Net_Dbg_CM3_L.lib(net_sys.o)
    0x2000edd0        -       0x00000024   Zero   RW         1974    .bss                Net_Dbg_CM3_L.lib(net_sys.o)
    0x2000edf4        -       0x0000005c   Zero   RW         2031    .bss                Net_Dbg_CM3_L.lib(net_addr.o)
    0x2000ee50        -       0x00000014   Zero   RW         2246    .bss                Net_Dbg_CM3_L.lib(net_mem.o)
    0x2000ee64   COMPRESSED   0x00000004   PAD
    0x2000ee68        -       0x00000400   Zero   RW         1241    STACK               startup_stm32f429xx.o


==============================================================================

Image component sizes


      Code (inc. data)   RO Data    RW Data    ZI Data      Debug   Object Name

      2536        156        148          0       9420      47746   emac_stm32f4xx.o
      1452         40         24          0       1188      17684   eventrecorder.o
        16          0         36          0       1024      10548   http_server.o
      1656        316        218          8         56       7470   http_server_cgi.o
       148          8          0          0          0        660   irq_armv7m.o
       276         30          0          4          0     705523   main.o
       376         24        790        254      15280      32914   net_config.o
       338          0          0          0          0        922   net_debug.o
       196         12          0          1          0       2040   os_systick.o
       428         10         36          0         12       7898   phy_lan8742a.o
         4          0          0          0          0        619   rtx_config.o
       260         14          0          0          0      18034   rtx_delay.o
      2392         88          0          0          0      45269   rtx_evr.o
      1740         96         11        164          0      28180   rtx_kernel.o
        24          0        268      34124          0       9935   rtx_lib.o
       292          0          0          0          0       3907   rtx_memory.o
      1984         48          0          0          0      15324   rtx_mempool.o
      2820         58          0          0          0      23888   rtx_msgqueue.o
      1368         30          0          0          0      10242   rtx_mutex.o
      1432         34          0          0          0      12052   rtx_semaphore.o
       668         18          0          0          0       8637   rtx_system.o
      4908        126          0          0          0      34021   rtx_thread.o
      1152         34          0          0          0      10345   rtx_timer.o
        36          8        428          0       1024        856   startup_stm32f429xx.o
       456         38          0         12          0      11623   stm32f4xx_hal.o
       664         10          0          0          0      36466   stm32f4xx_hal_cortex.o
       868         54          0          0          0       4275   stm32f4xx_hal_gpio.o
      1888         66          0          0          0       6475   stm32f4xx_hal_rcc.o
       160         20         24          4          0       1817   system_stm32f4xx.o
       120         10      26117          0          0       1700   web.o

    ----------------------------------------------------------------------
     30658       1348      28160      34576      28008    1117070   Object Totals
         0          0         48          0          0          0   (incl. Generated)
         0          0         12          5          4          0   (incl. Padding)

    ----------------------------------------------------------------------

      Code (inc. data)   RO Data    RW Data    ZI Data      Debug   Library Member Name

      1414         18         22          0         92       1556   net_addr.o
      2874        144          0          0         24       1548   net_arp.o
       120          6        144          0          0         84   net_base64.o
       622         10         16          0          0       1340   net_common.o
      3664        138          0          0        160       1600   net_eth.o
      6834       1268        250         12        152       2852   net_http_server.o
       266         66         24          0          0        368   net_http_server_auth.o
         0          0        539          0          0          0   net_http_server_err.o
       640         48          0          1          0        236   net_icmp.o
       812         60          0          0          0        332   net_icmp6.o
      1188         82          4          8          0        956   net_ip4.o
       690         30          0          4          0        476   net_ip4_frag.o
       848         72         32          4          0        644   net_ip6.o
       348         28         56          4          0        256   net_loopback.o
       592         64          0          0         20        564   net_mem.o
       520         44          8          1          0        188   net_nbns_client.o
      3058        106          0          0          0       1404   net_ndp.o
       188         32         18          0         44        220   net_ping_core.o
       834         84          0          0         92       1012   net_sys.o
      6566        282          0          4          0       2728   net_tcp.o
      1310         70          0          2         28        620   net_udp.o
         0          0          4          0          0          0   net_version.o
        58          0          0          0          0          0   __dczerorl.o
         0          0          0          0          0          0   entry.o
         0          0          0          0          0          0   entry10a.o
         0          0          0          0          0          0   entry11a.o
         4          0          0          0          0          0   entry12b.o
         8          4          0          0          0          0   entry2.o
         4          0          0          0          0          0   entry5.o
         0          0          0          0          0          0   entry7b.o
         0          0          0          0          0          0   entry8b.o
         8          4          0          0          0          0   entry9a.o
        30          0          0          0          0          0   handlers.o
        36          8          0          0          0         68   init.o
         0          0          0          0          0          0   iusefp.o
        30          0          0          0          0         68   llshl.o
        36          0          0          0          0         68   llsshr.o
        32          0          0          0          0         68   llushr.o
        26          0          0          0          0         80   memcmp.o
        36          0          0          0          0         68   memcpya.o
        36          0          0          0          0        108   memseta.o
      2236         86          0          0          0        532   printfa.o
        28          0          0          0          0         76   strcmp.o
        18          0          0          0          0         68   strcpy.o
        14          0          0          0          0         68   strlen.o
        30          0          0          0          0         80   strncmp.o
        44          0          0          0          0         80   uidiv.o
        98          0          0          0          0         92   uldiv.o
        48          0          0          0          0         68   cdrcmple.o
       334          0          0          0          0        148   dadd.o
       222          0          0          0          0        100   ddiv.o
       186          0          0          0          0        176   depilogue.o
        48          0          0          0          0         68   dfixul.o
       228          0          0          0          0         96   dmul.o
        38          0          0          0          0         68   f2d.o

    ----------------------------------------------------------------------
     37354       2754       1120         44        616      21232   Library Totals
        50          0          3          4          4          0   (incl. Padding)

    ----------------------------------------------------------------------

      Code (inc. data)   RO Data    RW Data    ZI Data      Debug   Library Name

     33388       2652       1117         40        612      18984   Net_Dbg_CM3_L.lib
      2812        102          0          0          0       1524   mc_w.l
      1104          0          0          0          0        724   mf_w.l

    ----------------------------------------------------------------------
     37354       2754       1120         44        616      21232   Library Totals

    ----------------------------------------------------------------------

==============================================================================


      Code (inc. data)   RO Data    RW Data    ZI Data      Debug   

     68012       4102      29280      34620      28624    1120278   Grand Totals
     68012       4102      29280        292      28624    1120278   ELF Image Totals (compressed)
     68012       4102      29280        292          0          0   ROM Totals

==============================================================================

    Total RO  Size (Code + RO Data)                97292 (  95.01kB)
    Total RW  Size (RW Data + ZI Data)             63244 (  61.76kB)
    Total ROM Size (Code + RO Data + RW Data)      97584 (  95.30kB)

==============================================================================

