Component: ARM Compiler 5.06 update 7 (build 960) Tool: armlink [4d3601]

==============================================================================

Section Cross References

    main.o(.text) refers to rtx_kernel.o(.text) for osKernelGetState
    main.o(.text) refers to stm32f4xx_hal_rcc.o(.text) for HAL_RCC_OscConfig
    main.o(.text) refers to stm32f4xx_hal.o(.text) for HAL_GetREVID
    main.o(.text) refers to system_stm32f4xx.o(.text) for SystemCoreClockUpdate
    main.o(.text) refers to rtx_thread.o(.text) for osThreadNew
    main.o(.text) refers to system_stm32f4xx.o(.data) for SystemCoreClock
    main.o(.text) refers to main.o(.data) for .data
    main.o(.text) refers to http_server.o(.constdata) for app_main_attr
    main.o(.text) refers to http_server.o(.text) for app_main
    http_server.o(.text) refers to rtx_thread.o(.text) for osThreadFlagsSet
    http_server.o(.text) refers to lcd_1.o(.text) for LCD_reset
    http_server.o(.text) refers to printfa.o(i.__0sprintf) for __2sprintf
    http_server.o(.text) refers to stm32f4xx_hal_gpio.o(.text) for HAL_GPIO_WritePin
    http_server.o(.text) refers to rtx_delay.o(.text) for osDelay
    http_server.o(.text) refers to leds_1.o(.text) for Init_Full_Leds
    http_server.o(.text) refers to net_sys.o(i.netInitialize) for netInitialize
    http_server.o(.text) refers to http_server.o(.data) for .data
    http_server.o(.text) refers to http_server.o(.bss) for .bss
    http_server.o(.constdata) refers to http_server.o(.bss) for app_main_stk
    http_server_cgi.o(.text) refers to net_http_server.o(i.netCGI_GetEnvVar) for netCGI_GetEnvVar
    http_server_cgi.o(.text) refers to net_addr.o(i.netIP_aton) for netIP_aton
    http_server_cgi.o(.text) refers to net_sys.o(i.netIF_SetOption) for netIF_SetOption
    http_server_cgi.o(.text) refers to strcmp.o(.text) for strcmp
    http_server_cgi.o(.text) refers to strncmp.o(.text) for strncmp
    http_server_cgi.o(.text) refers to leds_1.o(.text) for salida_leds
    http_server_cgi.o(.text) refers to net_http_server.o(i.netHTTPs_LoginActive) for netHTTPs_LoginActive
    http_server_cgi.o(.text) refers to strcpy.o(.text) for strcpy
    http_server_cgi.o(.text) refers to net_http_server.o(i.netHTTPs_SetPassword) for netHTTPs_SetPassword
    http_server_cgi.o(.text) refers to rtx_thread.o(.text) for osThreadFlagsSet
    http_server_cgi.o(.text) refers to net_sys.o(i.netIF_GetOption) for netIF_GetOption
    http_server_cgi.o(.text) refers to net_addr.o(i.netIP_ntoa) for netIP_ntoa
    http_server_cgi.o(.text) refers to printfa.o(i.__0sprintf) for __2sprintf
    http_server_cgi.o(.text) refers to net_tcp.o(i.netTCP_GetState) for netTCP_GetState
    http_server_cgi.o(.text) refers to net_tcp.o(i.netTCP_GetPeer) for netTCP_GetPeer
    http_server_cgi.o(.text) refers to net_tcp.o(i.netTCP_GetTimer) for netTCP_GetTimer
    http_server_cgi.o(.text) refers to net_tcp.o(i.netTCP_GetLocalPort) for netTCP_GetLocalPort
    http_server_cgi.o(.text) refers to net_http_server.o(i.netHTTPs_GetPassword) for netHTTPs_GetPassword
    http_server_cgi.o(.text) refers to net_http_server.o(i.netHTTPs_GetLanguage) for netHTTPs_GetLanguage
    http_server_cgi.o(.text) refers to http_server_cgi.o(.bss) for .bss
    http_server_cgi.o(.text) refers to http_server_cgi.o(.data) for .data
    http_server_cgi.o(.text) refers to http_server.o(.data) for LEDrun
    http_server_cgi.o(.text) refers to http_server_cgi.o(.conststring) for .conststring
    http_server_cgi.o(.text) refers to http_server.o(.text) for AD_in
    http_server_cgi.o(.text) refers to f2d.o(.text) for __aeabi_f2d
    http_server_cgi.o(.text) refers to dmul.o(.text) for __aeabi_dmul
    web.o(.text) refers to web.o(.constdata) for .constdata
    web.o(.constdata) refers to web.o(.constdata) for imageFileData
    leds_1.o(.text) refers to memseta.o(.text) for __aeabi_memclr4
    leds_1.o(.text) refers to stm32f4xx_hal_gpio.o(.text) for HAL_GPIO_Init
    lcd_1.o(.text) refers to stm32f4xx_hal_gpio.o(.text) for HAL_GPIO_WritePin
    lcd_1.o(.text) refers to stm32f4xx_hal_tim.o(.text) for HAL_TIM_Base_Init
    lcd_1.o(.text) refers to memseta.o(.text) for __aeabi_memclr4
    lcd_1.o(.text) refers to lcd_1.o(.data) for .data
    lcd_1.o(.text) refers to lcd_1.o(.bss) for .bss
    lcd_1.o(.text) refers to lcd_1.o(.constdata) for .constdata
    lcd_1.o(.text) refers to rtx_msgqueue.o(.text) for osMessageQueueGet
    lcd_1.o(.text) refers to rtx_delay.o(.text) for osDelay
    lcd_1.o(.text) refers to rtx_thread.o(.text) for osThreadNew
    lcd_1.o(.data) refers to spi_stm32f4xx.o(.constdata) for Driver_SPI1
    buttons_nucleo_f429zi.o(.text) refers to stm32f4xx_hal_gpio.o(.text) for HAL_GPIO_Init
    buttons_nucleo_f429zi.o(.text) refers to buttons_nucleo_f429zi.o(.constdata) for .constdata
    led_nucleo_f429zi.o(.text) refers to stm32f4xx_hal_gpio.o(.text) for HAL_GPIO_Init
    led_nucleo_f429zi.o(.text) refers to led_nucleo_f429zi.o(.constdata) for .constdata
[...]
    UART4_IRQHandler                         0x0800c097   Thumb Code     0  startup_stm32f429xx.o(.text)
    UART5_IRQHandler                         0x0800c097   Thumb Code     0  startup_stm32f429xx.o(.text)
    UART7_IRQHandler                         0x0800c097   Thumb Code     0  startup_stm32f429xx.o(.text)
    UART8_IRQHandler                         0x0800c097   Thumb Code     0  startup_stm32f429xx.o(.text)
    USART1_IRQHandler                        0x0800c097   Thumb Code     0  startup_stm32f429xx.o(.text)
    USART2_IRQHandler                        0x0800c097   Thumb Code     0  startup_stm32f429xx.o(.text)
    USART3_IRQHandler                        0x0800c097   Thumb Code     0  startup_stm32f429xx.o(.text)
    USART6_IRQHandler                        0x0800c097   Thumb Code     0  startup_stm32f429xx.o(.text)
    WWDG_IRQHandler                          0x0800c097   Thumb Code     0  startup_stm32f429xx.o(.text)
    SystemInit                               0x0800c0a1   Thumb Code    22  system_stm32f4xx.o(.text)
    SystemCoreClockUpdate                    0x0800c0b7   Thumb Code   118  system_stm32f4xx.o(.text)
    netos_init                               0x0800c16d   Thumb Code    22  net_config.o(.text)
    netos_thread_create                      0x0800c183   Thumb Code    10  net_config.o(.text)
    netos_thread_delete                      0x0800c18d   Thumb Code     4  net_config.o(.text)
    netos_thread_id                          0x0800c191   Thumb Code     4  net_config.o(.text)
    netos_thread_pass                        0x0800c195   Thumb Code     4  net_config.o(.text)
    netos_timer_create                       0x0800c199   Thumb Code    14  net_config.o(.text)
    netos_timer_delete                       0x0800c1a7   Thumb Code     4  net_config.o(.text)
    netos_timer_start                        0x0800c1ab   Thumb Code    22  net_config.o(.text)
    netos_mutex_create                       0x0800c1c1   Thumb Code    16  net_config.o(.text)
    netos_mutex_delete                       0x0800c1d1   Thumb Code     4  net_config.o(.text)
    netos_lock                               0x0800c1d5   Thumb Code     8  net_config.o(.text)
    netos_unlock                             0x0800c1dd   Thumb Code     4  net_config.o(.text)
    netos_flag_wait                          0x0800c1e1   Thumb Code    24  net_config.o(.text)
    netos_flag_set                           0x0800c1f9   Thumb Code     4  net_config.o(.text)
    netos_flag_clear                         0x0800c1fd   Thumb Code     6  net_config.o(.text)
    netos_delay                              0x0800c203   Thumb Code    14  net_config.o(.text)
    netif_create                             0x0800c211   Thumb Code    46  net_config.o(.text)
    netif_delete                             0x0800c23f   Thumb Code    20  net_config.o(.text)
    netif_lock                               0x0800c253   Thumb Code     8  net_config.o(.text)
    netif_unlock                             0x0800c25b   Thumb Code     4  net_config.o(.text)
    netIGMP_Join                             0x0800c265   Thumb Code     4  net_config.o(.text)
    netIGMP_Leave                            0x0800c269   Thumb Code     4  net_config.o(.text)
    net_igmp_is_member                       0x0800c26d   Thumb Code     4  net_config.o(.text)
    net_igmp_collect_mcast                   0x0800c271   Thumb Code     4  net_config.o(.text)
    net_igmp_process                         0x0800c275   Thumb Code     2  net_config.o(.text)
    netDHCP_Enable                           0x0800c277   Thumb Code     4  net_config.o(.text)
    netDHCP_Disable                          0x0800c27b   Thumb Code     4  net_config.o(.text)
    netDHCP_SetOption                        0x0800c27f   Thumb Code     4  net_config.o(.text)
    netDHCP6_Enable                          0x0800c283   Thumb Code     4  net_config.o(.text)
    netDHCP6_Disable                         0x0800c287   Thumb Code     4  net_config.o(.text)
    netSNTPc_GetTime                         0x0800c28b   Thumb Code     4  net_config.o(.text)
    netHTTPs_fopen                           0x0800c28f   Thumb Code     4  net_config.o(.text)
    netHTTPs_fclose                          0x0800c293   Thumb Code     2  net_config.o(.text)
    netHTTPs_fread                           0x0800c295   Thumb Code     4  net_config.o(.text)
    netHTTPs_fgets                           0x0800c299   Thumb Code     4  net_config.o(.text)
    netHTTPs_fstat                           0x0800c29d   Thumb Code     2  net_config.o(.text)
    net_sys_error                            0x0800c29f   Thumb Code     2  net_config.o(.text)
    net_evr_init                             0x0800c2b9   Thumb Code   336  net_debug.o(.text)
    net_debug_init                           0x0800c409   Thumb Code     2  net_debug.o(.text)
    __aeabi_uldivmod                         0x0800c40b   Thumb Code    98  uldiv.o(.text)
    __aeabi_memcpy                           0x0800c46d   Thumb Code    36  memcpya.o(.text)
    __aeabi_memcpy4                          0x0800c46d   Thumb Code     0  memcpya.o(.text)
    __aeabi_memcpy8                          0x0800c46d   Thumb Code     0  memcpya.o(.text)
    __aeabi_memset                           0x0800c491   Thumb Code    14  memseta.o(.text)
    __aeabi_memset4                          0x0800c491   Thumb Code     0  memseta.o(.text)
    __aeabi_memset8                          0x0800c491   Thumb Code     0  memseta.o(.text)
    __aeabi_memclr                           0x0800c49f   Thumb Code     4  memseta.o(.text)
    __aeabi_memclr4                          0x0800c49f   Thumb Code     0  memseta.o(.text)
    __aeabi_memclr8                          0x0800c49f   Thumb Code     0  memseta.o(.text)
    _memset$wrapper                          0x0800c4a3   Thumb Code    18  memseta.o(.text)
    strlen                                   0x0800c4b5   Thumb Code    14  strlen.o(.text)
    strcmp                                   0x0800c4c3   Thumb Code    28  strcmp.o(.text)
    memcmp                                   0x0800c4df   Thumb Code    26  memcmp.o(.text)
    strcpy                                   0x0800c4f9   Thumb Code    18  strcpy.o(.text)
    strncmp                                  0x0800c50b   Thumb Code    30  strncmp.o(.text)
    __aeabi_dmul                             0x0800c529   Thumb Code   228  dmul.o(.text)
    __aeabi_f2d                              0x0800c60d   Thumb Code    38  f2d.o(.text)
    __aeabi_uidiv                            0x0800c633   Thumb Code     0  uidiv.o(.text)
    __aeabi_uidivmod                         0x0800c633   Thumb Code    44  uidiv.o(.text)
    __aeabi_llsl                             0x0800c65f   Thumb Code    30  llshl.o(.text)
    _ll_shift_l                              0x0800c65f   Thumb Code     0  llshl.o(.text)
    __aeabi_llsr                             0x0800c67d   Thumb Code    32  llushr.o(.text)
    _ll_ushift_r                             0x0800c67d   Thumb Code     0  llushr.o(.text)
    __I$use$fp                               0x0800c69d   Thumb Code     0  iusefp.o(.text)
    _double_round                            0x0800c69d   Thumb Code    30  depilogue.o(.text)
    _double_epilogue                         0x0800c6bb   Thumb Code   156  depilogue.o(.text)
    __aeabi_dadd                             0x0800c757   Thumb Code   322  dadd.o(.text)
    __aeabi_dsub                             0x0800c899   Thumb Code     6  dadd.o(.text)
    __aeabi_drsub                            0x0800c89f   Thumb Code     6  dadd.o(.text)
    __aeabi_ddiv                             0x0800c8a5   Thumb Code   222  ddiv.o(.text)
    __aeabi_d2ulz                            0x0800c983   Thumb Code    48  dfixul.o(.text)
    __aeabi_cdrcmple                         0x0800c9b5   Thumb Code    48  cdrcmple.o(.text)
    __scatterload                            0x0800c9e5   Thumb Code    28  init.o(.text)
    __scatterload_rt2                        0x0800c9e5   Thumb Code     0  init.o(.text)
    __aeabi_lasr                             0x0800ca09   Thumb Code    36  llsshr.o(.text)
    _ll_sshift_r                             0x0800ca09   Thumb Code     0  llsshr.o(.text)
    __decompress                             0x0800ca2d   Thumb Code     0  __dczerorl2.o(.text)
    __decompress1                            0x0800ca2d   Thumb Code    86  __dczerorl2.o(.text)
    __0sprintf                               0x0800ca85   Thumb Code    34  printfa.o(i.__0sprintf)
    __1sprintf                               0x0800ca85   Thumb Code     0  printfa.o(i.__0sprintf)
    __2sprintf                               0x0800ca85   Thumb Code     0  printfa.o(i.__0sprintf)
    __c89sprintf                             0x0800ca85   Thumb Code     0  printfa.o(i.__0sprintf)
    sprintf                                  0x0800ca85   Thumb Code     0  printfa.o(i.__0sprintf)
    __scatterload_copy                       0x0800caad   Thumb Code    14  handlers.o(i.__scatterload_copy)
    __scatterload_null                       0x0800cabb   Thumb Code     2  handlers.o(i.__scatterload_null)
    __scatterload_zeroinit                   0x0800cabd   Thumb Code    14  handlers.o(i.__scatterload_zeroinit)
    netCGI_Charset                           0x0800ffc1   Thumb Code     4  net_http_server.o(i.netCGI_Charset)
    netCGI_ContentType                       0x0800ffc5   Thumb Code     4  net_http_server.o(i.netCGI_ContentType)
    netCGI_CustomHeader                      0x0800ffc9   Thumb Code     4  net_http_server.o(i.netCGI_CustomHeader)
    netCGI_GetEnvVar                         0x0800ffcd   Thumb Code   104  net_http_server.o(i.netCGI_GetEnvVar)
    netCGI_Redirect                          0x08010039   Thumb Code     4  net_http_server.o(i.netCGI_Redirect)
    netCGX_ContentType                       0x0801003d   Thumb Code     4  net_http_server.o(i.netCGX_ContentType)
    netCore_Thread                           0x08010041   Thumb Code    90  net_sys.o(i.netCore_Thread)
    netETH_Notify                            0x080100a5   Thumb Code     2  net_eth.o(i.netETH_Notify)
    netETH_ReceiveRaw                        0x080100a7   Thumb Code     2  net_eth.o(i.netETH_ReceiveRaw)
    netETH_Thread                            0x080100a9   Thumb Code   114  net_eth.o(i.netETH_Thread)
    netHTTPs_AcceptClient                    0x0801011b   Thumb Code     4  net_http_server.o(i.netHTTPs_AcceptClient)
    netHTTPs_FileAccess                      0x0801011f   Thumb Code     4  net_http_server.o(i.netHTTPs_FileAccess)
    netHTTPs_GetLanguage                     0x08010125   Thumb Code    24  net_http_server.o(i.netHTTPs_GetLanguage)
    netHTTPs_GetPassword                     0x08010145   Thumb Code     6  net_http_server.o(i.netHTTPs_GetPassword)
    netHTTPs_LoginActive                     0x08010151   Thumb Code     6  net_http_server.o(i.netHTTPs_LoginActive)
    netHTTPs_SetPassword                     0x0801015d   Thumb Code    78  net_http_server.o(i.netHTTPs_SetPassword)
    netIF_GetOption                          0x080101b5   Thumb Code   128  net_sys.o(i.netIF_GetOption)
    netIF_SetOption                          0x0801023d   Thumb Code   124  net_sys.o(i.netIF_SetOption)
    netIP_aton                               0x080102c1   Thumb Code    26  net_addr.o(i.netIP_aton)
    netIP_ntoa                               0x080102db   Thumb Code    50  net_addr.o(i.netIP_ntoa)
    netInitialize                            0x0801030d   Thumb Code   156  net_sys.o(i.netInitialize)
    netMAC_aton                              0x080103b9   Thumb Code   140  net_addr.o(i.netMAC_aton)
    netTCP_GetLocalPort                      0x08010445   Thumb Code     4  net_tcp.o(i.netTCP_GetLocalPort)
    netTCP_GetPeer                           0x08010449   Thumb Code    32  net_tcp.o(i.netTCP_GetPeer)
    netTCP_GetState                          0x08010469   Thumb Code     4  net_tcp.o(i.netTCP_GetState)
    netTCP_GetTimer                          0x0801046d   Thumb Code     4  net_tcp.o(i.netTCP_GetTimer)
    net_addr4_aton                           0x08010471   Thumb Code   124  net_addr.o(i.net_addr4_aton)
    net_addr4_to_mac                         0x080104ed   Thumb Code    30  net_addr.o(i.net_addr4_to_mac)
    net_addr6_aton                           0x0801050d   Thumb Code   230  net_addr.o(i.net_addr6_aton)
    net_addr6_comp                           0x080105f3   Thumb Code    40  net_addr.o(i.net_addr6_comp)
    net_addr6_copy                           0x0801061b   Thumb Code    18  net_addr.o(i.net_addr6_copy)
    net_addr6_create                         0x0801062d   Thumb Code    70  net_addr.o(i.net_addr6_create)
    net_addr6_get_solicited                  0x08010679   Thumb Code    34  net_addr.o(i.net_addr6_get_solicited)
    net_addr6_is_linklocal                   0x080106a1   Thumb Code    24  net_addr.o(i.net_addr6_is_linklocal)
    net_addr6_is_onlink                      0x080106b9   Thumb Code   110  net_addr.o(i.net_addr6_is_onlink)
    net_addr6_is_solicited                   0x08010727   Thumb Code    72  net_addr.o(i.net_addr6_is_solicited)
    net_addr6_is_unspec                      0x0801076f   Thumb Code    24  net_addr.o(i.net_addr6_is_unspec)
    net_addr6_to_mac                         0x08010787   Thumb Code    14  net_addr.o(i.net_addr6_to_mac)
    net_addr_copy                            0x08010795   Thumb Code    38  net_addr.o(i.net_addr_copy)
    net_addr_find_route                      0x080107bb   Thumb Code    26  net_addr.o(i.net_addr_find_route)
    net_addr_get_local                       0x080107d5   Thumb Code    26  net_addr.o(i.net_addr_get_local)
    net_addr_is_unspec                       0x080107f5   Thumb Code    34  net_addr.o(i.net_addr_is_unspec)
    net_arp_cache_add                        0x08010819   Thumb Code   276  net_arp.o(i.net_arp_cache_add)
    net_arp_cache_early                      0x08010935   Thumb Code   180  net_arp.o(i.net_arp_cache_early)
    net_arp_cache_find                       0x080109f1   Thumb Code   224  net_arp.o(i.net_arp_cache_find)
    net_arp_cache_init                       0x08010add   Thumb Code    64  net_arp.o(i.net_arp_cache_init)
    net_arp_cache_run                        0x08010b25   Thumb Code    22  net_arp.o(i.net_arp_cache_run)
    net_arp_enqueue                          0x08010b41   Thumb Code   114  net_arp.o(i.net_arp_enqueue)
    net_arp_notify                           0x08010bb9   Thumb Code    32  net_arp.o(i.net_arp_notify)
    net_arp_process                          0x08010bd9   Thumb Code   536  net_arp.o(i.net_arp_process)
    net_atoi                                 0x08010dfd   Thumb Code    66  net_common.o(i.net_atoi)
    net_chksum_buf                           0x08010e3f   Thumb Code    48  net_common.o(i.net_chksum_buf)
    net_crc_buf                              0x08010e6f   Thumb Code    30  net_common.o(i.net_crc_buf)
    net_eth_callback                         0x08010e8d   Thumb Code    14  net_eth.o(i.net_eth_callback)
    net_eth_config_mcast                     0x08010e9b   Thumb Code   104  net_eth.o(i.net_eth_config_mcast)
    net_eth_get_option                       0x08010f03   Thumb Code   234  net_eth.o(i.net_eth_get_option)
    net_eth_iface_init                       0x08010fed   Thumb Code    22  net_eth.o(i.net_eth_iface_init)
    net_eth_iface_run                        0x08011009   Thumb Code    22  net_eth.o(i.net_eth_iface_run)
    net_eth_output                           0x08011025   Thumb Code   164  net_eth.o(i.net_eth_output)
    net_eth_send_frame                       0x080110cd   Thumb Code   462  net_eth.o(i.net_eth_send_frame)
    net_eth_set_option                       0x080112ad   Thumb Code   610  net_eth.o(i.net_eth_set_option)
    net_http_server_init                     0x0801151d   Thumb Code   212  net_http_server.o(i.net_http_server_init)
    net_http_server_run                      0x08011605   Thumb Code    30  net_http_server.o(i.net_http_server_run)
    net_icmp6_init                           0x0801162d   Thumb Code    20  net_icmp6.o(i.net_icmp6_init)
    net_icmp6_process                        0x08011645   Thumb Code   542  net_icmp6.o(i.net_icmp6_process)
    net_icmp6_send                           0x0801187d   Thumb Code   122  net_icmp6.o(i.net_icmp6_send)
    net_icmp6_send_echo                      0x08011901   Thumb Code    78  net_icmp6.o(i.net_icmp6_send_echo)
    net_icmp_init                            0x08011959   Thumb Code    20  net_icmp.o(i.net_icmp_init)
    net_icmp_process                         0x08011971   Thumb Code   430  net_icmp.o(i.net_icmp_process)
    net_icmp_send_echo                       0x08011b39   Thumb Code   142  net_icmp.o(i.net_icmp_send_echo)
    net_if_map_all                           0x08011bd9   Thumb Code     6  net_sys.o(i.net_if_map_all)
    net_ip4_chk_frame                        0x08011be5   Thumb Code   372  net_ip4.o(i.net_ip4_chk_frame)
    net_ip4_chksum                           0x08011d71   Thumb Code    44  net_ip4.o(i.net_ip4_chksum)
    net_ip4_chksum_buf                       0x08011d9d   Thumb Code     6  net_ip4.o(i.net_ip4_chksum_buf)
    net_ip4_find_route                       0x08011da5   Thumb Code   104  net_ip4.o(i.net_ip4_find_route)
    net_ip4_frag_add                         0x08011e25   Thumb Code   284  net_ip4_frag.o(i.net_ip4_frag_add)
    net_ip4_frag_get                         0x08011f49   Thumb Code   168  net_ip4_frag.o(i.net_ip4_frag_get)
    net_ip4_frag_init                        0x08011ff5   Thumb Code    12  net_ip4_frag.o(i.net_ip4_frag_init)
    net_ip4_frag_run                         0x08012005   Thumb Code    50  net_ip4_frag.o(i.net_ip4_frag_run)
    net_ip4_get_local                        0x08012041   Thumb Code    40  net_ip4.o(i.net_ip4_get_local)
    net_ip4_init                             0x0801206d   Thumb Code    22  net_ip4.o(i.net_ip4_init)
    net_ip4_is_onlink                        0x08012091   Thumb Code    32  net_ip4.o(i.net_ip4_is_onlink)
    net_ip4_is_subcast                       0x080120b1   Thumb Code    38  net_ip4.o(i.net_ip4_is_subcast)
    net_ip4_reass_frame                      0x080120d7   Thumb Code    14  net_ip4.o(i.net_ip4_reass_frame)
    net_ip4_send_frame                       0x080120e5   Thumb Code   340  net_ip4.o(i.net_ip4_send_frame)
    net_ip4_tx_offl_hl                       0x08012249   Thumb Code    42  net_ip4.o(i.net_ip4_tx_offl_hl)
    net_ip6_chk_frame                        0x08012275   Thumb Code   236  net_ip6.o(i.net_ip6_chk_frame)
    net_ip6_chksum                           0x08012375   Thumb Code    50  net_ip6.o(i.net_ip6_chksum)
    net_ip6_collect_mcast                    0x080123a9   Thumb Code   118  net_ip6.o(i.net_ip6_collect_mcast)
    net_ip6_find_route                       0x08012425   Thumb Code    56  net_ip6.o(i.net_ip6_find_route)
    net_ip6_get_local                        0x0801246d   Thumb Code    74  net_ip6.o(i.net_ip6_get_local)
    net_ip6_init                             0x080124c1   Thumb Code    20  net_ip6.o(i.net_ip6_init)
    net_ip6_send_frame                       0x080124dd   Thumb Code   192  net_ip6.o(i.net_ip6_send_frame)
    net_ip6_tx_offl_hl                       0x080125a9   Thumb Code    30  net_ip6.o(i.net_ip6_tx_offl_hl)
    net_itoa                                 0x080125c7   Thumb Code     8  net_common.o(i.net_itoa)
    net_itoa_n0                              0x080125cf   Thumb Code     6  net_common.o(i.net_itoa_n0)
    net_loop_iface_init                      0x080125d5   Thumb Code    40  net_loopback.o(i.net_loop_iface_init)
    net_loop_iface_run                       0x08012605   Thumb Code   176  net_loopback.o(i.net_loop_iface_run)
    net_loop_send_frame                      0x080126c1   Thumb Code   104  net_loopback.o(i.net_loop_send_frame)
    net_mem_alloc                            0x08012731   Thumb Code   178  net_mem.o(i.net_mem_alloc)
    net_mem_avail                            0x080127f1   Thumb Code    22  net_mem.o(i.net_mem_avail)
    net_mem_free                             0x0801280d   Thumb Code   152  net_mem.o(i.net_mem_free)
    net_mem_init                             0x080128b1   Thumb Code    98  net_mem.o(i.net_mem_init)
    net_mem_shrink                           0x08012921   Thumb Code    62  net_mem.o(i.net_mem_shrink)
    net_nbns_client_init                     0x08012969   Thumb Code    82  net_nbns_client.o(i.net_nbns_client_init)
    net_ndp_cache_find                       0x080129cd   Thumb Code   438  net_ndp.o(i.net_ndp_cache_find)
    net_ndp_cache_refresh                    0x08012b91   Thumb Code   112  net_ndp.o(i.net_ndp_cache_refresh)
    net_ndp_enqueue                          0x08012c09   Thumb Code   108  net_ndp.o(i.net_ndp_enqueue)
    net_ndp_process                          0x08012c79   Thumb Code   872  net_ndp.o(i.net_ndp_process)
    net_path                                 0x08012fed   Thumb Code    52  net_sys.o(i.net_path)
    net_ping_client_init                     0x08013025   Thumb Code    22  net_ping_core.o(i.net_ping_client_init)
    net_ping_client_run                      0x08013045   Thumb Code   110  net_ping_core.o(i.net_ping_client_run)
    net_rand32                               0x080130c5   Thumb Code    18  net_sys.o(i.net_rand32)
    net_strcasecmp                           0x080130e1   Thumb Code    46  net_common.o(i.net_strcasecmp)
    net_strcmp                               0x0801310f   Thumb Code    26  net_common.o(i.net_strcmp)
    net_strcpy                               0x08013129   Thumb Code    18  net_common.o(i.net_strcpy)
    net_strnchr                              0x0801313b   Thumb Code    28  net_common.o(i.net_strnchr)
    net_strncpy                              0x08013157   Thumb Code    26  net_common.o(i.net_strncpy)
    net_strtoupper                           0x08013171   Thumb Code    32  net_common.o(i.net_strtoupper)
    net_sys_lock                             0x08013191   Thumb Code     8  net_sys.o(i.net_sys_lock)
    net_sys_resume                           0x0801319d   Thumb Code    22  net_sys.o(i.net_sys_resume)
    net_sys_tick                             0x080131b5   Thumb Code    16  net_sys.o(i.net_sys_tick)
    net_sys_unlock                           0x080131c9   Thumb Code     8  net_sys.o(i.net_sys_unlock)
    net_sys_wakeup                           0x080131d5   Thumb Code    26  net_sys.o(i.net_sys_wakeup)
    net_tcp_abort                            0x080131f5   Thumb Code   122  net_tcp.o(i.net_tcp_abort)
    net_tcp_close                            0x08013279   Thumb Code   218  net_tcp.o(i.net_tcp_close)
    net_tcp_get_buf                          0x0801335d   Thumb Code    46  net_tcp.o(i.net_tcp_get_buf)
    net_tcp_get_local_port                   0x0801338d   Thumb Code    48  net_tcp.o(i.net_tcp_get_local_port)
    net_tcp_get_mss                          0x080133c1   Thumb Code    34  net_tcp.o(i.net_tcp_get_mss)
    net_tcp_get_peer                         0x080133e9   Thumb Code    80  net_tcp.o(i.net_tcp_get_peer)
    net_tcp_get_socket                       0x0801343d   Thumb Code   104  net_tcp.o(i.net_tcp_get_socket)
    net_tcp_get_state                        0x080134ad   Thumb Code    40  net_tcp.o(i.net_tcp_get_state)
    net_tcp_get_timer                        0x080134d9   Thumb Code    48  net_tcp.o(i.net_tcp_get_timer)
    net_tcp_listen                           0x0801350d   Thumb Code   168  net_tcp.o(i.net_tcp_listen)
    net_tcp_process                          0x080135bd   Thumb Code  1956  net_tcp.o(i.net_tcp_process)
    net_tcp_send                             0x08013d65   Thumb Code   336  net_tcp.o(i.net_tcp_send)
    net_tcp_set_option                       0x08013ec1   Thumb Code   288  net_tcp.o(i.net_tcp_set_option)
    net_tcp_socket_init                      0x08013fed   Thumb Code    30  net_tcp.o(i.net_tcp_socket_init)
    net_tcp_socket_run                       0x08014015   Thumb Code   938  net_tcp.o(i.net_tcp_socket_run)
    net_udp_get_buf                          0x080143d5   Thumb Code    46  net_udp.o(i.net_udp_get_buf)
    net_udp_get_socket                       0x08014405   Thumb Code   102  net_udp.o(i.net_udp_get_socket)
    net_udp_open                             0x08014475   Thumb Code   160  net_udp.o(i.net_udp_open)
    net_udp_process                          0x08014521   Thumb Code   322  net_udp.o(i.net_udp_process)
    net_udp_send_if                          0x08014679   Thumb Code   540  net_udp.o(i.net_udp_send_if)
    net_udp_socket_init                      0x080148a5   Thumb Code    30  net_udp.o(i.net_udp_socket_init)
    net_ultoa                                0x080148c9   Thumb Code     8  net_common.o(i.net_ultoa)
    net_ultox                                0x080148d1   Thumb Code    44  net_common.o(i.net_ultox)
    net_xtoul                                0x08014901   Thumb Code    76  net_common.o(i.net_xtoul)
    app_main_attr                            0x08015458   Data          36  http_server.o(.constdata)
    imageLastModified                        0x0801547c   Data           4  web.o(.constdata)
    Arial12x12                               0x0801fd50   Data        2400  lcd_1.o(.constdata)
    osRtxUserSVC                             0x08020710   Data           4  rtx_lib.o(.constdata)
    Driver_ETH_PHY0                          0x08020718   Data          32  phy_lan8742a.o(.constdata)
    Driver_ETH_MAC0                          0x08020788   Data          68  emac_stm32f4xx.o(.constdata)
    Driver_SPI1                              0x08020820   Data          44  spi_stm32f4xx.o(.constdata)
    EventRecorderInfo                        0x0802084c   Data          24  eventrecorder.o(.constdata)
    AHBPrescTable                            0x0802086c   Data          16  system_stm32f4xx.o(.constdata)
    APBPrescTable                            0x0802087c   Data           8  system_stm32f4xx.o(.constdata)
    net_sys_config                           0x0802092c   Data          28  net_config.o(.constdata)
    net_eth0_if_config                       0x08020990   Data          44  net_config.o(.constdata)
    net_eth_list                             0x080209bc   Data           8  net_config.o(.constdata)
    net_if_list_lan                          0x080209c4   Data           8  net_config.o(.constdata)
    net_if_list_all                          0x080209cc   Data           8  net_config.o(.constdata)
    net_if_inet_def                          0x080209d4   Data           8  net_config.o(.constdata)
    net_if_link_def                          0x080209dc   Data           8  net_config.o(.constdata)
    net_arp_list                             0x080209e4   Data           8  net_config.o(.constdata)
    net_icmp_list                            0x080209ec   Data           8  net_config.o(.constdata)
    net_icmp6_list                           0x080209f4   Data           4  net_config.o(.constdata)
    net_ip4_frag_config                      0x080209f8   Data           8  net_config.o(.constdata)
    net_udp_config                           0x08020a00   Data          12  net_config.o(.constdata)
    net_tcp_config                           0x08020a0c   Data          24  net_config.o(.constdata)
    net_http_config                          0x08020a24   Data          52  net_config.o(.constdata)
    netif_getopt_func                        0x08020aa0   Data          16  net_config.o(.constdata)
    netif_setopt_func                        0x08020ab0   Data          16  net_config.o(.constdata)
    net_loop_if_config                       0x08020ac0   Data          44  net_loopback.o(.constdata)
    net_ping_payload                         0x08020bfa   Data          18  net_ping_core.o(.constdata)
    net_addr_unspec                          0x08020c0c   Data          16  net_addr.o(.constdata)
    net_addr_bcast                           0x08020c1c   Data           6  net_addr.o(.constdata)
    net_addr4_loopback                       0x08020c22   Data           4  net_ip4.o(.constdata)
    net_addr6_all_nodes                      0x08020c26   Data          16  net_ip6.o(.constdata)
    net_addr6_loopback                       0x08020c36   Data          16  net_ip6.o(.constdata)
    net_http_error                           0x08020c48   Data          24  net_http_server_err.o(.constdata)
    net_lib_version                          0x08020c70   Data           4  net_version.o(.constdata)
    network_ip4ip6_debug_v7.15.0             0x08020c70   Data           4  net_version.o(.constdata)
    osRtxConfig                              0x08021024   Data         112  rtx_lib.o(.rodata)
    os_cb_sections                           0x08021094   Data          56  rtx_lib.o(.rodata)
    Region$$Table$$Base                      0x080210cc   Number         0  anon$$obj.o(Region$$Table)
    Region$$Table$$Limit                     0x080210fc   Number         0  anon$$obj.o(Region$$Table)
    .bss.os.msgqueue.cb$$Base                0x20008044   Number         0  rtx_lib.o(.bss.os.msgqueue.cb)
    .bss.os.msgqueue.cb$$Limit               0x20008078   Number         0  rtx_lib.o(.bss.os.msgqueue.cb)
    .bss.os.mutex.cb$$Base                   0x200080c8   Number         0  net_config.o(.bss.os.mutex.cb)
    .bss.os.mutex.cb$$Limit                  0x20008100   Number         0  net_config.o(.bss.os.mutex.cb)
    .bss.os.semaphore.cb$$Base               0x20008100   Number         0  net_config.o(.bss.os.semaphore.cb)
    .bss.os.semaphore.cb$$Limit              0x20008110   Number         0  net_config.o(.bss.os.semaphore.cb)
    .bss.os.thread.cb$$Base                  0x20008110   Number         0  rtx_lib.o(.bss.os.thread.cb)
    .bss.os.thread.cb$$Limit                 0x20008220   Number         0  net_config.o(.bss.os.thread.cb)
    .bss.os.timer.cb$$Base                   0x20008620   Number         0  net_config.o(.bss.os.timer.cb)
    .bss.os.timer.cb$$Limit                  0x20008640   Number         0  net_config.o(.bss.os.timer.cb)
    LEDrun                                   0x20008644   Data           1  http_server.o(.data)
    TID_Display                              0x20008648   Data           4  http_server.o(.data)
    TID_Led                                  0x2000864c   Data           4  http_server.o(.data)
    lcd_text                                 0x20008650   Data          42  http_server.o(.data)
    positionL1                               0x20008684   Data           2  lcd_1.o(.data)
    positionL2                               0x20008686   Data           2  lcd_1.o(.data)
    positionL3                               0x20008688   Data           2  lcd_1.o(.data)
    SPIdrv                                   0x2000868c   Data           4  lcd_1.o(.data)
    SPIstatus                                0x20008690   Data           4  lcd_1.o(.data)
    mid_MsgQueue_ServerLcd                   0x20008694   Data           4  lcd_1.o(.data)
    tid_Thlcd                                0x20008698   Data           4  lcd_1.o(.data)
    uwTickFreq                               0x2000869c   Data           1  stm32f4xx_hal.o(.data)
    uwTickPrio                               0x200086a0   Data           4  stm32f4xx_hal.o(.data)
    uwTick                                   0x200086a4   Data           4  stm32f4xx_hal.o(.data)
    SystemCoreClock                          0x200086a8   Data           4  system_stm32f4xx.o(.data)
    net_eth0_icmp_control                    0x200086c4   Data           1  net_icmp.o(.data)
    osRtxInfo                                0x200086e8   Data         164  rtx_kernel.o(.data.os)
    app_main_stk                             0x200087a8   Data        1024  http_server.o(.bss)
    htim7                                    0x20008be0   Data          64  lcd_1.o(.bss)
    buffer                                   0x20008c20   Data         512  lcd_1.o(.bss)
    msg_TimeDataLcd_recibido                 0x20008e20   Data          60  lcd_1.o(.bss)
    net_eth0_if_control                      0x2000ef10   Data         160  net_eth.o(.bss)
    net_eth0_arp_control                     0x2000efb0   Data          24  net_arp.o(.bss)
    net_http_control                         0x2000f068   Data          20  net_http_server.o(.bss)
    net_ping_control                         0x2000f07c   Data          44  net_ping_core.o(.bss)
    net_sys_control                          0x2000f0b8   Data          28  net_sys.o(.bss)
    net_dbg_buf                              0x2000f0e0   Data          36  net_sys.o(.bss)
    __initial_sp                             0x2000f578   Data           0  startup_stm32f429xx.o(STACK)



==============================================================================

Memory Map of the image

  Image Entry point : 0x080001ad

  Load Region LR_IROM1 (Base: 0x08000000, Size: 0x00029888, Max: 0x00200000, ABSOLUTE, COMPRESSED[0x00021234])

    Execution Region ER_IROM1 (Exec base: 0x08000000, Load base: 0x08000000, Size: 0x000210fc, Max: 0x00200000, ABSOLUTE)

    Exec Addr    Load Addr    Size         Type   Attr      Idx    E Section Name        Object

    0x08000000   0x08000000   0x000001ac   Data   RO         1463    RESET               startup_stm32f429xx.o
    0x080001ac   0x080001ac   0x00000000   Code   RO         2505  * .ARM.Collect$$$$00000000  mc_w.l(entry.o)
    0x080001ac   0x080001ac   0x00000004   Code   RO         2791    .ARM.Collect$$$$00000001  mc_w.l(entry2.o)
    0x080001b0   0x080001b0   0x00000004   Code   RO         2794    .ARM.Collect$$$$00000004  mc_w.l(entry5.o)
    0x080001b4   0x080001b4   0x00000000   Code   RO         2796    .ARM.Collect$$$$00000008  mc_w.l(entry7b.o)
    0x080001b4   0x080001b4   0x00000000   Code   RO         2798    .ARM.Collect$$$$0000000A  mc_w.l(entry8b.o)
    0x080001b4   0x080001b4   0x00000008   Code   RO         2799    .ARM.Collect$$$$0000000B  mc_w.l(entry9a.o)
    0x080001bc   0x080001bc   0x00000004   Code   RO         2806    .ARM.Collect$$$$0000000E  mc_w.l(entry12b.o)
    0x080001c0   0x080001c0   0x00000000   Code   RO         2801    .ARM.Collect$$$$0000000F  mc_w.l(entry10a.o)
    0x080001c0   0x080001c0   0x00000000   Code   RO         2803    .ARM.Collect$$$$00000011  mc_w.l(entry11a.o)
    0x080001c0   0x080001c0   0x00000004   Code   RO         2792    .ARM.Collect$$$$00002712  mc_w.l(entry2.o)
    0x080001c4   0x080001c4   0x00000148   Code   RO          652    .emb_text           rtx_mempool.o
    0x0800030c   0x0800030c   0x00000148   Code   RO          683    .emb_text           rtx_msgqueue.o
    0x08000454   0x08000454   0x00000148   Code   RO          748    .emb_text           rtx_semaphore.o
    0x0800059c   0x0800059c   0x00000148   Code   RO          779    .emb_text           rtx_system.o
    0x080006e4   0x080006e4   0x00000148   Code   RO          813    .emb_text           rtx_thread.o
    0x0800082c   0x0800082c   0x00000074   Code   RO         1034    .emb_text           eventrecorder.o
    0x080008a0   0x080008a0   0x00000114   Code   RO            4    .text               main.o
    0x080009b4   0x080009b4   0x000001d8   Code   RO          144    .text               http_server.o
    0x08000b8c   0x08000b8c   0x000006a4   Code   RO          212    .text               http_server_cgi.o
    0x08001230   0x08001230   0x00000078   Code   RO          248    .text               web.o
    0x080012a8   0x080012a8   0x00000130   Code   RO          268    .text               leds_1.o
    0x080013d8   0x080013d8   0x00000468   Code   RO          292    .text               lcd_1.o
    0x08001840   0x08001840   0x00000094   Code   RO          391    .text               irq_armv7m.o
    0x080018d4   0x080018d4   0x00000104   Code   RO          399    .text               rtx_delay.o
    0x080019d8   0x080019d8   0x00000958   Code   RO          497    .text               rtx_evr.o
    0x08002330   0x08002330   0x000006cc   Code   RO          525    .text               rtx_kernel.o
    0x080029fc   0x080029fc   0x00000018   Code   RO          573    .text               rtx_lib.o
    0x08002a14   0x08002a14   0x00000124   Code   RO          622    .text               rtx_memory.o
    0x08002b38   0x08002b38   0x00000678   Code   RO          653    .text               rtx_mempool.o
    0x080031b0   0x080031b0   0x000009bc   Code   RO          684    .text               rtx_msgqueue.o
    0x08003b6c   0x08003b6c   0x00000558   Code   RO          718    .text               rtx_mutex.o
    0x080040c4   0x080040c4   0x00000450   Code   RO          749    .text               rtx_semaphore.o
    0x08004514   0x08004514   0x00000154   Code   RO          780    .text               rtx_system.o
    0x08004668   0x08004668   0x000011e4   Code   RO          814    .text               rtx_thread.o
    0x0800584c   0x0800584c   0x00000480   Code   RO          848    .text               rtx_timer.o
    0x08005ccc   0x08005ccc   0x000000c4   Code   RO          878    .text               os_systick.o
    0x08005d90   0x08005d90   0x00000004   Code   RO          904    .text               rtx_config.o
    0x08005d94   0x08005d94   0x000001ac   Code   RO          925    .text               phy_lan8742a.o
    0x08005f40   0x08005f40   0x000009e8   Code   RO          953    .text               emac_stm32f4xx.o
    0x08006928   0x08006928   0x00000c5c   Code   RO          992    .text               spi_stm32f4xx.o
    0x08007584   0x08007584   0x00000538   Code   RO         1035    .text               eventrecorder.o
    0x08007abc   0x08007abc   0x000001c8   Code   RO         1069    .text               stm32f4xx_hal.o
    0x08007c84   0x08007c84   0x00000298   Code   RO         1147    .text               stm32f4xx_hal_cortex.o
    0x08007f1c   0x08007f1c   0x00000718   Code   RO         1175    .text               stm32f4xx_hal_dma.o
    0x08008634   0x08008634   0x00000364   Code   RO         1224    .text               stm32f4xx_hal_gpio.o
    0x08008998   0x08008998   0x00000760   Code   RO         1296    .text               stm32f4xx_hal_rcc.o
    0x080090f8   0x080090f8   0x000023d2   Code   RO         1392    .text               stm32f4xx_hal_tim.o
    0x0800b4ca   0x0800b4ca   0x00000002   PAD
    0x0800b4cc   0x0800b4cc   0x00000bb0   Code   RO         1416    .text               stm32f4xx_hal_tim_ex.o
    0x0800c07c   0x0800c07c   0x00000024   Code   RO         1464    .text               startup_stm32f429xx.o
    0x0800c0a0   0x0800c0a0   0x000000a0   Code   RO         1471    .text               system_stm32f4xx.o
    0x0800c140   0x0800c140   0x00000178   Code   RO         1500    .text               net_config.o
    0x0800c2b8   0x0800c2b8   0x00000152   Code   RO         1587    .text               net_debug.o
    0x0800c40a   0x0800c40a   0x00000062   Code   RO         2508    .text               mc_w.l(uldiv.o)
    0x0800c46c   0x0800c46c   0x00000024   Code   RO         2510    .text               mc_w.l(memcpya.o)
    0x0800c490   0x0800c490   0x00000024   Code   RO         2512    .text               mc_w.l(memseta.o)
    0x0800c4b4   0x0800c4b4   0x0000000e   Code   RO         2514    .text               mc_w.l(strlen.o)
    0x0800c4c2   0x0800c4c2   0x0000001c   Code   RO         2516    .text               mc_w.l(strcmp.o)
    0x0800c4de   0x0800c4de   0x0000001a   Code   RO         2518    .text               mc_w.l(memcmp.o)
    0x0800c4f8   0x0800c4f8   0x00000012   Code   RO         2520    .text               mc_w.l(strcpy.o)
    0x0800c50a   0x0800c50a   0x0000001e   Code   RO         2522    .text               mc_w.l(strncmp.o)
    0x0800c528   0x0800c528   0x000000e4   Code   RO         2787    .text               mf_w.l(dmul.o)
    0x0800c60c   0x0800c60c   0x00000026   Code   RO         2789    .text               mf_w.l(f2d.o)
    0x0800c632   0x0800c632   0x0000002c   Code   RO         2810    .text               mc_w.l(uidiv.o)
    0x0800c65e   0x0800c65e   0x0000001e   Code   RO         2812    .text               mc_w.l(llshl.o)
    0x0800c67c   0x0800c67c   0x00000020   Code   RO         2814    .text               mc_w.l(llushr.o)
    0x0800c69c   0x0800c69c   0x00000000   Code   RO         2816    .text               mc_w.l(iusefp.o)
    0x0800c69c   0x0800c69c   0x000000ba   Code   RO         2817    .text               mf_w.l(depilogue.o)
    0x0800c756   0x0800c756   0x0000014e   Code   RO         2819    .text               mf_w.l(dadd.o)
    0x0800c8a4   0x0800c8a4   0x000000de   Code   RO         2821    .text               mf_w.l(ddiv.o)
    0x0800c982   0x0800c982   0x00000030   Code   RO         2823    .text               mf_w.l(dfixul.o)
    0x0800c9b2   0x0800c9b2   0x00000002   PAD
    0x0800c9b4   0x0800c9b4   0x00000030   Code   RO         2825    .text               mf_w.l(cdrcmple.o)
    0x0800c9e4   0x0800c9e4   0x00000024   Code   RO         2827    .text               mc_w.l(init.o)
    0x0800ca08   0x0800ca08   0x00000024   Code   RO         2830    .text               mc_w.l(llsshr.o)
    0x0800ca2c   0x0800ca2c   0x00000056   Code   RO         2840    .text               mc_w.l(__dczerorl2.o)
    0x0800ca82   0x0800ca82   0x00000002   PAD
    0x0800ca84   0x0800ca84   0x00000028   Code   RO         2761    i.__0sprintf        mc_w.l(printfa.o)
    0x0800caac   0x0800caac   0x0000000e   Code   RO         2834    i.__scatterload_copy  mc_w.l(handlers.o)
    0x0800caba   0x0800caba   0x00000002   Code   RO         2835    i.__scatterload_null  mc_w.l(handlers.o)
    0x0800cabc   0x0800cabc   0x0000000e   Code   RO         2836    i.__scatterload_zeroinit  mc_w.l(handlers.o)
    0x0800caca   0x0800caca   0x00000002   PAD
    0x0800cacc   0x0800cacc   0x00000184   Code   RO         2766    i._fp_digits        mc_w.l(printfa.o)
    0x0800cc50   0x0800cc50   0x000006b4   Code   RO         2767    i._printf_core      mc_w.l(printfa.o)
    0x0800d304   0x0800d304   0x00000024   Code   RO         2768    i._printf_post_padding  mc_w.l(printfa.o)
    0x0800d328   0x0800d328   0x0000002e   Code   RO         2769    i._printf_pre_padding  mc_w.l(printfa.o)
    0x0800d356   0x0800d356   0x0000000a   Code   RO         2771    i._sputc            mc_w.l(printfa.o)
    0x0800d360   0x0800d360   0x00000054   Code   RO         1993    i.add_server_id     Net_Dbg_CM3_L.lib(net_http_server.o)
    0x0800d3b4   0x0800d3b4   0x0000005c   Code   RO         1673    i.arp_cache_alloc   Net_Dbg_CM3_L.lib(net_arp.o)
    0x0800d410   0x0800d410   0x00000170   Code   RO         1674    i.arp_cache_run     Net_Dbg_CM3_L.lib(net_arp.o)
    0x0800d580   0x0800d580   0x00000038   Code   RO         1675    i.arp_is_cacheable  Net_Dbg_CM3_L.lib(net_arp.o)
    0x0800d5b8   0x0800d5b8   0x00000088   Code   RO         1676    i.arp_probe_run     Net_Dbg_CM3_L.lib(net_arp.o)
    0x0800d640   0x0800d640   0x000000d8   Code   RO         1678    i.arp_proc_response  Net_Dbg_CM3_L.lib(net_arp.o)
    0x0800d718   0x0800d718   0x0000001a   Code   RO         1679    i.arp_que_free      Net_Dbg_CM3_L.lib(net_arp.o)
    0x0800d732   0x0800d732   0x00000002   PAD
    0x0800d734   0x0800d734   0x000000a0   Code   RO         1680    i.arp_send_reply    Net_Dbg_CM3_L.lib(net_arp.o)
    0x0800d7d4   0x0800d7d4   0x000000d0   Code   RO         1681    i.arp_send_request  Net_Dbg_CM3_L.lib(net_arp.o)
    0x0800d8a4   0x0800d8a4   0x00000068   Code   RO         1682    i.arp_sender_valid  Net_Dbg_CM3_L.lib(net_arp.o)
    0x0800d90c   0x0800d90c   0x0000018c   Code   RO         1994    i.chk_post_req      Net_Dbg_CM3_L.lib(net_http_server.o)
    0x0800da98   0x0800da98   0x00000028   Code   RO         2445    i.crc32_8bit        Net_Dbg_CM3_L.lib(net_common.o)
    0x0800dac0   0x0800dac0   0x0000009a   Code   RO         1617    i.eth_check_link    Net_Dbg_CM3_L.lib(net_eth.o)
    0x0800db5a   0x0800db5a   0x00000002   PAD
    0x0800db5c   0x0800db5c   0x00000020   Code   RO         1618    i.eth_if_map        Net_Dbg_CM3_L.lib(net_eth.o)
    0x0800db7c   0x0800db7c   0x00000304   Code   RO         1619    i.eth_iface_init    Net_Dbg_CM3_L.lib(net_eth.o)
    0x0800de80   0x0800de80   0x00000290   Code   RO         1620    i.eth_iface_run     Net_Dbg_CM3_L.lib(net_eth.o)
    0x0800e110   0x0800e110   0x00000008   Code   RO         1622    i.eth_lock          Net_Dbg_CM3_L.lib(net_eth.o)
    0x0800e118   0x0800e118   0x0000001c   Code   RO         1623    i.eth_mtu_limit     Net_Dbg_CM3_L.lib(net_eth.o)
    0x0800e134   0x0800e134   0x00000048   Code   RO         1624    i.eth_opt_len       Net_Dbg_CM3_L.lib(net_eth.o)
    0x0800e17c   0x0800e17c   0x00000088   Code   RO         1625    i.eth_receive       Net_Dbg_CM3_L.lib(net_eth.o)
    0x0800e204   0x0800e204   0x00000008   Code   RO         1626    i.eth_unlock        Net_Dbg_CM3_L.lib(net_eth.o)
    0x0800e20c   0x0800e20c   0x0000007c   Code   RO         1757    i.frag_map_session  Net_Dbg_CM3_L.lib(net_ip4_frag.o)
    0x0800e288   0x0800e288   0x00000028   Code   RO         1995    i.get_next_field    Net_Dbg_CM3_L.lib(net_http_server.o)
    0x0800e2b0   0x0800e2b0   0x00000032   Code   RO         1996    i.get_next_par      Net_Dbg_CM3_L.lib(net_http_server.o)
    0x0800e2e2   0x0800e2e2   0x00000022   Code   RO         1997    i.hex2byte          Net_Dbg_CM3_L.lib(net_http_server.o)
    0x0800e304   0x0800e304   0x0000036c   Code   RO         1998    i.http_add_header   Net_Dbg_CM3_L.lib(net_http_server.o)
    0x0800e670   0x0800e670   0x000001cc   Code   RO         1999    i.http_error_msg    Net_Dbg_CM3_L.lib(net_http_server.o)
    0x0800e83c   0x0800e83c   0x00000078   Code   RO         2000    i.http_get_ftype    Net_Dbg_CM3_L.lib(net_http_server.o)
    0x0800e8b4   0x0800e8b4   0x0000005e   Code   RO         2001    i.http_kill_session  Net_Dbg_CM3_L.lib(net_http_server.o)
    0x0800e912   0x0800e912   0x00000002   PAD
    0x0800e914   0x0800e914   0x000002a8   Code   RO         2002    i.http_listener     Net_Dbg_CM3_L.lib(net_http_server.o)
    0x0800ebbc   0x0800ebbc   0x00000184   Code   RO         2003    i.http_open_file    Net_Dbg_CM3_L.lib(net_http_server.o)
    0x0800ed40   0x0800ed40   0x0000011c   Code   RO         2004    i.http_parse_header  Net_Dbg_CM3_L.lib(net_http_server.o)
    0x0800ee5c   0x0800ee5c   0x000001a8   Code   RO         2005    i.http_proc_multipart  Net_Dbg_CM3_L.lib(net_http_server.o)
    0x0800f004   0x0800f004   0x00000138   Code   RO         2006    i.http_proc_post    Net_Dbg_CM3_L.lib(net_http_server.o)
    0x0800f13c   0x0800f13c   0x00000468   Code   RO         2007    i.http_server_run   Net_Dbg_CM3_L.lib(net_http_server.o)
    0x0800f5a4   0x0800f5a4   0x00000060   Code   RO         2008    i.http_server_start  Net_Dbg_CM3_L.lib(net_http_server.o)
    0x0800f604   0x0800f604   0x00000020   Code   RO         2010    i.http_strcpy       Net_Dbg_CM3_L.lib(net_http_server.o)
    0x0800f624   0x0800f624   0x000000ac   Code   RO         2011    i.http_to_utc       Net_Dbg_CM3_L.lib(net_http_server.o)
    0x0800f6d0   0x0800f6d0   0x0000001a   Code   RO         2446    i.i2str             Net_Dbg_CM3_L.lib(net_common.o)
    0x0800f6ea   0x0800f6ea   0x0000000c   Code   RO         2323    i.ip4_get_chksum    Net_Dbg_CM3_L.lib(net_ip4.o)
    0x0800f6f6   0x0800f6f6   0x00000028   Code   RO         2324    i.ip4_get_mtu       Net_Dbg_CM3_L.lib(net_ip4.o)
    0x0800f71e   0x0800f71e   0x00000040   Code   RO         2186    i.ip4_ntoa          Net_Dbg_CM3_L.lib(net_addr.o)
    0x0800f75e   0x0800f75e   0x00000002   PAD
    0x0800f760   0x0800f760   0x000000ca   Code   RO         2187    i.ip6_ntoa          Net_Dbg_CM3_L.lib(net_addr.o)
    0x0800f82a   0x0800f82a   0x00000002   PAD
    0x0800f82c   0x0800f82c   0x0000000c   Code   RO         2422    i.mem_lock          Net_Dbg_CM3_L.lib(net_mem.o)
    0x0800f838   0x0800f838   0x0000000c   Code   RO         2423    i.mem_unlock        Net_Dbg_CM3_L.lib(net_mem.o)
    0x0800f844   0x0800f844   0x000001a4   Code   RO         1979    i.nbns_listener     Net_Dbg_CM3_L.lib(net_nbns_client.o)
    0x0800f9e8   0x0800f9e8   0x00000120   Code   RO         2253    i.ndp_cache_add     Net_Dbg_CM3_L.lib(net_ndp.o)
    0x0800fb08   0x0800fb08   0x00000072   Code   RO         2254    i.ndp_cache_alloc   Net_Dbg_CM3_L.lib(net_ndp.o)
    0x0800fb7a   0x0800fb7a   0x00000002   PAD
    0x0800fb7c   0x0800fb7c   0x00000078   Code   RO         2255    i.ndp_cache_delete  Net_Dbg_CM3_L.lib(net_ndp.o)
    0x0800fbf4   0x0800fbf4   0x0000002c   Code   RO         2257    i.ndp_check_frame   Net_Dbg_CM3_L.lib(net_ndp.o)
    0x0800fc20   0x0800fc20   0x00000012   Code   RO         2258    i.ndp_next_opt      Net_Dbg_CM3_L.lib(net_ndp.o)
    0x0800fc32   0x0800fc32   0x00000002   PAD
    0x0800fc34   0x0800fc34   0x000000e4   Code   RO         2259    i.ndp_prefix_add    Net_Dbg_CM3_L.lib(net_ndp.o)
    0x0800fd18   0x0800fd18   0x000000fc   Code   RO         2262    i.ndp_proc_response  Net_Dbg_CM3_L.lib(net_ndp.o)
    0x0800fe14   0x0800fe14   0x0000001a   Code   RO         2263    i.ndp_que_free      Net_Dbg_CM3_L.lib(net_ndp.o)
    0x0800fe2e   0x0800fe2e   0x00000002   PAD
    0x0800fe30   0x0800fe30   0x00000038   Code   RO         2264    i.ndp_router_remove  Net_Dbg_CM3_L.lib(net_ndp.o)
    0x0800fe68   0x0800fe68   0x0000009c   Code   RO         2265    i.ndp_send_reply    Net_Dbg_CM3_L.lib(net_ndp.o)
    0x0800ff04   0x0800ff04   0x000000bc   Code   RO         2266    i.ndp_send_request  Net_Dbg_CM3_L.lib(net_ndp.o)
    0x0800ffc0   0x0800ffc0   0x00000004   Code   RO         2012    i.netCGI_Charset    Net_Dbg_CM3_L.lib(net_http_server.o)
    0x0800ffc4   0x0800ffc4   0x00000004   Code   RO         2013    i.netCGI_ContentType  Net_Dbg_CM3_L.lib(net_http_server.o)
    0x0800ffc8   0x0800ffc8   0x00000004   Code   RO         2014    i.netCGI_CustomHeader  Net_Dbg_CM3_L.lib(net_http_server.o)
    0x0800ffcc   0x0800ffcc   0x0000006c   Code   RO         2015    i.netCGI_GetEnvVar  Net_Dbg_CM3_L.lib(net_http_server.o)
    0x08010038   0x08010038   0x00000004   Code   RO         2018    i.netCGI_Redirect   Net_Dbg_CM3_L.lib(net_http_server.o)
    0x0801003c   0x0801003c   0x00000004   Code   RO         2020    i.netCGX_ContentType  Net_Dbg_CM3_L.lib(net_http_server.o)
    0x08010040   0x08010040   0x00000064   Code   RO         2136    i.netCore_Thread    Net_Dbg_CM3_L.lib(net_sys.o)
    0x080100a4   0x080100a4   0x00000002   Code   RO         1627    i.netETH_Notify     Net_Dbg_CM3_L.lib(net_eth.o)
    0x080100a6   0x080100a6   0x00000002   Code   RO         1628    i.netETH_ReceiveRaw  Net_Dbg_CM3_L.lib(net_eth.o)
    0x080100a8   0x080100a8   0x00000072   Code   RO         1630    i.netETH_Thread     Net_Dbg_CM3_L.lib(net_eth.o)
    0x0801011a   0x0801011a   0x00000004   Code   RO         2021    i.netHTTPs_AcceptClient  Net_Dbg_CM3_L.lib(net_http_server.o)
    0x0801011e   0x0801011e   0x00000004   Code   RO         2023    i.netHTTPs_FileAccess  Net_Dbg_CM3_L.lib(net_http_server.o)
    0x08010122   0x08010122   0x00000002   PAD
    0x08010124   0x08010124   0x00000020   Code   RO         2026    i.netHTTPs_GetLanguage  Net_Dbg_CM3_L.lib(net_http_server.o)
    0x08010144   0x08010144   0x0000000c   Code   RO         2027    i.netHTTPs_GetPassword  Net_Dbg_CM3_L.lib(net_http_server.o)
    0x08010150   0x08010150   0x0000000c   Code   RO         2033    i.netHTTPs_LoginActive  Net_Dbg_CM3_L.lib(net_http_server.o)
    0x0801015c   0x0801015c   0x00000058   Code   RO         2036    i.netHTTPs_SetPassword  Net_Dbg_CM3_L.lib(net_http_server.o)
    0x080101b4   0x080101b4   0x00000088   Code   RO         2137    i.netIF_GetOption   Net_Dbg_CM3_L.lib(net_sys.o)
    0x0801023c   0x0801023c   0x00000084   Code   RO         2139    i.netIF_SetOption   Net_Dbg_CM3_L.lib(net_sys.o)
    0x080102c0   0x080102c0   0x0000001a   Code   RO         2189    i.netIP_aton        Net_Dbg_CM3_L.lib(net_addr.o)
    0x080102da   0x080102da   0x00000032   Code   RO         2190    i.netIP_ntoa        Net_Dbg_CM3_L.lib(net_addr.o)
    0x0801030c   0x0801030c   0x000000ac   Code   RO         2140    i.netInitialize     Net_Dbg_CM3_L.lib(net_sys.o)
    0x080103b8   0x080103b8   0x0000008c   Code   RO         2191    i.netMAC_aton       Net_Dbg_CM3_L.lib(net_addr.o)
    0x08010444   0x08010444   0x00000004   Code   RO         1860    i.netTCP_GetLocalPort  Net_Dbg_CM3_L.lib(net_tcp.o)
    0x08010448   0x08010448   0x00000020   Code   RO         1862    i.netTCP_GetPeer    Net_Dbg_CM3_L.lib(net_tcp.o)
    0x08010468   0x08010468   0x00000004   Code   RO         1864    i.netTCP_GetState   Net_Dbg_CM3_L.lib(net_tcp.o)
    0x0801046c   0x0801046c   0x00000004   Code   RO         1865    i.netTCP_GetTimer   Net_Dbg_CM3_L.lib(net_tcp.o)
    0x08010470   0x08010470   0x0000007c   Code   RO         2193    i.net_addr4_aton    Net_Dbg_CM3_L.lib(net_addr.o)
    0x080104ec   0x080104ec   0x0000001e   Code   RO         2195    i.net_addr4_to_mac  Net_Dbg_CM3_L.lib(net_addr.o)
    0x0801050a   0x0801050a   0x00000002   PAD
    0x0801050c   0x0801050c   0x000000e6   Code   RO         2196    i.net_addr6_aton    Net_Dbg_CM3_L.lib(net_addr.o)
    0x080105f2   0x080105f2   0x00000028   Code   RO         2197    i.net_addr6_comp    Net_Dbg_CM3_L.lib(net_addr.o)
    0x0801061a   0x0801061a   0x00000012   Code   RO         2198    i.net_addr6_copy    Net_Dbg_CM3_L.lib(net_addr.o)
    0x0801062c   0x0801062c   0x0000004c   Code   RO         2199    i.net_addr6_create  Net_Dbg_CM3_L.lib(net_addr.o)
    0x08010678   0x08010678   0x00000028   Code   RO         2200    i.net_addr6_get_solicited  Net_Dbg_CM3_L.lib(net_addr.o)
    0x080106a0   0x080106a0   0x00000018   Code   RO         2201    i.net_addr6_is_linklocal  Net_Dbg_CM3_L.lib(net_addr.o)
    0x080106b8   0x080106b8   0x0000006e   Code   RO         2202    i.net_addr6_is_onlink  Net_Dbg_CM3_L.lib(net_addr.o)
    0x08010726   0x08010726   0x00000048   Code   RO         2203    i.net_addr6_is_solicited  Net_Dbg_CM3_L.lib(net_addr.o)
    0x0801076e   0x0801076e   0x00000018   Code   RO         2204    i.net_addr6_is_unspec  Net_Dbg_CM3_L.lib(net_addr.o)
    0x08010786   0x08010786   0x0000000e   Code   RO         2206    i.net_addr6_to_mac  Net_Dbg_CM3_L.lib(net_addr.o)
    0x08010794   0x08010794   0x00000026   Code   RO         2208    i.net_addr_copy     Net_Dbg_CM3_L.lib(net_addr.o)
    0x080107ba   0x080107ba   0x0000001a   Code   RO         2209    i.net_addr_find_route  Net_Dbg_CM3_L.lib(net_addr.o)
    0x080107d4   0x080107d4   0x00000020   Code   RO         2211    i.net_addr_get_local  Net_Dbg_CM3_L.lib(net_addr.o)
    0x080107f4   0x080107f4   0x00000022   Code   RO         2212    i.net_addr_is_unspec  Net_Dbg_CM3_L.lib(net_addr.o)
    0x08010816   0x08010816   0x00000002   PAD
    0x08010818   0x08010818   0x0000011c   Code   RO         1690    i.net_arp_cache_add  Net_Dbg_CM3_L.lib(net_arp.o)
    0x08010934   0x08010934   0x000000bc   Code   RO         1691    i.net_arp_cache_early  Net_Dbg_CM3_L.lib(net_arp.o)
    0x080109f0   0x080109f0   0x000000ec   Code   RO         1692    i.net_arp_cache_find  Net_Dbg_CM3_L.lib(net_arp.o)
    0x08010adc   0x08010adc   0x00000048   Code   RO         1693    i.net_arp_cache_init  Net_Dbg_CM3_L.lib(net_arp.o)
    0x08010b24   0x08010b24   0x0000001c   Code   RO         1694    i.net_arp_cache_run  Net_Dbg_CM3_L.lib(net_arp.o)
    0x08010b40   0x08010b40   0x00000078   Code   RO         1696    i.net_arp_enqueue   Net_Dbg_CM3_L.lib(net_arp.o)
    0x08010bb8   0x08010bb8   0x00000020   Code   RO         1698    i.net_arp_notify    Net_Dbg_CM3_L.lib(net_arp.o)
    0x08010bd8   0x08010bd8   0x00000224   Code   RO         1700    i.net_arp_process   Net_Dbg_CM3_L.lib(net_arp.o)
    0x08010dfc   0x08010dfc   0x00000042   Code   RO         2447    i.net_atoi          Net_Dbg_CM3_L.lib(net_common.o)
    0x08010e3e   0x08010e3e   0x00000030   Code   RO         2449    i.net_chksum_buf    Net_Dbg_CM3_L.lib(net_common.o)
    0x08010e6e   0x08010e6e   0x0000001e   Code   RO         2450    i.net_crc_buf       Net_Dbg_CM3_L.lib(net_common.o)
    0x08010e8c   0x08010e8c   0x0000000e   Code   RO         1631    i.net_eth_callback  Net_Dbg_CM3_L.lib(net_eth.o)
    0x08010e9a   0x08010e9a   0x00000068   Code   RO         1632    i.net_eth_config_mcast  Net_Dbg_CM3_L.lib(net_eth.o)
    0x08010f02   0x08010f02   0x000000ea   Code   RO         1634    i.net_eth_get_option  Net_Dbg_CM3_L.lib(net_eth.o)
    0x08010fec   0x08010fec   0x0000001c   Code   RO         1635    i.net_eth_iface_init  Net_Dbg_CM3_L.lib(net_eth.o)
    0x08011008   0x08011008   0x0000001c   Code   RO         1636    i.net_eth_iface_run  Net_Dbg_CM3_L.lib(net_eth.o)
    0x08011024   0x08011024   0x000000a8   Code   RO         1638    i.net_eth_output    Net_Dbg_CM3_L.lib(net_eth.o)
    0x080110cc   0x080110cc   0x000001e0   Code   RO         1639    i.net_eth_send_frame  Net_Dbg_CM3_L.lib(net_eth.o)
    0x080112ac   0x080112ac   0x00000270   Code   RO         1640    i.net_eth_set_option  Net_Dbg_CM3_L.lib(net_eth.o)
    0x0801151c   0x0801151c   0x000000e8   Code   RO         2042    i.net_http_server_init  Net_Dbg_CM3_L.lib(net_http_server.o)
    0x08011604   0x08011604   0x00000028   Code   RO         2043    i.net_http_server_run  Net_Dbg_CM3_L.lib(net_http_server.o)
    0x0801162c   0x0801162c   0x00000018   Code   RO         2395    i.net_icmp6_init    Net_Dbg_CM3_L.lib(net_icmp6.o)
    0x08011644   0x08011644   0x00000238   Code   RO         2396    i.net_icmp6_process  Net_Dbg_CM3_L.lib(net_icmp6.o)
    0x0801187c   0x0801187c   0x00000084   Code   RO         2397    i.net_icmp6_send    Net_Dbg_CM3_L.lib(net_icmp6.o)
    0x08011900   0x08011900   0x00000058   Code   RO         2398    i.net_icmp6_send_echo  Net_Dbg_CM3_L.lib(net_icmp6.o)
    0x08011958   0x08011958   0x00000018   Code   RO         1779    i.net_icmp_init     Net_Dbg_CM3_L.lib(net_icmp.o)
    0x08011970   0x08011970   0x000001c8   Code   RO         1780    i.net_icmp_process  Net_Dbg_CM3_L.lib(net_icmp.o)
    0x08011b38   0x08011b38   0x000000a0   Code   RO         1781    i.net_icmp_send_echo  Net_Dbg_CM3_L.lib(net_icmp.o)
    0x08011bd8   0x08011bd8   0x0000000c   Code   RO         2144    i.net_if_map_all    Net_Dbg_CM3_L.lib(net_sys.o)
    0x08011be4   0x08011be4   0x0000018c   Code   RO         2325    i.net_ip4_chk_frame  Net_Dbg_CM3_L.lib(net_ip4.o)
    0x08011d70   0x08011d70   0x0000002c   Code   RO         2326    i.net_ip4_chksum    Net_Dbg_CM3_L.lib(net_ip4.o)
    0x08011d9c   0x08011d9c   0x00000006   Code   RO         2327    i.net_ip4_chksum_buf  Net_Dbg_CM3_L.lib(net_ip4.o)
    0x08011da2   0x08011da2   0x00000002   PAD
    0x08011da4   0x08011da4   0x00000080   Code   RO         2329    i.net_ip4_find_route  Net_Dbg_CM3_L.lib(net_ip4.o)
    0x08011e24   0x08011e24   0x00000124   Code   RO         1758    i.net_ip4_frag_add  Net_Dbg_CM3_L.lib(net_ip4_frag.o)
    0x08011f48   0x08011f48   0x000000ac   Code   RO         1759    i.net_ip4_frag_get  Net_Dbg_CM3_L.lib(net_ip4_frag.o)
    0x08011ff4   0x08011ff4   0x00000010   Code   RO         1760    i.net_ip4_frag_init  Net_Dbg_CM3_L.lib(net_ip4_frag.o)
    0x08012004   0x08012004   0x0000003c   Code   RO         1761    i.net_ip4_frag_run  Net_Dbg_CM3_L.lib(net_ip4_frag.o)
    0x08012040   0x08012040   0x0000002c   Code   RO         2330    i.net_ip4_get_local  Net_Dbg_CM3_L.lib(net_ip4.o)
    0x0801206c   0x0801206c   0x00000024   Code   RO         2331    i.net_ip4_init      Net_Dbg_CM3_L.lib(net_ip4.o)
    0x08012090   0x08012090   0x00000020   Code   RO         2332    i.net_ip4_is_onlink  Net_Dbg_CM3_L.lib(net_ip4.o)
    0x080120b0   0x080120b0   0x00000026   Code   RO         2333    i.net_ip4_is_subcast  Net_Dbg_CM3_L.lib(net_ip4.o)
    0x080120d6   0x080120d6   0x0000000e   Code   RO         2334    i.net_ip4_reass_frame  Net_Dbg_CM3_L.lib(net_ip4.o)
    0x080120e4   0x080120e4   0x00000164   Code   RO         2335    i.net_ip4_send_frame  Net_Dbg_CM3_L.lib(net_ip4.o)
    0x08012248   0x08012248   0x0000002a   Code   RO         2337    i.net_ip4_tx_offl_hl  Net_Dbg_CM3_L.lib(net_ip4.o)
    0x08012272   0x08012272   0x00000002   PAD
    0x08012274   0x08012274   0x00000100   Code   RO         2363    i.net_ip6_chk_frame  Net_Dbg_CM3_L.lib(net_ip6.o)
    0x08012374   0x08012374   0x00000032   Code   RO         2364    i.net_ip6_chksum    Net_Dbg_CM3_L.lib(net_ip6.o)
    0x080123a6   0x080123a6   0x00000002   PAD
    0x080123a8   0x080123a8   0x0000007c   Code   RO         2365    i.net_ip6_collect_mcast  Net_Dbg_CM3_L.lib(net_ip6.o)
    0x08012424   0x08012424   0x00000048   Code   RO         2367    i.net_ip6_find_route  Net_Dbg_CM3_L.lib(net_ip6.o)
    0x0801246c   0x0801246c   0x00000054   Code   RO         2368    i.net_ip6_get_local  Net_Dbg_CM3_L.lib(net_ip6.o)
    0x080124c0   0x080124c0   0x0000001c   Code   RO         2369    i.net_ip6_init      Net_Dbg_CM3_L.lib(net_ip6.o)
    0x080124dc   0x080124dc   0x000000cc   Code   RO         2370    i.net_ip6_send_frame  Net_Dbg_CM3_L.lib(net_ip6.o)
    0x080125a8   0x080125a8   0x0000001e   Code   RO         2372    i.net_ip6_tx_offl_hl  Net_Dbg_CM3_L.lib(net_ip6.o)
    0x080125c6   0x080125c6   0x00000008   Code   RO         2451    i.net_itoa          Net_Dbg_CM3_L.lib(net_common.o)
    0x080125ce   0x080125ce   0x00000006   Code   RO         2453    i.net_itoa_n0       Net_Dbg_CM3_L.lib(net_common.o)
    0x080125d4   0x080125d4   0x00000030   Code   RO         1740    i.net_loop_iface_init  Net_Dbg_CM3_L.lib(net_loopback.o)
    0x08012604   0x08012604   0x000000bc   Code   RO         1741    i.net_loop_iface_run  Net_Dbg_CM3_L.lib(net_loopback.o)
    0x080126c0   0x080126c0   0x00000070   Code   RO         1743    i.net_loop_send_frame  Net_Dbg_CM3_L.lib(net_loopback.o)
    0x08012730   0x08012730   0x000000c0   Code   RO         2424    i.net_mem_alloc     Net_Dbg_CM3_L.lib(net_mem.o)
    0x080127f0   0x080127f0   0x0000001c   Code   RO         2425    i.net_mem_avail     Net_Dbg_CM3_L.lib(net_mem.o)
    0x0801280c   0x0801280c   0x000000a4   Code   RO         2426    i.net_mem_free      Net_Dbg_CM3_L.lib(net_mem.o)
    0x080128b0   0x080128b0   0x00000070   Code   RO         2427    i.net_mem_init      Net_Dbg_CM3_L.lib(net_mem.o)
    0x08012920   0x08012920   0x00000048   Code   RO         2428    i.net_mem_shrink    Net_Dbg_CM3_L.lib(net_mem.o)
    0x08012968   0x08012968   0x00000064   Code   RO         1980    i.net_nbns_client_init  Net_Dbg_CM3_L.lib(net_nbns_client.o)
    0x080129cc   0x080129cc   0x000001c4   Code   RO         2274    i.net_ndp_cache_find  Net_Dbg_CM3_L.lib(net_ndp.o)
    0x08012b90   0x08012b90   0x00000078   Code   RO         2277    i.net_ndp_cache_refresh  Net_Dbg_CM3_L.lib(net_ndp.o)
    0x08012c08   0x08012c08   0x00000070   Code   RO         2280    i.net_ndp_enqueue   Net_Dbg_CM3_L.lib(net_ndp.o)
    0x08012c78   0x08012c78   0x00000374   Code   RO         2282    i.net_ndp_process   Net_Dbg_CM3_L.lib(net_ndp.o)
    0x08012fec   0x08012fec   0x00000038   Code   RO         2146    i.net_path          Net_Dbg_CM3_L.lib(net_sys.o)
    0x08013024   0x08013024   0x00000020   Code   RO         2117    i.net_ping_client_init  Net_Dbg_CM3_L.lib(net_ping_core.o)
    0x08013044   0x08013044   0x00000080   Code   RO         2118    i.net_ping_client_run  Net_Dbg_CM3_L.lib(net_ping_core.o)
    0x080130c4   0x080130c4   0x0000001c   Code   RO         2147    i.net_rand32        Net_Dbg_CM3_L.lib(net_sys.o)
    0x080130e0   0x080130e0   0x0000002e   Code   RO         2454    i.net_strcasecmp    Net_Dbg_CM3_L.lib(net_common.o)
    0x0801310e   0x0801310e   0x0000001a   Code   RO         2456    i.net_strcmp        Net_Dbg_CM3_L.lib(net_common.o)
    0x08013128   0x08013128   0x00000012   Code   RO         2457    i.net_strcpy        Net_Dbg_CM3_L.lib(net_common.o)
    0x0801313a   0x0801313a   0x0000001c   Code   RO         2459    i.net_strnchr       Net_Dbg_CM3_L.lib(net_common.o)
    0x08013156   0x08013156   0x0000001a   Code   RO         2460    i.net_strncpy       Net_Dbg_CM3_L.lib(net_common.o)
    0x08013170   0x08013170   0x00000020   Code   RO         2461    i.net_strtoupper    Net_Dbg_CM3_L.lib(net_common.o)
    0x08013190   0x08013190   0x0000000c   Code   RO         2148    i.net_sys_lock      Net_Dbg_CM3_L.lib(net_sys.o)
    0x0801319c   0x0801319c   0x00000016   Code   RO         2149    i.net_sys_resume    Net_Dbg_CM3_L.lib(net_sys.o)
    0x080131b2   0x080131b2   0x00000002   PAD
    0x080131b4   0x080131b4   0x00000014   Code   RO         2151    i.net_sys_tick      Net_Dbg_CM3_L.lib(net_sys.o)
    0x080131c8   0x080131c8   0x0000000c   Code   RO         2152    i.net_sys_unlock    Net_Dbg_CM3_L.lib(net_sys.o)
    0x080131d4   0x080131d4   0x00000020   Code   RO         2154    i.net_sys_wakeup    Net_Dbg_CM3_L.lib(net_sys.o)
    0x080131f4   0x080131f4   0x00000084   Code   RO         1872    i.net_tcp_abort     Net_Dbg_CM3_L.lib(net_tcp.o)
    0x08013278   0x08013278   0x000000e4   Code   RO         1875    i.net_tcp_close     Net_Dbg_CM3_L.lib(net_tcp.o)
    0x0801335c   0x0801335c   0x0000002e   Code   RO         1878    i.net_tcp_get_buf   Net_Dbg_CM3_L.lib(net_tcp.o)
    0x0801338a   0x0801338a   0x00000002   PAD
    0x0801338c   0x0801338c   0x00000034   Code   RO         1880    i.net_tcp_get_local_port  Net_Dbg_CM3_L.lib(net_tcp.o)
    0x080133c0   0x080133c0   0x00000028   Code   RO         1881    i.net_tcp_get_mss   Net_Dbg_CM3_L.lib(net_tcp.o)
    0x080133e8   0x080133e8   0x00000054   Code   RO         1883    i.net_tcp_get_peer  Net_Dbg_CM3_L.lib(net_tcp.o)
    0x0801343c   0x0801343c   0x00000070   Code   RO         1885    i.net_tcp_get_socket  Net_Dbg_CM3_L.lib(net_tcp.o)
    0x080134ac   0x080134ac   0x0000002c   Code   RO         1886    i.net_tcp_get_state  Net_Dbg_CM3_L.lib(net_tcp.o)
    0x080134d8   0x080134d8   0x00000034   Code   RO         1887    i.net_tcp_get_timer  Net_Dbg_CM3_L.lib(net_tcp.o)
    0x0801350c   0x0801350c   0x000000b0   Code   RO         1888    i.net_tcp_listen    Net_Dbg_CM3_L.lib(net_tcp.o)
    0x080135bc   0x080135bc   0x000007a8   Code   RO         1890    i.net_tcp_process   Net_Dbg_CM3_L.lib(net_tcp.o)
    0x08013d64   0x08013d64   0x0000015c   Code   RO         1894    i.net_tcp_send      Net_Dbg_CM3_L.lib(net_tcp.o)
    0x08013ec0   0x08013ec0   0x0000012c   Code   RO         1896    i.net_tcp_set_option  Net_Dbg_CM3_L.lib(net_tcp.o)
    0x08013fec   0x08013fec   0x00000028   Code   RO         1897    i.net_tcp_socket_init  Net_Dbg_CM3_L.lib(net_tcp.o)
    0x08014014   0x08014014   0x000003c0   Code   RO         1898    i.net_tcp_socket_run  Net_Dbg_CM3_L.lib(net_tcp.o)
    0x080143d4   0x080143d4   0x0000002e   Code   RO         1809    i.net_udp_get_buf   Net_Dbg_CM3_L.lib(net_udp.o)
    0x08014402   0x08014402   0x00000002   PAD
    0x08014404   0x08014404   0x00000070   Code   RO         1812    i.net_udp_get_socket  Net_Dbg_CM3_L.lib(net_udp.o)
    0x08014474   0x08014474   0x000000ac   Code   RO         1814    i.net_udp_open      Net_Dbg_CM3_L.lib(net_udp.o)
    0x08014520   0x08014520   0x00000158   Code   RO         1815    i.net_udp_process   Net_Dbg_CM3_L.lib(net_udp.o)
    0x08014678   0x08014678   0x0000022c   Code   RO         1818    i.net_udp_send_if   Net_Dbg_CM3_L.lib(net_udp.o)
    0x080148a4   0x080148a4   0x00000024   Code   RO         1820    i.net_udp_socket_init  Net_Dbg_CM3_L.lib(net_udp.o)
    0x080148c8   0x080148c8   0x00000008   Code   RO         2462    i.net_ultoa         Net_Dbg_CM3_L.lib(net_common.o)
    0x080148d0   0x080148d0   0x00000030   Code   RO         2465    i.net_ultox         Net_Dbg_CM3_L.lib(net_common.o)
    0x08014900   0x08014900   0x0000004c   Code   RO         2466    i.net_xtoul         Net_Dbg_CM3_L.lib(net_common.o)
    0x0801494c   0x0801494c   0x0000001c   Code   RO         2121    i.ping_send_req     Net_Dbg_CM3_L.lib(net_ping_core.o)
    0x08014968   0x08014968   0x00000058   Code   RO         2046    i.proc_req_line     Net_Dbg_CM3_L.lib(net_http_server.o)
    0x080149c0   0x080149c0   0x0000001a   Code   RO         1763    i.que_free_list     Net_Dbg_CM3_L.lib(net_ip4_frag.o)
    0x080149da   0x080149da   0x000000a0   Code   RO         2047    i.read_script_line  Net_Dbg_CM3_L.lib(net_http_server.o)
    0x08014a7a   0x08014a7a   0x00000048   Code   RO         2048    i.search_delim      Net_Dbg_CM3_L.lib(net_http_server.o)
    0x08014ac2   0x08014ac2   0x00000018   Code   RO         2155    i.sys_map_if        Net_Dbg_CM3_L.lib(net_sys.o)
    0x08014ada   0x08014ada   0x00000002   PAD
    0x08014adc   0x08014adc   0x0000004c   Code   RO         2156    i.sys_proc_tick     Net_Dbg_CM3_L.lib(net_sys.o)
    0x08014b28   0x08014b28   0x00000110   Code   RO         1900    i.tcp_map_socket    Net_Dbg_CM3_L.lib(net_tcp.o)
    0x08014c38   0x08014c38   0x00000084   Code   RO         1901    i.tcp_parse_opt     Net_Dbg_CM3_L.lib(net_tcp.o)
    0x08014cbc   0x08014cbc   0x0000011c   Code   RO         1902    i.tcp_proc_acknr    Net_Dbg_CM3_L.lib(net_tcp.o)
    0x08014dd8   0x08014dd8   0x000000ac   Code   RO         1903    i.tcp_proc_dupack   Net_Dbg_CM3_L.lib(net_tcp.o)
    0x08014e84   0x08014e84   0x0000001a   Code   RO         1904    i.tcp_que_free      Net_Dbg_CM3_L.lib(net_tcp.o)
    0x08014e9e   0x08014e9e   0x0000001a   Code   RO         1905    i.tcp_que_init      Net_Dbg_CM3_L.lib(net_tcp.o)
    0x08014eb8   0x08014eb8   0x000000ac   Code   RO         1906    i.tcp_que_resend    Net_Dbg_CM3_L.lib(net_tcp.o)
    0x08014f64   0x08014f64   0x00000090   Code   RO         1907    i.tcp_send_ctrl     Net_Dbg_CM3_L.lib(net_tcp.o)
    0x08014ff4   0x08014ff4   0x0000007c   Code   RO         1908    i.tcp_send_data     Net_Dbg_CM3_L.lib(net_tcp.o)
    0x08015070   0x08015070   0x00000090   Code   RO         1909    i.tcp_send_reset    Net_Dbg_CM3_L.lib(net_tcp.o)
    0x08015100   0x08015100   0x00000044   Code   RO         1910    i.tcp_set_cwnd      Net_Dbg_CM3_L.lib(net_tcp.o)
    0x08015144   0x08015144   0x00000074   Code   RO         1911    i.tcp_transit       Net_Dbg_CM3_L.lib(net_tcp.o)
    0x080151b8   0x080151b8   0x0000010c   Code   RO         1912    i.tcp_write         Net_Dbg_CM3_L.lib(net_tcp.o)
    0x080152c4   0x080152c4   0x0000002c   Code   RO         1822    i.udp_port_in_use   Net_Dbg_CM3_L.lib(net_udp.o)
    0x080152f0   0x080152f0   0x00000044   Code   RO         2467    i.ul2str            Net_Dbg_CM3_L.lib(net_common.o)
    0x08015334   0x08015334   0x00000124   Code   RO         2049    i.utc_to_http       Net_Dbg_CM3_L.lib(net_http_server.o)
    0x08015458   0x08015458   0x00000024   Data   RO          147    .constdata          http_server.o
    0x0801547c   0x0801547c   0x00000004   Data   RO          249    .constdata          web.o
    0x08015480   0x08015480   0x0000a828   Data   RO          250    .constdata          web.o
    0x0801fca8   0x0801fca8   0x000000a8   Data   RO          251    .constdata          web.o
    0x0801fd50   0x0801fd50   0x00000960   Data   RO          295    .constdata          lcd_1.o
    0x080206b0   0x080206b0   0x00000024   Data   RO          582    .constdata          rtx_lib.o
    0x080206d4   0x080206d4   0x00000024   Data   RO          583    .constdata          rtx_lib.o
    0x080206f8   0x080206f8   0x00000018   Data   RO          584    .constdata          rtx_lib.o
    0x08020710   0x08020710   0x00000004   Data   RO          586    .constdata          rtx_lib.o
    0x08020714   0x08020714   0x00000004   Data   RO          927    .constdata          phy_lan8742a.o
    0x08020718   0x08020718   0x00000020   Data   RO          928    .constdata          phy_lan8742a.o
    0x08020738   0x08020738   0x00000050   Data   RO          955    .constdata          emac_stm32f4xx.o
    0x08020788   0x08020788   0x00000044   Data   RO          956    .constdata          emac_stm32f4xx.o
    0x080207cc   0x080207cc   0x00000034   Data   RO          995    .constdata          spi_stm32f4xx.o
    0x08020800   0x08020800   0x00000010   Data   RO          996    .constdata          spi_stm32f4xx.o
    0x08020810   0x08020810   0x00000010   Data   RO          997    .constdata          spi_stm32f4xx.o
    0x08020820   0x08020820   0x0000002c   Data   RO          998    .constdata          spi_stm32f4xx.o
    0x0802084c   0x0802084c   0x00000018   Data   RO         1037    .constdata          eventrecorder.o
    0x08020864   0x08020864   0x00000008   Data   RO         1176    .constdata          stm32f4xx_hal_dma.o
    0x0802086c   0x0802086c   0x00000010   Data   RO         1472    .constdata          system_stm32f4xx.o
    0x0802087c   0x0802087c   0x00000008   Data   RO         1473    .constdata          system_stm32f4xx.o
    0x08020884   0x08020884   0x000000a8   Data   RO         1516    .constdata          net_config.o
    0x0802092c   0x0802092c   0x0000001c   Data   RO         1517    .constdata          net_config.o
    0x08020948   0x08020948   0x00000014   Data   RO         1518    .constdata          net_config.o
    0x0802095c   0x0802095c   0x0000000c   Data   RO         1519    .constdata          net_config.o
    0x08020968   0x08020968   0x00000028   Data   RO         1520    .constdata          net_config.o
    0x08020990   0x08020990   0x0000002c   Data   RO         1521    .constdata          net_config.o
    0x080209bc   0x080209bc   0x00000008   Data   RO         1522    .constdata          net_config.o
    0x080209c4   0x080209c4   0x00000008   Data   RO         1523    .constdata          net_config.o
    0x080209cc   0x080209cc   0x00000008   Data   RO         1524    .constdata          net_config.o
    0x080209d4   0x080209d4   0x00000008   Data   RO         1525    .constdata          net_config.o
    0x080209dc   0x080209dc   0x00000008   Data   RO         1526    .constdata          net_config.o
    0x080209e4   0x080209e4   0x00000008   Data   RO         1527    .constdata          net_config.o
    0x080209ec   0x080209ec   0x00000008   Data   RO         1528    .constdata          net_config.o
    0x080209f4   0x080209f4   0x00000004   Data   RO         1530    .constdata          net_config.o
    0x080209f8   0x080209f8   0x00000008   Data   RO         1531    .constdata          net_config.o
    0x08020a00   0x08020a00   0x0000000c   Data   RO         1532    .constdata          net_config.o
    0x08020a0c   0x08020a0c   0x00000018   Data   RO         1533    .constdata          net_config.o
    0x08020a24   0x08020a24   0x00000034   Data   RO         1534    .constdata          net_config.o
    0x08020a58   0x08020a58   0x00000028   Data   RO         1535    .constdata          net_config.o
    0x08020a80   0x08020a80   0x00000020   Data   RO         1536    .constdata          net_config.o
    0x08020aa0   0x08020aa0   0x00000010   Data   RO         1538    .constdata          net_config.o
    0x08020ab0   0x08020ab0   0x00000010   Data   RO         1539    .constdata          net_config.o
    0x08020ac0   0x08020ac0   0x0000002c   Data   RO         1744    .constdata          Net_Dbg_CM3_L.lib(net_loopback.o)
    0x08020aec   0x08020aec   0x0000000c   Data   RO         1745    .constdata          Net_Dbg_CM3_L.lib(net_loopback.o)
    0x08020af8   0x08020af8   0x00000008   Data   RO         1982    .constdata          Net_Dbg_CM3_L.lib(net_nbns_client.o)
    0x08020b00   0x08020b00   0x000000fa   Data   RO         2051    .constdata          Net_Dbg_CM3_L.lib(net_http_server.o)
    0x08020bfa   0x08020bfa   0x00000012   Data   RO         2123    .constdata          Net_Dbg_CM3_L.lib(net_ping_core.o)
    0x08020c0c   0x08020c0c   0x00000010   Data   RO         2216    .constdata          Net_Dbg_CM3_L.lib(net_addr.o)
    0x08020c1c   0x08020c1c   0x00000006   Data   RO         2217    .constdata          Net_Dbg_CM3_L.lib(net_addr.o)
    0x08020c22   0x08020c22   0x00000004   Data   RO         2339    .constdata          Net_Dbg_CM3_L.lib(net_ip4.o)
    0x08020c26   0x08020c26   0x00000020   Data   RO         2374    .constdata          Net_Dbg_CM3_L.lib(net_ip6.o)
    0x08020c46   0x08020c46   0x00000002   PAD
    0x08020c48   0x08020c48   0x00000018   Data   RO         2414    .constdata          Net_Dbg_CM3_L.lib(net_http_server_err.o)
    0x08020c60   0x08020c60   0x00000010   Data   RO         2468    .constdata          Net_Dbg_CM3_L.lib(net_common.o)
    0x08020c70   0x08020c70   0x00000004   Data   RO         2498    .constdata          Net_Dbg_CM3_L.lib(net_version.o)
    0x08020c74   0x08020c74   0x000000da   Data   RO          214    .conststring        http_server_cgi.o
    0x08020d4e   0x08020d4e   0x00000002   PAD
    0x08020d50   0x08020d50   0x00000078   Data   RO         1540    .conststring        net_config.o
    0x08020dc8   0x08020dc8   0x0000000d   Data   RO         1541    .conststring        net_config.o
    0x08020dd5   0x08020dd5   0x00000003   PAD
    0x08020dd8   0x08020dd8   0x00000038   Data   RO         1542    .conststring        net_config.o
    0x08020e10   0x08020e10   0x00000001   Data   RO         1543    .conststring        net_config.o
    0x08020e11   0x08020e11   0x00000003   PAD
    0x08020e14   0x08020e14   0x00000203   Data   RO         2415    .conststring        Net_Dbg_CM3_L.lib(net_http_server_err.o)
    0x08021017   0x08021017   0x00000001   PAD
    0x08021018   0x08021018   0x0000000b   Data   RO          526    .conststrlit        rtx_kernel.o
    0x08021023   0x08021023   0x00000001   PAD
    0x08021024   0x08021024   0x000000a8   Data   RO          587    .rodata             rtx_lib.o
    0x080210cc   0x080210cc   0x00000030   Data   RO         2833    Region$$Table       anon$$obj.o


    Execution Region RW_IRAM2 (Exec base: 0x10000000, Load base: 0x08021234, Size: 0x000004a4, Max: 0x00010000, ABSOLUTE)

    Exec Addr    Load Addr    Size         Type   Attr      Idx    E Section Name        Object

    0x10000000        -       0x000004a4   Zero   RW         1036    .bss.noinit         eventrecorder.o


    Execution Region RW_IRAM1 (Exec base: 0x20000000, Load base: 0x080210fc, Size: 0x0000f578, Max: 0x00030000, ABSOLUTE, COMPRESSED[0x00000138])

    Exec Addr    Load Addr    Size         Type   Attr      Idx    E Section Name        Object

    0x20000000   COMPRESSED   0x00008000   Data   RW          574    .bss.os             rtx_lib.o
    0x20008000   COMPRESSED   0x00000040   Data   RW          575    .bss.os             rtx_lib.o
    0x20008040   COMPRESSED   0x00000001   Data   RW          879    .bss.os             os_systick.o
    0x20008041   COMPRESSED   0x00000003   PAD
    0x20008044   COMPRESSED   0x00000034   Data   RW          576    .bss.os.msgqueue.cb  rtx_lib.o
    0x20008078   COMPRESSED   0x00000050   Data   RW          577    .bss.os.msgqueue.mem  rtx_lib.o
    0x200080c8   COMPRESSED   0x0000001c   Data   RW         1510    .bss.os.mutex.cb    net_config.o
    0x200080e4   COMPRESSED   0x0000001c   Data   RW         1511    .bss.os.mutex.cb    net_config.o
    0x20008100   COMPRESSED   0x00000010   Data   RW         1512    .bss.os.semaphore.cb  net_config.o
    0x20008110   COMPRESSED   0x00000044   Data   RW          578    .bss.os.thread.cb   rtx_lib.o
    0x20008154   COMPRESSED   0x00000044   Data   RW          579    .bss.os.thread.cb   rtx_lib.o
    0x20008198   COMPRESSED   0x00000044   Data   RW         1513    .bss.os.thread.cb   net_config.o
    0x200081dc   COMPRESSED   0x00000044   Data   RW         1514    .bss.os.thread.cb   net_config.o
    0x20008220   COMPRESSED   0x00000200   Data   RW          580    .bss.os.thread.idle.stack  rtx_lib.o
    0x20008420   COMPRESSED   0x00000200   Data   RW          581    .bss.os.thread.timer.stack  rtx_lib.o
    0x20008620   COMPRESSED   0x00000020   Data   RW         1515    .bss.os.timer.cb    net_config.o
    0x20008640   COMPRESSED   0x00000004   Data   RW            5    .data               main.o
    0x20008644   COMPRESSED   0x00000036   Data   RW          148    .data               http_server.o
    0x2000867a   COMPRESSED   0x00000002   PAD
    0x2000867c   COMPRESSED   0x00000008   Data   RW          215    .data               http_server_cgi.o
    0x20008684   COMPRESSED   0x00000018   Data   RW          296    .data               lcd_1.o
    0x2000869c   COMPRESSED   0x0000000c   Data   RW         1070    .data               stm32f4xx_hal.o
    0x200086a8   COMPRESSED   0x00000004   Data   RW         1474    .data               system_stm32f4xx.o
    0x200086ac   COMPRESSED   0x00000004   Data   RW         1544    .data               net_config.o
    0x200086b0   COMPRESSED   0x00000006   Data   RW         1545    .data               net_config.o
    0x200086b6   COMPRESSED   0x00000004   Data   RW         1546    .data               net_config.o
    0x200086ba   COMPRESSED   0x00000002   PAD
    0x200086bc   COMPRESSED   0x00000004   Data   RW         1746    .data               Net_Dbg_CM3_L.lib(net_loopback.o)
    0x200086c0   COMPRESSED   0x00000004   Data   RW         1764    .data               Net_Dbg_CM3_L.lib(net_ip4_frag.o)
    0x200086c4   COMPRESSED   0x00000001   Data   RW         1782    .data               Net_Dbg_CM3_L.lib(net_icmp.o)
    0x200086c5   COMPRESSED   0x00000001   PAD
    0x200086c6   COMPRESSED   0x00000002   Data   RW         1824    .data               Net_Dbg_CM3_L.lib(net_udp.o)
    0x200086c8   COMPRESSED   0x00000004   Data   RW         1915    .data               Net_Dbg_CM3_L.lib(net_tcp.o)
    0x200086cc   COMPRESSED   0x00000001   Data   RW         1983    .data               Net_Dbg_CM3_L.lib(net_nbns_client.o)
    0x200086cd   COMPRESSED   0x00000003   PAD
    0x200086d0   COMPRESSED   0x0000000c   Data   RW         2052    .data               Net_Dbg_CM3_L.lib(net_http_server.o)
    0x200086dc   COMPRESSED   0x00000008   Data   RW         2340    .data               Net_Dbg_CM3_L.lib(net_ip4.o)
    0x200086e4   COMPRESSED   0x00000004   Data   RW         2376    .data               Net_Dbg_CM3_L.lib(net_ip6.o)
    0x200086e8   COMPRESSED   0x000000a4   Data   RW          527    .data.os            rtx_kernel.o
    0x2000878c        -       0x00000018   Zero   RW          145    .bss                http_server.o
    0x200087a4   COMPRESSED   0x00000004   PAD
    0x200087a8        -       0x00000400   Zero   RW          146    .bss                http_server.o
    0x20008ba8        -       0x00000038   Zero   RW          213    .bss                http_server_cgi.o
    0x20008be0        -       0x0000027c   Zero   RW          293    .bss                lcd_1.o
    0x20008e5c        -       0x0000000c   Zero   RW          926    .bss                phy_lan8742a.o
    0x20008e68        -       0x000024cc   Zero   RW          954    .bss                emac_stm32f4xx.o
    0x2000b334        -       0x00000010   Zero   RW          993    .bss                spi_stm32f4xx.o
    0x2000b344        -       0x0000001c   Zero   RW          994    .bss                spi_stm32f4xx.o
    0x2000b360        -       0x00000400   Zero   RW         1501    .bss                net_config.o
    0x2000b760        -       0x00000400   Zero   RW         1502    .bss                net_config.o
    0x2000bb60        -       0x00002ee0   Zero   RW         1503    .bss                net_config.o
    0x2000ea40        -       0x000000c8   Zero   RW         1504    .bss                net_config.o
    0x2000eb08        -       0x00000018   Zero   RW         1505    .bss                net_config.o
    0x2000eb20        -       0x00000028   Zero   RW         1506    .bss                net_config.o
    0x2000eb48        -       0x00000050   Zero   RW         1507    .bss                net_config.o
    0x2000eb98        -       0x00000228   Zero   RW         1508    .bss                net_config.o
    0x2000edc0        -       0x00000150   Zero   RW         1509    .bss                net_config.o
    0x2000ef10        -       0x000000a0   Zero   RW         1641    .bss                Net_Dbg_CM3_L.lib(net_eth.o)
    0x2000efb0        -       0x00000018   Zero   RW         1701    .bss                Net_Dbg_CM3_L.lib(net_arp.o)
    0x2000efc8        -       0x0000001c   Zero   RW         1823    .bss                Net_Dbg_CM3_L.lib(net_udp.o)
    0x2000efe4        -       0x00000098   Zero   RW         2050    .bss                Net_Dbg_CM3_L.lib(net_http_server.o)
    0x2000f07c        -       0x0000002c   Zero   RW         2122    .bss                Net_Dbg_CM3_L.lib(net_ping_core.o)
    0x2000f0a8        -       0x00000038   Zero   RW         2157    .bss                Net_Dbg_CM3_L.lib(net_sys.o)
    0x2000f0e0        -       0x00000024   Zero   RW         2158    .bss                Net_Dbg_CM3_L.lib(net_sys.o)
    0x2000f104        -       0x0000005c   Zero   RW         2215    .bss                Net_Dbg_CM3_L.lib(net_addr.o)
    0x2000f160        -       0x00000014   Zero   RW         2430    .bss                Net_Dbg_CM3_L.lib(net_mem.o)
    0x2000f174   COMPRESSED   0x00000004   PAD
    0x2000f178        -       0x00000400   Zero   RW         1461    STACK               startup_stm32f429xx.o


==============================================================================

Image component sizes


      Code (inc. data)   RO Data    RW Data    ZI Data      Debug   Object Name

      2536        156        148          0       9420      47746   emac_stm32f4xx.o
      1452         40         24          0       1188      17724   eventrecorder.o
       472         74         36         54       1048      16072   http_server.o
      1700        268        218          8         56       7833   http_server_cgi.o
       148          8          0          0          0        700   irq_armv7m.o
      1128         46       2400         24        636       6200   lcd_1.o
       304         12          0          0          0       1485   leds_1.o
       276         30          0          4          0     749231   main.o
       376         24        762        254      15280      32994   net_config.o
       338          0          0          0          0        958   net_debug.o
       196         12          0          1          0       2040   os_systick.o
       428         10         36          0         12       7026   phy_lan8742a.o
         4          0          0          0          0        655   rtx_config.o
       260         14          0          0          0      18034   rtx_delay.o
      2392         88          0          0          0      45269   rtx_evr.o
      1740         96         11        164          0      28180   rtx_kernel.o
        24          0        268      34124          0       9935   rtx_lib.o
       292          0          0          0          0       3907   rtx_memory.o
      1984         48          0          0          0      15364   rtx_mempool.o
      2820         58          0          0          0      23924   rtx_msgqueue.o
      1368         30          0          0          0      10242   rtx_mutex.o
      1432         34          0          0          0      12092   rtx_semaphore.o
       668         18          0          0          0       8673   rtx_system.o
      4908        126          0          0          0      34057   rtx_thread.o
      1152         34          0          0          0      10345   rtx_timer.o
      3164         98        128          0         44      48735   spi_stm32f4xx.o
        36          8        428          0       1024        892   startup_stm32f429xx.o
       456         38          0         12          0      11623   stm32f4xx_hal.o
       664         10          0          0          0      36466   stm32f4xx_hal_cortex.o
      1816         28          8          0          0       7921   stm32f4xx_hal_dma.o
       868         54          0          0          0       4275   stm32f4xx_hal_gpio.o
      1888         66          0          0          0       6475   stm32f4xx_hal_rcc.o
      9170        166          0          0          0      37924   stm32f4xx_hal_tim.o
      2992         62          0          0          0      13940   stm32f4xx_hal_tim_ex.o
       160         20         24          4          0       1929   system_stm32f4xx.o
       120         10      43220          0          0       1812   web.o

    ----------------------------------------------------------------------
     49734       1786      47768      34656      28712    1282678   Object Totals
         0          0         48          0          0          0   (incl. Generated)
         2          0          9          7          4          0   (incl. Padding)

    ----------------------------------------------------------------------

      Code (inc. data)   RO Data    RW Data    ZI Data      Debug   Library Member Name

      1414         18         22          0         92       1556   net_addr.o
      2874        144          0          0         24       1548   net_arp.o
       600         10         16          0          0       1272   net_common.o
      3664        138          0          0        160       1600   net_eth.o
      6834       1268        250         12        152       2852   net_http_server.o
         0          0        539          0          0          0   net_http_server_err.o
       640         48          0          1          0        236   net_icmp.o
       812         60          0          0          0        332   net_icmp6.o
      1188         82          4          8          0        956   net_ip4.o
       690         30          0          4          0        476   net_ip4_frag.o
       848         72         32          4          0        644   net_ip6.o
       348         28         56          4          0        256   net_loopback.o
       592         64          0          0         20        564   net_mem.o
       520         44          8          1          0        188   net_nbns_client.o
      3058        106          0          0          0       1404   net_ndp.o
       188         32         18          0         44        220   net_ping_core.o
       834         84          0          0         92       1012   net_sys.o
      6566        282          0          4          0       2728   net_tcp.o
      1310         70          0          2         28        620   net_udp.o
         0          0          4          0          0          0   net_version.o
        86          0          0          0          0          0   __dczerorl2.o
         0          0          0          0          0          0   entry.o
         0          0          0          0          0          0   entry10a.o
         0          0          0          0          0          0   entry11a.o
         4          0          0          0          0          0   entry12b.o
         8          4          0          0          0          0   entry2.o
         4          0          0          0          0          0   entry5.o
         0          0          0          0          0          0   entry7b.o
         0          0          0          0          0          0   entry8b.o
         8          4          0          0          0          0   entry9a.o
        30          0          0          0          0          0   handlers.o
        36          8          0          0          0         68   init.o
         0          0          0          0          0          0   iusefp.o
        30          0          0          0          0         68   llshl.o
        36          0          0          0          0         68   llsshr.o
        32          0          0          0          0         68   llushr.o
        26          0          0          0          0         80   memcmp.o
        36          0          0          0          0         68   memcpya.o
        36          0          0          0          0        108   memseta.o
      2236         86          0          0          0        532   printfa.o
        28          0          0          0          0         76   strcmp.o
        18          0          0          0          0         68   strcpy.o
        14          0          0          0          0         68   strlen.o
        30          0          0          0          0         80   strncmp.o
        44          0          0          0          0         80   uidiv.o
        98          0          0          0          0         92   uldiv.o
        48          0          0          0          0         68   cdrcmple.o
       334          0          0          0          0        148   dadd.o
       222          0          0          0          0        100   ddiv.o
       186          0          0          0          0        176   depilogue.o
        48          0          0          0          0         68   dfixul.o
       228          0          0          0          0         96   dmul.o
        38          0          0          0          0         68   f2d.o

    ----------------------------------------------------------------------
     36966       2682        952         44        616      20712   Library Totals
        42          0          3          4          4          0   (incl. Padding)

    ----------------------------------------------------------------------

      Code (inc. data)   RO Data    RW Data    ZI Data      Debug   Library Name

     32980       2580        949         40        612      18464   Net_Dbg_CM3_L.lib
      2840        102          0          0          0       1524   mc_w.l
      1104          0          0          0          0        724   mf_w.l

    ----------------------------------------------------------------------
     36966       2682        952         44        616      20712   Library Totals

    ----------------------------------------------------------------------

==============================================================================


      Code (inc. data)   RO Data    RW Data    ZI Data      Debug   

     86700       4468      48720      34700      29328    1284230   Grand Totals
     86700       4468      48720        312      29328    1284230   ELF Image Totals (compressed)
     86700       4468      48720        312          0          0   ROM Totals

==============================================================================

    Total RO  Size (Code + RO Data)               135420 ( 132.25kB)
    Total RW  Size (RW Data + ZI Data)             64028 (  62.53kB)
    Total ROM Size (Code + RO Data + RW Data)     135732 ( 132.55kB)

==============================================================================

