Component: ARM Compiler 5.06 update 7 (build 960) Tool: armlink [4d3601]

==============================================================================

Section Cross References

    main.o(.text) refers to rtx_kernel.o(.text) for osKernelGetState
    main.o(.text) refers to stm32f4xx_hal_rcc.o(.text) for HAL_RCC_OscConfig
    main.o(.text) refers to stm32f4xx_hal.o(.text) for HAL_GetREVID
    main.o(.text) refers to system_stm32f4xx.o(.text) for SystemCoreClockUpdate
    main.o(.text) refers to rtx_thread.o(.text) for osThreadNew
    main.o(.text) refers to system_stm32f4xx.o(.data) for SystemCoreClock
    main.o(.text) refers to main.o(.data) for .data
    main.o(.text) refers to http_server.o(.constdata) for app_main_attr
    main.o(.text) refers to http_server.o(.text) for app_main
    http_server.o(.text) refers to adc1.o(.text) for ADC_getVoltage
    http_server.o(.text) refers to ffixui.o(.text) for __aeabi_f2uiz
    http_server.o(.text) refers to rtx_thread.o(.text) for osThreadFlagsSet
    http_server.o(.text) refers to lcd_1.o(.text) for LCD_reset
    http_server.o(.text) refers to printfa.o(i.__0sprintf) for __2sprintf
    http_server.o(.text) refers to stm32f4xx_hal_gpio.o(.text) for HAL_GPIO_WritePin
    http_server.o(.text) refers to rtx_delay.o(.text) for osDelay
    http_server.o(.text) refers to rtc_2.o(.text) for RTC_alarma
    http_server.o(.text) refers to leds_1.o(.text) for Init_Full_Leds
    http_server.o(.text) refers to net_sys.o(i.netInitialize) for netInitialize
    http_server.o(.text) refers to http_server.o(.data) for .data
    http_server.o(.text) refers to http_server.o(.bss) for .bss
    http_server.o(.text) refers to rtc_2.o(.bss) for RtcHandle
    http_server.o(.text) refers to rtc_2.o(.data) for AlarmaFlag
    http_server.o(.constdata) refers to http_server.o(.bss) for app_main_stk
    http_server_cgi.o(.text) refers to net_http_server.o(i.netCGI_GetEnvVar) for netCGI_GetEnvVar
    http_server_cgi.o(.text) refers to net_addr.o(i.netIP_aton) for netIP_aton
    http_server_cgi.o(.text) refers to net_sys.o(i.netIF_SetOption) for netIF_SetOption
    http_server_cgi.o(.text) refers to strcmp.o(.text) for strcmp
    http_server_cgi.o(.text) refers to strncmp.o(.text) for strncmp
    http_server_cgi.o(.text) refers to leds_1.o(.text) for salida_leds
    http_server_cgi.o(.text) refers to net_http_server.o(i.netHTTPs_LoginActive) for netHTTPs_LoginActive
    http_server_cgi.o(.text) refers to strcpy.o(.text) for strcpy
    http_server_cgi.o(.text) refers to net_http_server.o(i.netHTTPs_SetPassword) for netHTTPs_SetPassword
    http_server_cgi.o(.text) refers to rtx_thread.o(.text) for osThreadFlagsSet
    http_server_cgi.o(.text) refers to net_sys.o(i.netIF_GetOption) for netIF_GetOption
    http_server_cgi.o(.text) refers to net_addr.o(i.netIP_ntoa) for netIP_ntoa
    http_server_cgi.o(.text) refers to printfa.o(i.__0sprintf) for __2sprintf
    http_server_cgi.o(.text) refers to strlen.o(.text) for strlen
    http_server_cgi.o(.text) refers to net_tcp.o(i.netTCP_GetState) for netTCP_GetState
    http_server_cgi.o(.text) refers to net_tcp.o(i.netTCP_GetPeer) for netTCP_GetPeer
    http_server_cgi.o(.text) refers to net_tcp.o(i.netTCP_GetTimer) for netTCP_GetTimer
    http_server_cgi.o(.text) refers to net_tcp.o(i.netTCP_GetLocalPort) for netTCP_GetLocalPort
    http_server_cgi.o(.text) refers to http_server_cgi.o(.bss) for .bss
    http_server_cgi.o(.text) refers to http_server_cgi.o(.data) for .data
    http_server_cgi.o(.text) refers to http_server.o(.data) for LEDrun
    http_server_cgi.o(.text) refers to rtc_2.o(.bss) for stimestructure
    http_server_cgi.o(.text) refers to http_server_cgi.o(.conststring) for .conststring
    http_server_cgi.o(.text) refers to net_http_server.o(i.netHTTPs_GetPassword) for netHTTPs_GetPassword
    http_server_cgi.o(.text) refers to net_http_server.o(i.netHTTPs_GetLanguage) for netHTTPs_GetLanguage
    http_server_cgi.o(.text) refers to http_server.o(.text) for AD_in
    http_server_cgi.o(.text) refers to ffltui.o(.text) for __aeabi_ui2f
    http_server_cgi.o(.text) refers to f2d.o(.text) for __aeabi_f2d
    http_server_cgi.o(.text) refers to dmul.o(.text) for __aeabi_dmul
    http_server_cgi.o(.text) refers to dscalb.o(.text) for __ARM_scalbn
    http_server_cgi.o(.text) refers to atoi.o(.text) for atoi
    http_server_cgi.o(.text) refers to rtc_2.o(.text) for set_rtc_year
    stm32f4xx_it.o(.text) refers to stm32f4xx_hal_rtc.o(.text) for HAL_RTC_AlarmIRQHandler
    stm32f4xx_it.o(.text) refers to rtc_2.o(.bss) for RtcHandle
    stm32f4xx_it.o(.text) refers to rtc_2.o(.data) for AlarmaFlag
    web.o(.text) refers to web.o(.constdata) for .constdata
    web.o(.constdata) refers to web.o(.constdata) for imageFileData
    leds_1.o(.text) refers to memseta.o(.text) for __aeabi_memclr4
    leds_1.o(.text) refers to stm32f4xx_hal_gpio.o(.text) for HAL_GPIO_Init
    lcd_1.o(.text) refers to stm32f4xx_hal_gpio.o(.text) for HAL_GPIO_WritePin
[...]
    __aeabi_f2uiz                            0x0800f9fb   Thumb Code    40  ffixui.o(.text)
    __aeabi_f2d                              0x0800fa23   Thumb Code    38  f2d.o(.text)
    __aeabi_uidiv                            0x0800fa49   Thumb Code     0  uidiv.o(.text)
    __aeabi_uidivmod                         0x0800fa49   Thumb Code    44  uidiv.o(.text)
    __aeabi_llsl                             0x0800fa75   Thumb Code    30  llshl.o(.text)
    _ll_shift_l                              0x0800fa75   Thumb Code     0  llshl.o(.text)
    __aeabi_llsr                             0x0800fa93   Thumb Code    32  llushr.o(.text)
    _ll_ushift_r                             0x0800fa93   Thumb Code     0  llushr.o(.text)
    strtol                                   0x0800fab3   Thumb Code   112  strtol.o(.text)
    __I$use$fp                               0x0800fb23   Thumb Code     0  iusefp.o(.text)
    _float_round                             0x0800fb23   Thumb Code    18  fepilogue.o(.text)
    _float_epilogue                          0x0800fb35   Thumb Code    92  fepilogue.o(.text)
    _double_round                            0x0800fb91   Thumb Code    30  depilogue.o(.text)
    _double_epilogue                         0x0800fbaf   Thumb Code   156  depilogue.o(.text)
    __aeabi_dadd                             0x0800fc4b   Thumb Code   322  dadd.o(.text)
    __aeabi_dsub                             0x0800fd8d   Thumb Code     6  dadd.o(.text)
    __aeabi_drsub                            0x0800fd93   Thumb Code     6  dadd.o(.text)
    __aeabi_ddiv                             0x0800fd99   Thumb Code   222  ddiv.o(.text)
    __aeabi_d2ulz                            0x0800fe77   Thumb Code    48  dfixul.o(.text)
    __aeabi_cdrcmple                         0x0800fea9   Thumb Code    48  cdrcmple.o(.text)
    __scatterload                            0x0800fed9   Thumb Code    28  init.o(.text)
    __scatterload_rt2                        0x0800fed9   Thumb Code     0  init.o(.text)
    __aeabi_lasr                             0x0800fefd   Thumb Code    36  llsshr.o(.text)
    _ll_sshift_r                             0x0800fefd   Thumb Code     0  llsshr.o(.text)
    __rt_ctype_table                         0x0800ff21   Thumb Code     4  ctype_o.o(.text)
    _strtoul                                 0x0800ff29   Thumb Code   158  _strtoul.o(.text)
    _chval                                   0x0800ffc7   Thumb Code    28  _chval.o(.text)
    __decompress                             0x0800ffe3   Thumb Code     0  __dczerorl2.o(.text)
    __decompress1                            0x0800ffe3   Thumb Code    86  __dczerorl2.o(.text)
    __0sprintf                               0x08010039   Thumb Code    34  printfa.o(i.__0sprintf)
    __1sprintf                               0x08010039   Thumb Code     0  printfa.o(i.__0sprintf)
    __2sprintf                               0x08010039   Thumb Code     0  printfa.o(i.__0sprintf)
    __c89sprintf                             0x08010039   Thumb Code     0  printfa.o(i.__0sprintf)
    sprintf                                  0x08010039   Thumb Code     0  printfa.o(i.__0sprintf)
    __aeabi_errno_addr                       0x08010061   Thumb Code     4  errno.o(i.__aeabi_errno_addr)
    __rt_errno_addr                          0x08010061   Thumb Code     0  errno.o(i.__aeabi_errno_addr)
    __scatterload_copy                       0x08010069   Thumb Code    14  handlers.o(i.__scatterload_copy)
    __scatterload_null                       0x08010077   Thumb Code     2  handlers.o(i.__scatterload_null)
    __scatterload_zeroinit                   0x08010079   Thumb Code    14  handlers.o(i.__scatterload_zeroinit)
    netCGI_Charset                           0x0801357d   Thumb Code     4  net_http_server.o(i.netCGI_Charset)
    netCGI_ContentType                       0x08013581   Thumb Code     4  net_http_server.o(i.netCGI_ContentType)
    netCGI_CustomHeader                      0x08013585   Thumb Code     4  net_http_server.o(i.netCGI_CustomHeader)
    netCGI_GetEnvVar                         0x08013589   Thumb Code   104  net_http_server.o(i.netCGI_GetEnvVar)
    netCGI_Redirect                          0x080135f5   Thumb Code     4  net_http_server.o(i.netCGI_Redirect)
    netCGX_ContentType                       0x080135f9   Thumb Code     4  net_http_server.o(i.netCGX_ContentType)
    netCore_Thread                           0x080135fd   Thumb Code    90  net_sys.o(i.netCore_Thread)
    netETH_Notify                            0x08013661   Thumb Code     2  net_eth.o(i.netETH_Notify)
    netETH_ReceiveRaw                        0x08013663   Thumb Code     2  net_eth.o(i.netETH_ReceiveRaw)
    netETH_Thread                            0x08013665   Thumb Code   114  net_eth.o(i.netETH_Thread)
    netHTTPs_AcceptClient                    0x080136d7   Thumb Code     4  net_http_server.o(i.netHTTPs_AcceptClient)
    netHTTPs_FileAccess                      0x080136db   Thumb Code     4  net_http_server.o(i.netHTTPs_FileAccess)
    netHTTPs_GetLanguage                     0x080136e1   Thumb Code    24  net_http_server.o(i.netHTTPs_GetLanguage)
    netHTTPs_GetPassword                     0x08013701   Thumb Code     6  net_http_server.o(i.netHTTPs_GetPassword)
    netHTTPs_LoginActive                     0x0801370d   Thumb Code     6  net_http_server.o(i.netHTTPs_LoginActive)
    netHTTPs_SetPassword                     0x08013719   Thumb Code    78  net_http_server.o(i.netHTTPs_SetPassword)
    netIF_GetOption                          0x08013771   Thumb Code   128  net_sys.o(i.netIF_GetOption)
    netIF_SetOption                          0x080137f9   Thumb Code   124  net_sys.o(i.netIF_SetOption)
    netIP_aton                               0x0801387d   Thumb Code    26  net_addr.o(i.netIP_aton)
    netIP_ntoa                               0x08013897   Thumb Code    50  net_addr.o(i.netIP_ntoa)
    netInitialize                            0x080138c9   Thumb Code   156  net_sys.o(i.netInitialize)
    netMAC_aton                              0x08013975   Thumb Code   140  net_addr.o(i.netMAC_aton)
    netTCP_GetLocalPort                      0x08013a01   Thumb Code     4  net_tcp.o(i.netTCP_GetLocalPort)
    netTCP_GetPeer                           0x08013a05   Thumb Code    32  net_tcp.o(i.netTCP_GetPeer)
    netTCP_GetState                          0x08013a25   Thumb Code     4  net_tcp.o(i.netTCP_GetState)
    netTCP_GetTimer                          0x08013a29   Thumb Code     4  net_tcp.o(i.netTCP_GetTimer)
    net_addr4_aton                           0x08013a2d   Thumb Code   124  net_addr.o(i.net_addr4_aton)
    net_addr4_to_mac                         0x08013aa9   Thumb Code    30  net_addr.o(i.net_addr4_to_mac)
    net_addr6_aton                           0x08013ac9   Thumb Code   230  net_addr.o(i.net_addr6_aton)
    net_addr6_comp                           0x08013baf   Thumb Code    40  net_addr.o(i.net_addr6_comp)
    net_addr6_copy                           0x08013bd7   Thumb Code    18  net_addr.o(i.net_addr6_copy)
    net_addr6_create                         0x08013be9   Thumb Code    70  net_addr.o(i.net_addr6_create)
    net_addr6_get_solicited                  0x08013c35   Thumb Code    34  net_addr.o(i.net_addr6_get_solicited)
    net_addr6_is_linklocal                   0x08013c5d   Thumb Code    24  net_addr.o(i.net_addr6_is_linklocal)
    net_addr6_is_onlink                      0x08013c75   Thumb Code   110  net_addr.o(i.net_addr6_is_onlink)
    net_addr6_is_solicited                   0x08013ce3   Thumb Code    72  net_addr.o(i.net_addr6_is_solicited)
    net_addr6_is_unspec                      0x08013d2b   Thumb Code    24  net_addr.o(i.net_addr6_is_unspec)
    net_addr6_to_mac                         0x08013d43   Thumb Code    14  net_addr.o(i.net_addr6_to_mac)
    net_addr_copy                            0x08013d51   Thumb Code    38  net_addr.o(i.net_addr_copy)
    net_addr_find_route                      0x08013d77   Thumb Code    26  net_addr.o(i.net_addr_find_route)
    net_addr_get_local                       0x08013d91   Thumb Code    26  net_addr.o(i.net_addr_get_local)
    net_addr_is_unspec                       0x08013db1   Thumb Code    34  net_addr.o(i.net_addr_is_unspec)
    net_arp_cache_add                        0x08013dd5   Thumb Code   276  net_arp.o(i.net_arp_cache_add)
    net_arp_cache_early                      0x08013ef1   Thumb Code   180  net_arp.o(i.net_arp_cache_early)
    net_arp_cache_find                       0x08013fad   Thumb Code   224  net_arp.o(i.net_arp_cache_find)
    net_arp_cache_init                       0x08014099   Thumb Code    64  net_arp.o(i.net_arp_cache_init)
    net_arp_cache_run                        0x080140e1   Thumb Code    22  net_arp.o(i.net_arp_cache_run)
    net_arp_enqueue                          0x080140fd   Thumb Code   114  net_arp.o(i.net_arp_enqueue)
    net_arp_notify                           0x08014175   Thumb Code    32  net_arp.o(i.net_arp_notify)
    net_arp_process                          0x08014195   Thumb Code   536  net_arp.o(i.net_arp_process)
    net_atoi                                 0x080143b9   Thumb Code    66  net_common.o(i.net_atoi)
    net_chksum_buf                           0x080143fb   Thumb Code    48  net_common.o(i.net_chksum_buf)
    net_crc_buf                              0x0801442b   Thumb Code    30  net_common.o(i.net_crc_buf)
    net_eth_callback                         0x08014449   Thumb Code    14  net_eth.o(i.net_eth_callback)
    net_eth_config_mcast                     0x08014457   Thumb Code   104  net_eth.o(i.net_eth_config_mcast)
    net_eth_get_option                       0x080144bf   Thumb Code   234  net_eth.o(i.net_eth_get_option)
    net_eth_iface_init                       0x080145a9   Thumb Code    22  net_eth.o(i.net_eth_iface_init)
    net_eth_iface_run                        0x080145c5   Thumb Code    22  net_eth.o(i.net_eth_iface_run)
    net_eth_output                           0x080145e1   Thumb Code   164  net_eth.o(i.net_eth_output)
    net_eth_send_frame                       0x08014689   Thumb Code   462  net_eth.o(i.net_eth_send_frame)
    net_eth_set_option                       0x08014869   Thumb Code   610  net_eth.o(i.net_eth_set_option)
    net_http_server_init                     0x08014ad9   Thumb Code   212  net_http_server.o(i.net_http_server_init)
    net_http_server_run                      0x08014bc1   Thumb Code    30  net_http_server.o(i.net_http_server_run)
    net_icmp6_init                           0x08014be9   Thumb Code    20  net_icmp6.o(i.net_icmp6_init)
    net_icmp6_process                        0x08014c01   Thumb Code   542  net_icmp6.o(i.net_icmp6_process)
    net_icmp6_send                           0x08014e39   Thumb Code   122  net_icmp6.o(i.net_icmp6_send)
    net_icmp6_send_echo                      0x08014ebd   Thumb Code    78  net_icmp6.o(i.net_icmp6_send_echo)
    net_icmp_init                            0x08014f15   Thumb Code    20  net_icmp.o(i.net_icmp_init)
    net_icmp_process                         0x08014f2d   Thumb Code   430  net_icmp.o(i.net_icmp_process)
    net_icmp_send_echo                       0x080150f5   Thumb Code   142  net_icmp.o(i.net_icmp_send_echo)
    net_if_map_all                           0x08015195   Thumb Code     6  net_sys.o(i.net_if_map_all)
    net_ip4_chk_frame                        0x080151a1   Thumb Code   372  net_ip4.o(i.net_ip4_chk_frame)
    net_ip4_chksum                           0x0801532d   Thumb Code    44  net_ip4.o(i.net_ip4_chksum)
    net_ip4_chksum_buf                       0x08015359   Thumb Code     6  net_ip4.o(i.net_ip4_chksum_buf)
    net_ip4_find_route                       0x08015361   Thumb Code   104  net_ip4.o(i.net_ip4_find_route)
    net_ip4_frag_add                         0x080153e1   Thumb Code   284  net_ip4_frag.o(i.net_ip4_frag_add)
    net_ip4_frag_get                         0x08015505   Thumb Code   168  net_ip4_frag.o(i.net_ip4_frag_get)
    net_ip4_frag_init                        0x080155b1   Thumb Code    12  net_ip4_frag.o(i.net_ip4_frag_init)
    net_ip4_frag_run                         0x080155c1   Thumb Code    50  net_ip4_frag.o(i.net_ip4_frag_run)
    net_ip4_get_local                        0x080155fd   Thumb Code    40  net_ip4.o(i.net_ip4_get_local)
    net_ip4_init                             0x08015629   Thumb Code    22  net_ip4.o(i.net_ip4_init)
    net_ip4_is_onlink                        0x0801564d   Thumb Code    32  net_ip4.o(i.net_ip4_is_onlink)
    net_ip4_is_subcast                       0x0801566d   Thumb Code    38  net_ip4.o(i.net_ip4_is_subcast)
    net_ip4_reass_frame                      0x08015693   Thumb Code    14  net_ip4.o(i.net_ip4_reass_frame)
    net_ip4_send_frame                       0x080156a1   Thumb Code   340  net_ip4.o(i.net_ip4_send_frame)
    net_ip4_tx_offl_hl                       0x08015805   Thumb Code    42  net_ip4.o(i.net_ip4_tx_offl_hl)
    net_ip6_chk_frame                        0x08015831   Thumb Code   236  net_ip6.o(i.net_ip6_chk_frame)
    net_ip6_chksum                           0x08015931   Thumb Code    50  net_ip6.o(i.net_ip6_chksum)
    net_ip6_collect_mcast                    0x08015965   Thumb Code   118  net_ip6.o(i.net_ip6_collect_mcast)
    net_ip6_find_route                       0x080159e1   Thumb Code    56  net_ip6.o(i.net_ip6_find_route)
    net_ip6_get_local                        0x08015a29   Thumb Code    74  net_ip6.o(i.net_ip6_get_local)
    net_ip6_init                             0x08015a7d   Thumb Code    20  net_ip6.o(i.net_ip6_init)
    net_ip6_send_frame                       0x08015a99   Thumb Code   192  net_ip6.o(i.net_ip6_send_frame)
    net_ip6_tx_offl_hl                       0x08015b65   Thumb Code    30  net_ip6.o(i.net_ip6_tx_offl_hl)
    net_itoa                                 0x08015b83   Thumb Code     8  net_common.o(i.net_itoa)
    net_itoa_n0                              0x08015b8b   Thumb Code     6  net_common.o(i.net_itoa_n0)
    net_loop_iface_init                      0x08015b91   Thumb Code    40  net_loopback.o(i.net_loop_iface_init)
    net_loop_iface_run                       0x08015bc1   Thumb Code   176  net_loopback.o(i.net_loop_iface_run)
    net_loop_send_frame                      0x08015c7d   Thumb Code   104  net_loopback.o(i.net_loop_send_frame)
    net_mem_alloc                            0x08015ced   Thumb Code   178  net_mem.o(i.net_mem_alloc)
    net_mem_avail                            0x08015dad   Thumb Code    22  net_mem.o(i.net_mem_avail)
    net_mem_free                             0x08015dc9   Thumb Code   152  net_mem.o(i.net_mem_free)
    net_mem_init                             0x08015e6d   Thumb Code    98  net_mem.o(i.net_mem_init)
    net_mem_shrink                           0x08015edd   Thumb Code    62  net_mem.o(i.net_mem_shrink)
    net_nbns_client_init                     0x08015f25   Thumb Code    82  net_nbns_client.o(i.net_nbns_client_init)
    net_ndp_cache_find                       0x08015f89   Thumb Code   438  net_ndp.o(i.net_ndp_cache_find)
    net_ndp_cache_refresh                    0x0801614d   Thumb Code   112  net_ndp.o(i.net_ndp_cache_refresh)
    net_ndp_enqueue                          0x080161c5   Thumb Code   108  net_ndp.o(i.net_ndp_enqueue)
    net_ndp_process                          0x08016235   Thumb Code   872  net_ndp.o(i.net_ndp_process)
    net_path                                 0x080165a9   Thumb Code    52  net_sys.o(i.net_path)
    net_ping_client_init                     0x080165e1   Thumb Code    22  net_ping_core.o(i.net_ping_client_init)
    net_ping_client_run                      0x08016601   Thumb Code   110  net_ping_core.o(i.net_ping_client_run)
    net_rand32                               0x08016681   Thumb Code    18  net_sys.o(i.net_rand32)
    net_strcasecmp                           0x0801669d   Thumb Code    46  net_common.o(i.net_strcasecmp)
    net_strcmp                               0x080166cb   Thumb Code    26  net_common.o(i.net_strcmp)
    net_strcpy                               0x080166e5   Thumb Code    18  net_common.o(i.net_strcpy)
    net_strnchr                              0x080166f7   Thumb Code    28  net_common.o(i.net_strnchr)
    net_strncpy                              0x08016713   Thumb Code    26  net_common.o(i.net_strncpy)
    net_strtoupper                           0x0801672d   Thumb Code    32  net_common.o(i.net_strtoupper)
    net_sys_lock                             0x0801674d   Thumb Code     8  net_sys.o(i.net_sys_lock)
    net_sys_resume                           0x08016759   Thumb Code    22  net_sys.o(i.net_sys_resume)
    net_sys_tick                             0x08016771   Thumb Code    16  net_sys.o(i.net_sys_tick)
    net_sys_unlock                           0x08016785   Thumb Code     8  net_sys.o(i.net_sys_unlock)
    net_sys_wakeup                           0x08016791   Thumb Code    26  net_sys.o(i.net_sys_wakeup)
    net_tcp_abort                            0x080167b1   Thumb Code   122  net_tcp.o(i.net_tcp_abort)
    net_tcp_close                            0x08016835   Thumb Code   218  net_tcp.o(i.net_tcp_close)
    net_tcp_get_buf                          0x08016919   Thumb Code    46  net_tcp.o(i.net_tcp_get_buf)
    net_tcp_get_local_port                   0x08016949   Thumb Code    48  net_tcp.o(i.net_tcp_get_local_port)
    net_tcp_get_mss                          0x0801697d   Thumb Code    34  net_tcp.o(i.net_tcp_get_mss)
    net_tcp_get_peer                         0x080169a5   Thumb Code    80  net_tcp.o(i.net_tcp_get_peer)
    net_tcp_get_socket                       0x080169f9   Thumb Code   104  net_tcp.o(i.net_tcp_get_socket)
    net_tcp_get_state                        0x08016a69   Thumb Code    40  net_tcp.o(i.net_tcp_get_state)
    net_tcp_get_timer                        0x08016a95   Thumb Code    48  net_tcp.o(i.net_tcp_get_timer)
    net_tcp_listen                           0x08016ac9   Thumb Code   168  net_tcp.o(i.net_tcp_listen)
    net_tcp_process                          0x08016b79   Thumb Code  1956  net_tcp.o(i.net_tcp_process)
    net_tcp_send                             0x08017321   Thumb Code   336  net_tcp.o(i.net_tcp_send)
    net_tcp_set_option                       0x0801747d   Thumb Code   288  net_tcp.o(i.net_tcp_set_option)
    net_tcp_socket_init                      0x080175a9   Thumb Code    30  net_tcp.o(i.net_tcp_socket_init)
    net_tcp_socket_run                       0x080175d1   Thumb Code   938  net_tcp.o(i.net_tcp_socket_run)
    net_udp_get_buf                          0x08017991   Thumb Code    46  net_udp.o(i.net_udp_get_buf)
    net_udp_get_socket                       0x080179c1   Thumb Code   102  net_udp.o(i.net_udp_get_socket)
    net_udp_open                             0x08017a31   Thumb Code   160  net_udp.o(i.net_udp_open)
    net_udp_process                          0x08017add   Thumb Code   322  net_udp.o(i.net_udp_process)
    net_udp_send_if                          0x08017c35   Thumb Code   540  net_udp.o(i.net_udp_send_if)
    net_udp_socket_init                      0x08017e61   Thumb Code    30  net_udp.o(i.net_udp_socket_init)
    net_ultoa                                0x08017e85   Thumb Code     8  net_common.o(i.net_ultoa)
    net_ultox                                0x08017e8d   Thumb Code    44  net_common.o(i.net_ultox)
    net_xtoul                                0x08017ebd   Thumb Code    76  net_common.o(i.net_xtoul)
    app_main_attr                            0x08018a14   Data          36  http_server.o(.constdata)
    imageLastModified                        0x08018a38   Data           4  web.o(.constdata)
    Arial12x12                               0x0802330c   Data        2400  lcd_1.o(.constdata)
    osRtxUserSVC                             0x08023ccc   Data           4  rtx_lib.o(.constdata)
    Driver_ETH_PHY0                          0x08023cd4   Data          32  phy_lan8742a.o(.constdata)
    Driver_ETH_MAC0                          0x08023d44   Data          68  emac_stm32f4xx.o(.constdata)
    Driver_SPI1                              0x08023ddc   Data          44  spi_stm32f4xx.o(.constdata)
    EventRecorderInfo                        0x08023e08   Data          24  eventrecorder.o(.constdata)
    AHBPrescTable                            0x08023e28   Data          16  system_stm32f4xx.o(.constdata)
    APBPrescTable                            0x08023e38   Data           8  system_stm32f4xx.o(.constdata)
    net_sys_config                           0x08023ee8   Data          28  net_config.o(.constdata)
    net_eth0_if_config                       0x08023f4c   Data          44  net_config.o(.constdata)
    net_eth_list                             0x08023f78   Data           8  net_config.o(.constdata)
    net_if_list_lan                          0x08023f80   Data           8  net_config.o(.constdata)
    net_if_list_all                          0x08023f88   Data           8  net_config.o(.constdata)
    net_if_inet_def                          0x08023f90   Data           8  net_config.o(.constdata)
    net_if_link_def                          0x08023f98   Data           8  net_config.o(.constdata)
    net_arp_list                             0x08023fa0   Data           8  net_config.o(.constdata)
    net_icmp_list                            0x08023fa8   Data           8  net_config.o(.constdata)
    net_icmp6_list                           0x08023fb0   Data           4  net_config.o(.constdata)
    net_ip4_frag_config                      0x08023fb4   Data           8  net_config.o(.constdata)
    net_udp_config                           0x08023fbc   Data          12  net_config.o(.constdata)
    net_tcp_config                           0x08023fc8   Data          24  net_config.o(.constdata)
    net_http_config                          0x08023fe0   Data          52  net_config.o(.constdata)
    netif_getopt_func                        0x0802405c   Data          16  net_config.o(.constdata)
    netif_setopt_func                        0x0802406c   Data          16  net_config.o(.constdata)
    net_loop_if_config                       0x0802407c   Data          44  net_loopback.o(.constdata)
    net_ping_payload                         0x080241b6   Data          18  net_ping_core.o(.constdata)
    net_addr_unspec                          0x080241c8   Data          16  net_addr.o(.constdata)
    net_addr_bcast                           0x080241d8   Data           6  net_addr.o(.constdata)
    net_addr4_loopback                       0x080241de   Data           4  net_ip4.o(.constdata)
    net_addr6_all_nodes                      0x080241e2   Data          16  net_ip6.o(.constdata)
    net_addr6_loopback                       0x080241f2   Data          16  net_ip6.o(.constdata)
    net_http_error                           0x08024204   Data          24  net_http_server_err.o(.constdata)
    net_lib_version                          0x0802422c   Data           4  net_version.o(.constdata)
    network_ip4ip6_debug_v7.15.0             0x0802422c   Data           4  net_version.o(.constdata)
    __ctype_table                            0x08024230   Data         129  ctype_o.o(.constdata)
    osRtxConfig                              0x08024668   Data         112  rtx_lib.o(.rodata)
    os_cb_sections                           0x080246d8   Data          56  rtx_lib.o(.rodata)
    Region$$Table$$Base                      0x08024710   Number         0  anon$$obj.o(Region$$Table)
    Region$$Table$$Limit                     0x08024740   Number         0  anon$$obj.o(Region$$Table)
    .bss.os.msgqueue.cb$$Base                0x20008044   Number         0  rtx_lib.o(.bss.os.msgqueue.cb)
    .bss.os.msgqueue.cb$$Limit               0x20008078   Number         0  rtx_lib.o(.bss.os.msgqueue.cb)
    .bss.os.mutex.cb$$Base                   0x200080c8   Number         0  net_config.o(.bss.os.mutex.cb)
    .bss.os.mutex.cb$$Limit                  0x20008100   Number         0  net_config.o(.bss.os.mutex.cb)
    .bss.os.semaphore.cb$$Base               0x20008100   Number         0  net_config.o(.bss.os.semaphore.cb)
    .bss.os.semaphore.cb$$Limit              0x20008110   Number         0  net_config.o(.bss.os.semaphore.cb)
    .bss.os.thread.cb$$Base                  0x20008110   Number         0  rtx_lib.o(.bss.os.thread.cb)
    .bss.os.thread.cb$$Limit                 0x20008220   Number         0  net_config.o(.bss.os.thread.cb)
    .bss.os.timer.cb$$Base                   0x20008620   Number         0  net_config.o(.bss.os.timer.cb)
    .bss.os.timer.cb$$Limit                  0x20008640   Number         0  net_config.o(.bss.os.timer.cb)
    LEDrun                                   0x20008644   Data           1  http_server.o(.data)
    val                                      0x20008648   Data           4  http_server.o(.data)
    TID_Display                              0x2000864c   Data           4  http_server.o(.data)
    TID_Led                                  0x20008650   Data           4  http_server.o(.data)
    TID_RTC                                  0x20008654   Data           4  http_server.o(.data)
    TID_Alarm                                0x20008658   Data           4  http_server.o(.data)
    lcd_text                                 0x2000865c   Data          42  http_server.o(.data)
    CheckBox                                 0x2000868a   Data           1  http_server_cgi.o(.data)
    sdatestructure                           0x20008690   Data           4  http_server_cgi.o(.data)
    positionL1                               0x20008694   Data           2  lcd_1.o(.data)
    positionL2                               0x20008696   Data           2  lcd_1.o(.data)
    positionL3                               0x20008698   Data           2  lcd_1.o(.data)
    SPIdrv                                   0x2000869c   Data           4  lcd_1.o(.data)
    SPIstatus                                0x200086a0   Data           4  lcd_1.o(.data)
    mid_MsgQueue_ServerLcd                   0x200086a4   Data           4  lcd_1.o(.data)
    tid_Thlcd                                0x200086a8   Data           4  lcd_1.o(.data)
    valor                                    0x200086b0   Data           4  adc1.o(.data)
    AlarmaFlag                               0x200086b4   Data           1  rtc_2.o(.data)
    uwTickFreq                               0x200086b8   Data           1  stm32f4xx_hal.o(.data)
    uwTickPrio                               0x200086bc   Data           4  stm32f4xx_hal.o(.data)
    uwTick                                   0x200086c0   Data           4  stm32f4xx_hal.o(.data)
    SystemCoreClock                          0x200086c4   Data           4  system_stm32f4xx.o(.data)
    net_eth0_icmp_control                    0x200086e0   Data           1  net_icmp.o(.data)
    osRtxInfo                                0x20008708   Data         164  rtx_kernel.o(.data.os)
    aShowTime                                0x200087ac   Data          10  http_server.o(.bss)
    aShowDate                                0x200087b6   Data          10  http_server.o(.bss)
    adchandle                                0x200087d8   Data          72  http_server.o(.bss)
    app_main_stk                             0x20008820   Data        1024  http_server.o(.bss)
    htim7                                    0x20008c58   Data          64  lcd_1.o(.bss)
    buffer                                   0x20008c98   Data         512  lcd_1.o(.bss)
    msg_TimeDataLcd_recibido                 0x20008e98   Data          60  lcd_1.o(.bss)
    RtcHandle                                0x20008f1c   Data          32  rtc_2.o(.bss)
    stimestructure                           0x20008f3c   Data          20  rtc_2.o(.bss)
    net_eth0_if_control                      0x2000f008   Data         160  net_eth.o(.bss)
    net_eth0_arp_control                     0x2000f0a8   Data          24  net_arp.o(.bss)
    net_http_control                         0x2000f160   Data          20  net_http_server.o(.bss)
    net_ping_control                         0x2000f174   Data          44  net_ping_core.o(.bss)
    net_sys_control                          0x2000f1b0   Data          28  net_sys.o(.bss)
    net_dbg_buf                              0x2000f1d8   Data          36  net_sys.o(.bss)
    __initial_sp                             0x2000f670   Data           0  startup_stm32f429xx.o(STACK)



==============================================================================

Memory Map of the image

  Image Entry point : 0x080001ad

  Load Region LR_IROM1 (Base: 0x08000000, Size: 0x0002ceec, Max: 0x00200000, ABSOLUTE, COMPRESSED[0x00024878])

    Execution Region ER_IROM1 (Exec base: 0x08000000, Load base: 0x08000000, Size: 0x00024740, Max: 0x00200000, ABSOLUTE)

    Exec Addr    Load Addr    Size         Type   Attr      Idx    E Section Name        Object

    0x08000000   0x08000000   0x000001ac   Data   RO         1620    RESET               startup_stm32f429xx.o
    0x080001ac   0x080001ac   0x00000000   Code   RO         2662  * .ARM.Collect$$$$00000000  mc_w.l(entry.o)
    0x080001ac   0x080001ac   0x00000004   Code   RO         2956    .ARM.Collect$$$$00000001  mc_w.l(entry2.o)
    0x080001b0   0x080001b0   0x00000004   Code   RO         2959    .ARM.Collect$$$$00000004  mc_w.l(entry5.o)
    0x080001b4   0x080001b4   0x00000000   Code   RO         2961    .ARM.Collect$$$$00000008  mc_w.l(entry7b.o)
    0x080001b4   0x080001b4   0x00000000   Code   RO         2963    .ARM.Collect$$$$0000000A  mc_w.l(entry8b.o)
    0x080001b4   0x080001b4   0x00000008   Code   RO         2964    .ARM.Collect$$$$0000000B  mc_w.l(entry9a.o)
    0x080001bc   0x080001bc   0x00000004   Code   RO         2971    .ARM.Collect$$$$0000000E  mc_w.l(entry12b.o)
    0x080001c0   0x080001c0   0x00000000   Code   RO         2966    .ARM.Collect$$$$0000000F  mc_w.l(entry10a.o)
    0x080001c0   0x080001c0   0x00000000   Code   RO         2968    .ARM.Collect$$$$00000011  mc_w.l(entry11a.o)
    0x080001c0   0x080001c0   0x00000004   Code   RO         2957    .ARM.Collect$$$$00002712  mc_w.l(entry2.o)
    0x080001c4   0x080001c4   0x00000148   Code   RO          761    .emb_text           rtx_mempool.o
    0x0800030c   0x0800030c   0x00000148   Code   RO          792    .emb_text           rtx_msgqueue.o
    0x08000454   0x08000454   0x00000148   Code   RO          857    .emb_text           rtx_semaphore.o
    0x0800059c   0x0800059c   0x00000148   Code   RO          888    .emb_text           rtx_system.o
    0x080006e4   0x080006e4   0x00000148   Code   RO          922    .emb_text           rtx_thread.o
    0x0800082c   0x0800082c   0x00000074   Code   RO         1143    .emb_text           eventrecorder.o
    0x080008a0   0x080008a0   0x00000114   Code   RO            4    .text               main.o
    0x080009b4   0x080009b4   0x000002c0   Code   RO          150    .text               http_server.o
    0x08000c74   0x08000c74   0x000007a8   Code   RO          232    .text               http_server_cgi.o
    0x0800141c   0x0800141c   0x00000024   Code   RO          279    .text               stm32f4xx_it.o
    0x08001440   0x08001440   0x00000078   Code   RO          307    .text               web.o
    0x080014b8   0x080014b8   0x00000130   Code   RO          327    .text               leds_1.o
    0x080015e8   0x080015e8   0x00000468   Code   RO          351    .text               lcd_1.o
    0x08001a50   0x08001a50   0x00000154   Code   RO          387    .text               adc1.o
    0x08001ba4   0x08001ba4   0x000002a0   Code   RO          415    .text               rtc_2.o
    0x08001e44   0x08001e44   0x00000094   Code   RO          503    .text               irq_armv7m.o
    0x08001ed8   0x08001ed8   0x00000104   Code   RO          511    .text               rtx_delay.o
    0x08001fdc   0x08001fdc   0x00000958   Code   RO          609    .text               rtx_evr.o
    0x08002934   0x08002934   0x000006cc   Code   RO          634    .text               rtx_kernel.o
    0x08003000   0x08003000   0x00000018   Code   RO          682    .text               rtx_lib.o
    0x08003018   0x08003018   0x00000124   Code   RO          731    .text               rtx_memory.o
    0x0800313c   0x0800313c   0x00000678   Code   RO          762    .text               rtx_mempool.o
    0x080037b4   0x080037b4   0x000009bc   Code   RO          793    .text               rtx_msgqueue.o
    0x08004170   0x08004170   0x00000558   Code   RO          827    .text               rtx_mutex.o
    0x080046c8   0x080046c8   0x00000450   Code   RO          858    .text               rtx_semaphore.o
    0x08004b18   0x08004b18   0x00000154   Code   RO          889    .text               rtx_system.o
    0x08004c6c   0x08004c6c   0x000011d4   Code   RO          923    .text               rtx_thread.o
    0x08005e40   0x08005e40   0x00000480   Code   RO          957    .text               rtx_timer.o
    0x080062c0   0x080062c0   0x000000c4   Code   RO          987    .text               os_systick.o
    0x08006384   0x08006384   0x00000004   Code   RO         1013    .text               rtx_config.o
    0x08006388   0x08006388   0x000001ac   Code   RO         1034    .text               phy_lan8742a.o
    0x08006534   0x08006534   0x000009e8   Code   RO         1062    .text               emac_stm32f4xx.o
    0x08006f1c   0x08006f1c   0x00000c5c   Code   RO         1101    .text               spi_stm32f4xx.o
    0x08007b78   0x08007b78   0x00000538   Code   RO         1144    .text               eventrecorder.o
    0x080080b0   0x080080b0   0x000001c8   Code   RO         1178    .text               stm32f4xx_hal.o
    0x08008278   0x08008278   0x00000ab8   Code   RO         1208    .text               stm32f4xx_hal_adc.o
    0x08008d30   0x08008d30   0x00000724   Code   RO         1232    .text               stm32f4xx_hal_adc_ex.o
    0x08009454   0x08009454   0x00000298   Code   RO         1256    .text               stm32f4xx_hal_cortex.o
    0x080096ec   0x080096ec   0x00000718   Code   RO         1284    .text               stm32f4xx_hal_dma.o
    0x08009e04   0x08009e04   0x00000364   Code   RO         1333    .text               stm32f4xx_hal_gpio.o
    0x0800a168   0x0800a168   0x00000178   Code   RO         1357    .text               stm32f4xx_hal_pwr.o
    0x0800a2e0   0x0800a2e0   0x00000760   Code   RO         1405    .text               stm32f4xx_hal_rcc.o
    0x0800aa40   0x0800aa40   0x000005e4   Code   RO         1429    .text               stm32f4xx_hal_rcc_ex.o
    0x0800b024   0x0800b024   0x00000970   Code   RO         1453    .text               stm32f4xx_hal_rtc.o
    0x0800b994   0x0800b994   0x00000b0c   Code   RO         1477    .text               stm32f4xx_hal_rtc_ex.o
    0x0800c4a0   0x0800c4a0   0x000023d2   Code   RO         1549    .text               stm32f4xx_hal_tim.o
    0x0800e872   0x0800e872   0x00000002   PAD
    0x0800e874   0x0800e874   0x00000bb0   Code   RO         1573    .text               stm32f4xx_hal_tim_ex.o
    0x0800f424   0x0800f424   0x00000024   Code   RO         1621    .text               startup_stm32f429xx.o
    0x0800f448   0x0800f448   0x00000094   Code   RO         1628    .text               system_stm32f4xx.o
    0x0800f4dc   0x0800f4dc   0x00000178   Code   RO         1657    .text               net_config.o
    0x0800f654   0x0800f654   0x00000152   Code   RO         1744    .text               net_debug.o
    0x0800f7a6   0x0800f7a6   0x00000062   Code   RO         2665    .text               mc_w.l(uldiv.o)
    0x0800f808   0x0800f808   0x00000024   Code   RO         2667    .text               mc_w.l(memcpya.o)
    0x0800f82c   0x0800f82c   0x00000024   Code   RO         2669    .text               mc_w.l(memseta.o)
    0x0800f850   0x0800f850   0x0000000e   Code   RO         2671    .text               mc_w.l(strlen.o)
    0x0800f85e   0x0800f85e   0x0000001c   Code   RO         2673    .text               mc_w.l(strcmp.o)
    0x0800f87a   0x0800f87a   0x0000001a   Code   RO         2675    .text               mc_w.l(memcmp.o)
    0x0800f894   0x0800f894   0x00000012   Code   RO         2677    .text               mc_w.l(strcpy.o)
    0x0800f8a6   0x0800f8a6   0x0000001e   Code   RO         2679    .text               mc_w.l(strncmp.o)
    0x0800f8c4   0x0800f8c4   0x0000001a   Code   RO         2944    .text               mc_w.l(atoi.o)
    0x0800f8de   0x0800f8de   0x000000e4   Code   RO         2946    .text               mf_w.l(dmul.o)
    0x0800f9c2   0x0800f9c2   0x0000002e   Code   RO         2948    .text               mf_w.l(dscalb.o)
    0x0800f9f0   0x0800f9f0   0x0000000a   Code   RO         2950    .text               mf_w.l(ffltui.o)
    0x0800f9fa   0x0800f9fa   0x00000028   Code   RO         2952    .text               mf_w.l(ffixui.o)
    0x0800fa22   0x0800fa22   0x00000026   Code   RO         2954    .text               mf_w.l(f2d.o)
    0x0800fa48   0x0800fa48   0x0000002c   Code   RO         2975    .text               mc_w.l(uidiv.o)
    0x0800fa74   0x0800fa74   0x0000001e   Code   RO         2977    .text               mc_w.l(llshl.o)
    0x0800fa92   0x0800fa92   0x00000020   Code   RO         2979    .text               mc_w.l(llushr.o)
    0x0800fab2   0x0800fab2   0x00000070   Code   RO         2988    .text               mc_w.l(strtol.o)
    0x0800fb22   0x0800fb22   0x00000000   Code   RO         2990    .text               mc_w.l(iusefp.o)
    0x0800fb22   0x0800fb22   0x0000006e   Code   RO         2991    .text               mf_w.l(fepilogue.o)
    0x0800fb90   0x0800fb90   0x000000ba   Code   RO         2993    .text               mf_w.l(depilogue.o)
    0x0800fc4a   0x0800fc4a   0x0000014e   Code   RO         2995    .text               mf_w.l(dadd.o)
    0x0800fd98   0x0800fd98   0x000000de   Code   RO         2997    .text               mf_w.l(ddiv.o)
    0x0800fe76   0x0800fe76   0x00000030   Code   RO         2999    .text               mf_w.l(dfixul.o)
    0x0800fea6   0x0800fea6   0x00000002   PAD
    0x0800fea8   0x0800fea8   0x00000030   Code   RO         3001    .text               mf_w.l(cdrcmple.o)
    0x0800fed8   0x0800fed8   0x00000024   Code   RO         3003    .text               mc_w.l(init.o)
    0x0800fefc   0x0800fefc   0x00000024   Code   RO         3006    .text               mc_w.l(llsshr.o)
    0x0800ff20   0x0800ff20   0x00000008   Code   RO         3008    .text               mc_w.l(ctype_o.o)
    0x0800ff28   0x0800ff28   0x0000009e   Code   RO         3036    .text               mc_w.l(_strtoul.o)
    0x0800ffc6   0x0800ffc6   0x0000001c   Code   RO         3039    .text               mc_w.l(_chval.o)
    0x0800ffe2   0x0800ffe2   0x00000056   Code   RO         3048    .text               mc_w.l(__dczerorl2.o)
    0x08010038   0x08010038   0x00000028   Code   RO         2918    i.__0sprintf        mc_w.l(printfa.o)
    0x08010060   0x08010060   0x00000008   Code   RO         2981    i.__aeabi_errno_addr  mc_w.l(errno.o)
    0x08010068   0x08010068   0x0000000e   Code   RO         3042    i.__scatterload_copy  mc_w.l(handlers.o)
    0x08010076   0x08010076   0x00000002   Code   RO         3043    i.__scatterload_null  mc_w.l(handlers.o)
    0x08010078   0x08010078   0x0000000e   Code   RO         3044    i.__scatterload_zeroinit  mc_w.l(handlers.o)
    0x08010086   0x08010086   0x00000002   PAD
    0x08010088   0x08010088   0x00000184   Code   RO         2923    i._fp_digits        mc_w.l(printfa.o)
    0x0801020c   0x0801020c   0x000006b4   Code   RO         2924    i._printf_core      mc_w.l(printfa.o)
    0x080108c0   0x080108c0   0x00000024   Code   RO         2925    i._printf_post_padding  mc_w.l(printfa.o)
    0x080108e4   0x080108e4   0x0000002e   Code   RO         2926    i._printf_pre_padding  mc_w.l(printfa.o)
    0x08010912   0x08010912   0x0000000a   Code   RO         2928    i._sputc            mc_w.l(printfa.o)
    0x0801091c   0x0801091c   0x00000054   Code   RO         2150    i.add_server_id     Net_Dbg_CM3_L.lib(net_http_server.o)
    0x08010970   0x08010970   0x0000005c   Code   RO         1830    i.arp_cache_alloc   Net_Dbg_CM3_L.lib(net_arp.o)
    0x080109cc   0x080109cc   0x00000170   Code   RO         1831    i.arp_cache_run     Net_Dbg_CM3_L.lib(net_arp.o)
    0x08010b3c   0x08010b3c   0x00000038   Code   RO         1832    i.arp_is_cacheable  Net_Dbg_CM3_L.lib(net_arp.o)
    0x08010b74   0x08010b74   0x00000088   Code   RO         1833    i.arp_probe_run     Net_Dbg_CM3_L.lib(net_arp.o)
    0x08010bfc   0x08010bfc   0x000000d8   Code   RO         1835    i.arp_proc_response  Net_Dbg_CM3_L.lib(net_arp.o)
    0x08010cd4   0x08010cd4   0x0000001a   Code   RO         1836    i.arp_que_free      Net_Dbg_CM3_L.lib(net_arp.o)
    0x08010cee   0x08010cee   0x00000002   PAD
    0x08010cf0   0x08010cf0   0x000000a0   Code   RO         1837    i.arp_send_reply    Net_Dbg_CM3_L.lib(net_arp.o)
    0x08010d90   0x08010d90   0x000000d0   Code   RO         1838    i.arp_send_request  Net_Dbg_CM3_L.lib(net_arp.o)
    0x08010e60   0x08010e60   0x00000068   Code   RO         1839    i.arp_sender_valid  Net_Dbg_CM3_L.lib(net_arp.o)
    0x08010ec8   0x08010ec8   0x0000018c   Code   RO         2151    i.chk_post_req      Net_Dbg_CM3_L.lib(net_http_server.o)
    0x08011054   0x08011054   0x00000028   Code   RO         2602    i.crc32_8bit        Net_Dbg_CM3_L.lib(net_common.o)
    0x0801107c   0x0801107c   0x0000009a   Code   RO         1774    i.eth_check_link    Net_Dbg_CM3_L.lib(net_eth.o)
    0x08011116   0x08011116   0x00000002   PAD
    0x08011118   0x08011118   0x00000020   Code   RO         1775    i.eth_if_map        Net_Dbg_CM3_L.lib(net_eth.o)
    0x08011138   0x08011138   0x00000304   Code   RO         1776    i.eth_iface_init    Net_Dbg_CM3_L.lib(net_eth.o)
    0x0801143c   0x0801143c   0x00000290   Code   RO         1777    i.eth_iface_run     Net_Dbg_CM3_L.lib(net_eth.o)
    0x080116cc   0x080116cc   0x00000008   Code   RO         1779    i.eth_lock          Net_Dbg_CM3_L.lib(net_eth.o)
    0x080116d4   0x080116d4   0x0000001c   Code   RO         1780    i.eth_mtu_limit     Net_Dbg_CM3_L.lib(net_eth.o)
    0x080116f0   0x080116f0   0x00000048   Code   RO         1781    i.eth_opt_len       Net_Dbg_CM3_L.lib(net_eth.o)
    0x08011738   0x08011738   0x00000088   Code   RO         1782    i.eth_receive       Net_Dbg_CM3_L.lib(net_eth.o)
    0x080117c0   0x080117c0   0x00000008   Code   RO         1783    i.eth_unlock        Net_Dbg_CM3_L.lib(net_eth.o)
    0x080117c8   0x080117c8   0x0000007c   Code   RO         1914    i.frag_map_session  Net_Dbg_CM3_L.lib(net_ip4_frag.o)
    0x08011844   0x08011844   0x00000028   Code   RO         2152    i.get_next_field    Net_Dbg_CM3_L.lib(net_http_server.o)
    0x0801186c   0x0801186c   0x00000032   Code   RO         2153    i.get_next_par      Net_Dbg_CM3_L.lib(net_http_server.o)
    0x0801189e   0x0801189e   0x00000022   Code   RO         2154    i.hex2byte          Net_Dbg_CM3_L.lib(net_http_server.o)
    0x080118c0   0x080118c0   0x0000036c   Code   RO         2155    i.http_add_header   Net_Dbg_CM3_L.lib(net_http_server.o)
    0x08011c2c   0x08011c2c   0x000001cc   Code   RO         2156    i.http_error_msg    Net_Dbg_CM3_L.lib(net_http_server.o)
    0x08011df8   0x08011df8   0x00000078   Code   RO         2157    i.http_get_ftype    Net_Dbg_CM3_L.lib(net_http_server.o)
    0x08011e70   0x08011e70   0x0000005e   Code   RO         2158    i.http_kill_session  Net_Dbg_CM3_L.lib(net_http_server.o)
    0x08011ece   0x08011ece   0x00000002   PAD
    0x08011ed0   0x08011ed0   0x000002a8   Code   RO         2159    i.http_listener     Net_Dbg_CM3_L.lib(net_http_server.o)
    0x08012178   0x08012178   0x00000184   Code   RO         2160    i.http_open_file    Net_Dbg_CM3_L.lib(net_http_server.o)
    0x080122fc   0x080122fc   0x0000011c   Code   RO         2161    i.http_parse_header  Net_Dbg_CM3_L.lib(net_http_server.o)
    0x08012418   0x08012418   0x000001a8   Code   RO         2162    i.http_proc_multipart  Net_Dbg_CM3_L.lib(net_http_server.o)
    0x080125c0   0x080125c0   0x00000138   Code   RO         2163    i.http_proc_post    Net_Dbg_CM3_L.lib(net_http_server.o)
    0x080126f8   0x080126f8   0x00000468   Code   RO         2164    i.http_server_run   Net_Dbg_CM3_L.lib(net_http_server.o)
    0x08012b60   0x08012b60   0x00000060   Code   RO         2165    i.http_server_start  Net_Dbg_CM3_L.lib(net_http_server.o)
    0x08012bc0   0x08012bc0   0x00000020   Code   RO         2167    i.http_strcpy       Net_Dbg_CM3_L.lib(net_http_server.o)
    0x08012be0   0x08012be0   0x000000ac   Code   RO         2168    i.http_to_utc       Net_Dbg_CM3_L.lib(net_http_server.o)
    0x08012c8c   0x08012c8c   0x0000001a   Code   RO         2603    i.i2str             Net_Dbg_CM3_L.lib(net_common.o)
    0x08012ca6   0x08012ca6   0x0000000c   Code   RO         2480    i.ip4_get_chksum    Net_Dbg_CM3_L.lib(net_ip4.o)
    0x08012cb2   0x08012cb2   0x00000028   Code   RO         2481    i.ip4_get_mtu       Net_Dbg_CM3_L.lib(net_ip4.o)
    0x08012cda   0x08012cda   0x00000040   Code   RO         2343    i.ip4_ntoa          Net_Dbg_CM3_L.lib(net_addr.o)
    0x08012d1a   0x08012d1a   0x00000002   PAD
    0x08012d1c   0x08012d1c   0x000000ca   Code   RO         2344    i.ip6_ntoa          Net_Dbg_CM3_L.lib(net_addr.o)
    0x08012de6   0x08012de6   0x00000002   PAD
    0x08012de8   0x08012de8   0x0000000c   Code   RO         2579    i.mem_lock          Net_Dbg_CM3_L.lib(net_mem.o)
    0x08012df4   0x08012df4   0x0000000c   Code   RO         2580    i.mem_unlock        Net_Dbg_CM3_L.lib(net_mem.o)
    0x08012e00   0x08012e00   0x000001a4   Code   RO         2136    i.nbns_listener     Net_Dbg_CM3_L.lib(net_nbns_client.o)
    0x08012fa4   0x08012fa4   0x00000120   Code   RO         2410    i.ndp_cache_add     Net_Dbg_CM3_L.lib(net_ndp.o)
    0x080130c4   0x080130c4   0x00000072   Code   RO         2411    i.ndp_cache_alloc   Net_Dbg_CM3_L.lib(net_ndp.o)
    0x08013136   0x08013136   0x00000002   PAD
    0x08013138   0x08013138   0x00000078   Code   RO         2412    i.ndp_cache_delete  Net_Dbg_CM3_L.lib(net_ndp.o)
    0x080131b0   0x080131b0   0x0000002c   Code   RO         2414    i.ndp_check_frame   Net_Dbg_CM3_L.lib(net_ndp.o)
    0x080131dc   0x080131dc   0x00000012   Code   RO         2415    i.ndp_next_opt      Net_Dbg_CM3_L.lib(net_ndp.o)
    0x080131ee   0x080131ee   0x00000002   PAD
    0x080131f0   0x080131f0   0x000000e4   Code   RO         2416    i.ndp_prefix_add    Net_Dbg_CM3_L.lib(net_ndp.o)
    0x080132d4   0x080132d4   0x000000fc   Code   RO         2419    i.ndp_proc_response  Net_Dbg_CM3_L.lib(net_ndp.o)
    0x080133d0   0x080133d0   0x0000001a   Code   RO         2420    i.ndp_que_free      Net_Dbg_CM3_L.lib(net_ndp.o)
    0x080133ea   0x080133ea   0x00000002   PAD
    0x080133ec   0x080133ec   0x00000038   Code   RO         2421    i.ndp_router_remove  Net_Dbg_CM3_L.lib(net_ndp.o)
    0x08013424   0x08013424   0x0000009c   Code   RO         2422    i.ndp_send_reply    Net_Dbg_CM3_L.lib(net_ndp.o)
    0x080134c0   0x080134c0   0x000000bc   Code   RO         2423    i.ndp_send_request  Net_Dbg_CM3_L.lib(net_ndp.o)
    0x0801357c   0x0801357c   0x00000004   Code   RO         2169    i.netCGI_Charset    Net_Dbg_CM3_L.lib(net_http_server.o)
    0x08013580   0x08013580   0x00000004   Code   RO         2170    i.netCGI_ContentType  Net_Dbg_CM3_L.lib(net_http_server.o)
    0x08013584   0x08013584   0x00000004   Code   RO         2171    i.netCGI_CustomHeader  Net_Dbg_CM3_L.lib(net_http_server.o)
    0x08013588   0x08013588   0x0000006c   Code   RO         2172    i.netCGI_GetEnvVar  Net_Dbg_CM3_L.lib(net_http_server.o)
    0x080135f4   0x080135f4   0x00000004   Code   RO         2175    i.netCGI_Redirect   Net_Dbg_CM3_L.lib(net_http_server.o)
    0x080135f8   0x080135f8   0x00000004   Code   RO         2177    i.netCGX_ContentType  Net_Dbg_CM3_L.lib(net_http_server.o)
    0x080135fc   0x080135fc   0x00000064   Code   RO         2293    i.netCore_Thread    Net_Dbg_CM3_L.lib(net_sys.o)
    0x08013660   0x08013660   0x00000002   Code   RO         1784    i.netETH_Notify     Net_Dbg_CM3_L.lib(net_eth.o)
    0x08013662   0x08013662   0x00000002   Code   RO         1785    i.netETH_ReceiveRaw  Net_Dbg_CM3_L.lib(net_eth.o)
    0x08013664   0x08013664   0x00000072   Code   RO         1787    i.netETH_Thread     Net_Dbg_CM3_L.lib(net_eth.o)
    0x080136d6   0x080136d6   0x00000004   Code   RO         2178    i.netHTTPs_AcceptClient  Net_Dbg_CM3_L.lib(net_http_server.o)
    0x080136da   0x080136da   0x00000004   Code   RO         2180    i.netHTTPs_FileAccess  Net_Dbg_CM3_L.lib(net_http_server.o)
    0x080136de   0x080136de   0x00000002   PAD
    0x080136e0   0x080136e0   0x00000020   Code   RO         2183    i.netHTTPs_GetLanguage  Net_Dbg_CM3_L.lib(net_http_server.o)
    0x08013700   0x08013700   0x0000000c   Code   RO         2184    i.netHTTPs_GetPassword  Net_Dbg_CM3_L.lib(net_http_server.o)
    0x0801370c   0x0801370c   0x0000000c   Code   RO         2190    i.netHTTPs_LoginActive  Net_Dbg_CM3_L.lib(net_http_server.o)
    0x08013718   0x08013718   0x00000058   Code   RO         2193    i.netHTTPs_SetPassword  Net_Dbg_CM3_L.lib(net_http_server.o)
    0x08013770   0x08013770   0x00000088   Code   RO         2294    i.netIF_GetOption   Net_Dbg_CM3_L.lib(net_sys.o)
    0x080137f8   0x080137f8   0x00000084   Code   RO         2296    i.netIF_SetOption   Net_Dbg_CM3_L.lib(net_sys.o)
    0x0801387c   0x0801387c   0x0000001a   Code   RO         2346    i.netIP_aton        Net_Dbg_CM3_L.lib(net_addr.o)
    0x08013896   0x08013896   0x00000032   Code   RO         2347    i.netIP_ntoa        Net_Dbg_CM3_L.lib(net_addr.o)
    0x080138c8   0x080138c8   0x000000ac   Code   RO         2297    i.netInitialize     Net_Dbg_CM3_L.lib(net_sys.o)
    0x08013974   0x08013974   0x0000008c   Code   RO         2348    i.netMAC_aton       Net_Dbg_CM3_L.lib(net_addr.o)
    0x08013a00   0x08013a00   0x00000004   Code   RO         2017    i.netTCP_GetLocalPort  Net_Dbg_CM3_L.lib(net_tcp.o)
    0x08013a04   0x08013a04   0x00000020   Code   RO         2019    i.netTCP_GetPeer    Net_Dbg_CM3_L.lib(net_tcp.o)
    0x08013a24   0x08013a24   0x00000004   Code   RO         2021    i.netTCP_GetState   Net_Dbg_CM3_L.lib(net_tcp.o)
    0x08013a28   0x08013a28   0x00000004   Code   RO         2022    i.netTCP_GetTimer   Net_Dbg_CM3_L.lib(net_tcp.o)
    0x08013a2c   0x08013a2c   0x0000007c   Code   RO         2350    i.net_addr4_aton    Net_Dbg_CM3_L.lib(net_addr.o)
    0x08013aa8   0x08013aa8   0x0000001e   Code   RO         2352    i.net_addr4_to_mac  Net_Dbg_CM3_L.lib(net_addr.o)
    0x08013ac6   0x08013ac6   0x00000002   PAD
    0x08013ac8   0x08013ac8   0x000000e6   Code   RO         2353    i.net_addr6_aton    Net_Dbg_CM3_L.lib(net_addr.o)
    0x08013bae   0x08013bae   0x00000028   Code   RO         2354    i.net_addr6_comp    Net_Dbg_CM3_L.lib(net_addr.o)
    0x08013bd6   0x08013bd6   0x00000012   Code   RO         2355    i.net_addr6_copy    Net_Dbg_CM3_L.lib(net_addr.o)
    0x08013be8   0x08013be8   0x0000004c   Code   RO         2356    i.net_addr6_create  Net_Dbg_CM3_L.lib(net_addr.o)
    0x08013c34   0x08013c34   0x00000028   Code   RO         2357    i.net_addr6_get_solicited  Net_Dbg_CM3_L.lib(net_addr.o)
    0x08013c5c   0x08013c5c   0x00000018   Code   RO         2358    i.net_addr6_is_linklocal  Net_Dbg_CM3_L.lib(net_addr.o)
    0x08013c74   0x08013c74   0x0000006e   Code   RO         2359    i.net_addr6_is_onlink  Net_Dbg_CM3_L.lib(net_addr.o)
    0x08013ce2   0x08013ce2   0x00000048   Code   RO         2360    i.net_addr6_is_solicited  Net_Dbg_CM3_L.lib(net_addr.o)
    0x08013d2a   0x08013d2a   0x00000018   Code   RO         2361    i.net_addr6_is_unspec  Net_Dbg_CM3_L.lib(net_addr.o)
    0x08013d42   0x08013d42   0x0000000e   Code   RO         2363    i.net_addr6_to_mac  Net_Dbg_CM3_L.lib(net_addr.o)
    0x08013d50   0x08013d50   0x00000026   Code   RO         2365    i.net_addr_copy     Net_Dbg_CM3_L.lib(net_addr.o)
    0x08013d76   0x08013d76   0x0000001a   Code   RO         2366    i.net_addr_find_route  Net_Dbg_CM3_L.lib(net_addr.o)
    0x08013d90   0x08013d90   0x00000020   Code   RO         2368    i.net_addr_get_local  Net_Dbg_CM3_L.lib(net_addr.o)
    0x08013db0   0x08013db0   0x00000022   Code   RO         2369    i.net_addr_is_unspec  Net_Dbg_CM3_L.lib(net_addr.o)
    0x08013dd2   0x08013dd2   0x00000002   PAD
    0x08013dd4   0x08013dd4   0x0000011c   Code   RO         1847    i.net_arp_cache_add  Net_Dbg_CM3_L.lib(net_arp.o)
    0x08013ef0   0x08013ef0   0x000000bc   Code   RO         1848    i.net_arp_cache_early  Net_Dbg_CM3_L.lib(net_arp.o)
    0x08013fac   0x08013fac   0x000000ec   Code   RO         1849    i.net_arp_cache_find  Net_Dbg_CM3_L.lib(net_arp.o)
    0x08014098   0x08014098   0x00000048   Code   RO         1850    i.net_arp_cache_init  Net_Dbg_CM3_L.lib(net_arp.o)
    0x080140e0   0x080140e0   0x0000001c   Code   RO         1851    i.net_arp_cache_run  Net_Dbg_CM3_L.lib(net_arp.o)
    0x080140fc   0x080140fc   0x00000078   Code   RO         1853    i.net_arp_enqueue   Net_Dbg_CM3_L.lib(net_arp.o)
    0x08014174   0x08014174   0x00000020   Code   RO         1855    i.net_arp_notify    Net_Dbg_CM3_L.lib(net_arp.o)
    0x08014194   0x08014194   0x00000224   Code   RO         1857    i.net_arp_process   Net_Dbg_CM3_L.lib(net_arp.o)
    0x080143b8   0x080143b8   0x00000042   Code   RO         2604    i.net_atoi          Net_Dbg_CM3_L.lib(net_common.o)
    0x080143fa   0x080143fa   0x00000030   Code   RO         2606    i.net_chksum_buf    Net_Dbg_CM3_L.lib(net_common.o)
    0x0801442a   0x0801442a   0x0000001e   Code   RO         2607    i.net_crc_buf       Net_Dbg_CM3_L.lib(net_common.o)
    0x08014448   0x08014448   0x0000000e   Code   RO         1788    i.net_eth_callback  Net_Dbg_CM3_L.lib(net_eth.o)
    0x08014456   0x08014456   0x00000068   Code   RO         1789    i.net_eth_config_mcast  Net_Dbg_CM3_L.lib(net_eth.o)
    0x080144be   0x080144be   0x000000ea   Code   RO         1791    i.net_eth_get_option  Net_Dbg_CM3_L.lib(net_eth.o)
    0x080145a8   0x080145a8   0x0000001c   Code   RO         1792    i.net_eth_iface_init  Net_Dbg_CM3_L.lib(net_eth.o)
    0x080145c4   0x080145c4   0x0000001c   Code   RO         1793    i.net_eth_iface_run  Net_Dbg_CM3_L.lib(net_eth.o)
    0x080145e0   0x080145e0   0x000000a8   Code   RO         1795    i.net_eth_output    Net_Dbg_CM3_L.lib(net_eth.o)
    0x08014688   0x08014688   0x000001e0   Code   RO         1796    i.net_eth_send_frame  Net_Dbg_CM3_L.lib(net_eth.o)
    0x08014868   0x08014868   0x00000270   Code   RO         1797    i.net_eth_set_option  Net_Dbg_CM3_L.lib(net_eth.o)
    0x08014ad8   0x08014ad8   0x000000e8   Code   RO         2199    i.net_http_server_init  Net_Dbg_CM3_L.lib(net_http_server.o)
    0x08014bc0   0x08014bc0   0x00000028   Code   RO         2200    i.net_http_server_run  Net_Dbg_CM3_L.lib(net_http_server.o)
    0x08014be8   0x08014be8   0x00000018   Code   RO         2552    i.net_icmp6_init    Net_Dbg_CM3_L.lib(net_icmp6.o)
    0x08014c00   0x08014c00   0x00000238   Code   RO         2553    i.net_icmp6_process  Net_Dbg_CM3_L.lib(net_icmp6.o)
    0x08014e38   0x08014e38   0x00000084   Code   RO         2554    i.net_icmp6_send    Net_Dbg_CM3_L.lib(net_icmp6.o)
    0x08014ebc   0x08014ebc   0x00000058   Code   RO         2555    i.net_icmp6_send_echo  Net_Dbg_CM3_L.lib(net_icmp6.o)
    0x08014f14   0x08014f14   0x00000018   Code   RO         1936    i.net_icmp_init     Net_Dbg_CM3_L.lib(net_icmp.o)
    0x08014f2c   0x08014f2c   0x000001c8   Code   RO         1937    i.net_icmp_process  Net_Dbg_CM3_L.lib(net_icmp.o)
    0x080150f4   0x080150f4   0x000000a0   Code   RO         1938    i.net_icmp_send_echo  Net_Dbg_CM3_L.lib(net_icmp.o)
    0x08015194   0x08015194   0x0000000c   Code   RO         2301    i.net_if_map_all    Net_Dbg_CM3_L.lib(net_sys.o)
    0x080151a0   0x080151a0   0x0000018c   Code   RO         2482    i.net_ip4_chk_frame  Net_Dbg_CM3_L.lib(net_ip4.o)
    0x0801532c   0x0801532c   0x0000002c   Code   RO         2483    i.net_ip4_chksum    Net_Dbg_CM3_L.lib(net_ip4.o)
    0x08015358   0x08015358   0x00000006   Code   RO         2484    i.net_ip4_chksum_buf  Net_Dbg_CM3_L.lib(net_ip4.o)
    0x0801535e   0x0801535e   0x00000002   PAD
    0x08015360   0x08015360   0x00000080   Code   RO         2486    i.net_ip4_find_route  Net_Dbg_CM3_L.lib(net_ip4.o)
    0x080153e0   0x080153e0   0x00000124   Code   RO         1915    i.net_ip4_frag_add  Net_Dbg_CM3_L.lib(net_ip4_frag.o)
    0x08015504   0x08015504   0x000000ac   Code   RO         1916    i.net_ip4_frag_get  Net_Dbg_CM3_L.lib(net_ip4_frag.o)
    0x080155b0   0x080155b0   0x00000010   Code   RO         1917    i.net_ip4_frag_init  Net_Dbg_CM3_L.lib(net_ip4_frag.o)
    0x080155c0   0x080155c0   0x0000003c   Code   RO         1918    i.net_ip4_frag_run  Net_Dbg_CM3_L.lib(net_ip4_frag.o)
    0x080155fc   0x080155fc   0x0000002c   Code   RO         2487    i.net_ip4_get_local  Net_Dbg_CM3_L.lib(net_ip4.o)
    0x08015628   0x08015628   0x00000024   Code   RO         2488    i.net_ip4_init      Net_Dbg_CM3_L.lib(net_ip4.o)
    0x0801564c   0x0801564c   0x00000020   Code   RO         2489    i.net_ip4_is_onlink  Net_Dbg_CM3_L.lib(net_ip4.o)
    0x0801566c   0x0801566c   0x00000026   Code   RO         2490    i.net_ip4_is_subcast  Net_Dbg_CM3_L.lib(net_ip4.o)
    0x08015692   0x08015692   0x0000000e   Code   RO         2491    i.net_ip4_reass_frame  Net_Dbg_CM3_L.lib(net_ip4.o)
    0x080156a0   0x080156a0   0x00000164   Code   RO         2492    i.net_ip4_send_frame  Net_Dbg_CM3_L.lib(net_ip4.o)
    0x08015804   0x08015804   0x0000002a   Code   RO         2494    i.net_ip4_tx_offl_hl  Net_Dbg_CM3_L.lib(net_ip4.o)
    0x0801582e   0x0801582e   0x00000002   PAD
    0x08015830   0x08015830   0x00000100   Code   RO         2520    i.net_ip6_chk_frame  Net_Dbg_CM3_L.lib(net_ip6.o)
    0x08015930   0x08015930   0x00000032   Code   RO         2521    i.net_ip6_chksum    Net_Dbg_CM3_L.lib(net_ip6.o)
    0x08015962   0x08015962   0x00000002   PAD
    0x08015964   0x08015964   0x0000007c   Code   RO         2522    i.net_ip6_collect_mcast  Net_Dbg_CM3_L.lib(net_ip6.o)
    0x080159e0   0x080159e0   0x00000048   Code   RO         2524    i.net_ip6_find_route  Net_Dbg_CM3_L.lib(net_ip6.o)
    0x08015a28   0x08015a28   0x00000054   Code   RO         2525    i.net_ip6_get_local  Net_Dbg_CM3_L.lib(net_ip6.o)
    0x08015a7c   0x08015a7c   0x0000001c   Code   RO         2526    i.net_ip6_init      Net_Dbg_CM3_L.lib(net_ip6.o)
    0x08015a98   0x08015a98   0x000000cc   Code   RO         2527    i.net_ip6_send_frame  Net_Dbg_CM3_L.lib(net_ip6.o)
    0x08015b64   0x08015b64   0x0000001e   Code   RO         2529    i.net_ip6_tx_offl_hl  Net_Dbg_CM3_L.lib(net_ip6.o)
    0x08015b82   0x08015b82   0x00000008   Code   RO         2608    i.net_itoa          Net_Dbg_CM3_L.lib(net_common.o)
    0x08015b8a   0x08015b8a   0x00000006   Code   RO         2610    i.net_itoa_n0       Net_Dbg_CM3_L.lib(net_common.o)
    0x08015b90   0x08015b90   0x00000030   Code   RO         1897    i.net_loop_iface_init  Net_Dbg_CM3_L.lib(net_loopback.o)
    0x08015bc0   0x08015bc0   0x000000bc   Code   RO         1898    i.net_loop_iface_run  Net_Dbg_CM3_L.lib(net_loopback.o)
    0x08015c7c   0x08015c7c   0x00000070   Code   RO         1900    i.net_loop_send_frame  Net_Dbg_CM3_L.lib(net_loopback.o)
    0x08015cec   0x08015cec   0x000000c0   Code   RO         2581    i.net_mem_alloc     Net_Dbg_CM3_L.lib(net_mem.o)
    0x08015dac   0x08015dac   0x0000001c   Code   RO         2582    i.net_mem_avail     Net_Dbg_CM3_L.lib(net_mem.o)
    0x08015dc8   0x08015dc8   0x000000a4   Code   RO         2583    i.net_mem_free      Net_Dbg_CM3_L.lib(net_mem.o)
    0x08015e6c   0x08015e6c   0x00000070   Code   RO         2584    i.net_mem_init      Net_Dbg_CM3_L.lib(net_mem.o)
    0x08015edc   0x08015edc   0x00000048   Code   RO         2585    i.net_mem_shrink    Net_Dbg_CM3_L.lib(net_mem.o)
    0x08015f24   0x08015f24   0x00000064   Code   RO         2137    i.net_nbns_client_init  Net_Dbg_CM3_L.lib(net_nbns_client.o)
    0x08015f88   0x08015f88   0x000001c4   Code   RO         2431    i.net_ndp_cache_find  Net_Dbg_CM3_L.lib(net_ndp.o)
    0x0801614c   0x0801614c   0x00000078   Code   RO         2434    i.net_ndp_cache_refresh  Net_Dbg_CM3_L.lib(net_ndp.o)
    0x080161c4   0x080161c4   0x00000070   Code   RO         2437    i.net_ndp_enqueue   Net_Dbg_CM3_L.lib(net_ndp.o)
    0x08016234   0x08016234   0x00000374   Code   RO         2439    i.net_ndp_process   Net_Dbg_CM3_L.lib(net_ndp.o)
    0x080165a8   0x080165a8   0x00000038   Code   RO         2303    i.net_path          Net_Dbg_CM3_L.lib(net_sys.o)
    0x080165e0   0x080165e0   0x00000020   Code   RO         2274    i.net_ping_client_init  Net_Dbg_CM3_L.lib(net_ping_core.o)
    0x08016600   0x08016600   0x00000080   Code   RO         2275    i.net_ping_client_run  Net_Dbg_CM3_L.lib(net_ping_core.o)
    0x08016680   0x08016680   0x0000001c   Code   RO         2304    i.net_rand32        Net_Dbg_CM3_L.lib(net_sys.o)
    0x0801669c   0x0801669c   0x0000002e   Code   RO         2611    i.net_strcasecmp    Net_Dbg_CM3_L.lib(net_common.o)
    0x080166ca   0x080166ca   0x0000001a   Code   RO         2613    i.net_strcmp        Net_Dbg_CM3_L.lib(net_common.o)
    0x080166e4   0x080166e4   0x00000012   Code   RO         2614    i.net_strcpy        Net_Dbg_CM3_L.lib(net_common.o)
    0x080166f6   0x080166f6   0x0000001c   Code   RO         2616    i.net_strnchr       Net_Dbg_CM3_L.lib(net_common.o)
    0x08016712   0x08016712   0x0000001a   Code   RO         2617    i.net_strncpy       Net_Dbg_CM3_L.lib(net_common.o)
    0x0801672c   0x0801672c   0x00000020   Code   RO         2618    i.net_strtoupper    Net_Dbg_CM3_L.lib(net_common.o)
    0x0801674c   0x0801674c   0x0000000c   Code   RO         2305    i.net_sys_lock      Net_Dbg_CM3_L.lib(net_sys.o)
    0x08016758   0x08016758   0x00000016   Code   RO         2306    i.net_sys_resume    Net_Dbg_CM3_L.lib(net_sys.o)
    0x0801676e   0x0801676e   0x00000002   PAD
    0x08016770   0x08016770   0x00000014   Code   RO         2308    i.net_sys_tick      Net_Dbg_CM3_L.lib(net_sys.o)
    0x08016784   0x08016784   0x0000000c   Code   RO         2309    i.net_sys_unlock    Net_Dbg_CM3_L.lib(net_sys.o)
    0x08016790   0x08016790   0x00000020   Code   RO         2311    i.net_sys_wakeup    Net_Dbg_CM3_L.lib(net_sys.o)
    0x080167b0   0x080167b0   0x00000084   Code   RO         2029    i.net_tcp_abort     Net_Dbg_CM3_L.lib(net_tcp.o)
    0x08016834   0x08016834   0x000000e4   Code   RO         2032    i.net_tcp_close     Net_Dbg_CM3_L.lib(net_tcp.o)
    0x08016918   0x08016918   0x0000002e   Code   RO         2035    i.net_tcp_get_buf   Net_Dbg_CM3_L.lib(net_tcp.o)
    0x08016946   0x08016946   0x00000002   PAD
    0x08016948   0x08016948   0x00000034   Code   RO         2037    i.net_tcp_get_local_port  Net_Dbg_CM3_L.lib(net_tcp.o)
    0x0801697c   0x0801697c   0x00000028   Code   RO         2038    i.net_tcp_get_mss   Net_Dbg_CM3_L.lib(net_tcp.o)
    0x080169a4   0x080169a4   0x00000054   Code   RO         2040    i.net_tcp_get_peer  Net_Dbg_CM3_L.lib(net_tcp.o)
    0x080169f8   0x080169f8   0x00000070   Code   RO         2042    i.net_tcp_get_socket  Net_Dbg_CM3_L.lib(net_tcp.o)
    0x08016a68   0x08016a68   0x0000002c   Code   RO         2043    i.net_tcp_get_state  Net_Dbg_CM3_L.lib(net_tcp.o)
    0x08016a94   0x08016a94   0x00000034   Code   RO         2044    i.net_tcp_get_timer  Net_Dbg_CM3_L.lib(net_tcp.o)
    0x08016ac8   0x08016ac8   0x000000b0   Code   RO         2045    i.net_tcp_listen    Net_Dbg_CM3_L.lib(net_tcp.o)
    0x08016b78   0x08016b78   0x000007a8   Code   RO         2047    i.net_tcp_process   Net_Dbg_CM3_L.lib(net_tcp.o)
    0x08017320   0x08017320   0x0000015c   Code   RO         2051    i.net_tcp_send      Net_Dbg_CM3_L.lib(net_tcp.o)
    0x0801747c   0x0801747c   0x0000012c   Code   RO         2053    i.net_tcp_set_option  Net_Dbg_CM3_L.lib(net_tcp.o)
    0x080175a8   0x080175a8   0x00000028   Code   RO         2054    i.net_tcp_socket_init  Net_Dbg_CM3_L.lib(net_tcp.o)
    0x080175d0   0x080175d0   0x000003c0   Code   RO         2055    i.net_tcp_socket_run  Net_Dbg_CM3_L.lib(net_tcp.o)
    0x08017990   0x08017990   0x0000002e   Code   RO         1966    i.net_udp_get_buf   Net_Dbg_CM3_L.lib(net_udp.o)
    0x080179be   0x080179be   0x00000002   PAD
    0x080179c0   0x080179c0   0x00000070   Code   RO         1969    i.net_udp_get_socket  Net_Dbg_CM3_L.lib(net_udp.o)
    0x08017a30   0x08017a30   0x000000ac   Code   RO         1971    i.net_udp_open      Net_Dbg_CM3_L.lib(net_udp.o)
    0x08017adc   0x08017adc   0x00000158   Code   RO         1972    i.net_udp_process   Net_Dbg_CM3_L.lib(net_udp.o)
    0x08017c34   0x08017c34   0x0000022c   Code   RO         1975    i.net_udp_send_if   Net_Dbg_CM3_L.lib(net_udp.o)
    0x08017e60   0x08017e60   0x00000024   Code   RO         1977    i.net_udp_socket_init  Net_Dbg_CM3_L.lib(net_udp.o)
    0x08017e84   0x08017e84   0x00000008   Code   RO         2619    i.net_ultoa         Net_Dbg_CM3_L.lib(net_common.o)
    0x08017e8c   0x08017e8c   0x00000030   Code   RO         2622    i.net_ultox         Net_Dbg_CM3_L.lib(net_common.o)
    0x08017ebc   0x08017ebc   0x0000004c   Code   RO         2623    i.net_xtoul         Net_Dbg_CM3_L.lib(net_common.o)
    0x08017f08   0x08017f08   0x0000001c   Code   RO         2278    i.ping_send_req     Net_Dbg_CM3_L.lib(net_ping_core.o)
    0x08017f24   0x08017f24   0x00000058   Code   RO         2203    i.proc_req_line     Net_Dbg_CM3_L.lib(net_http_server.o)
    0x08017f7c   0x08017f7c   0x0000001a   Code   RO         1920    i.que_free_list     Net_Dbg_CM3_L.lib(net_ip4_frag.o)
    0x08017f96   0x08017f96   0x000000a0   Code   RO         2204    i.read_script_line  Net_Dbg_CM3_L.lib(net_http_server.o)
    0x08018036   0x08018036   0x00000048   Code   RO         2205    i.search_delim      Net_Dbg_CM3_L.lib(net_http_server.o)
    0x0801807e   0x0801807e   0x00000018   Code   RO         2312    i.sys_map_if        Net_Dbg_CM3_L.lib(net_sys.o)
    0x08018096   0x08018096   0x00000002   PAD
    0x08018098   0x08018098   0x0000004c   Code   RO         2313    i.sys_proc_tick     Net_Dbg_CM3_L.lib(net_sys.o)
    0x080180e4   0x080180e4   0x00000110   Code   RO         2057    i.tcp_map_socket    Net_Dbg_CM3_L.lib(net_tcp.o)
    0x080181f4   0x080181f4   0x00000084   Code   RO         2058    i.tcp_parse_opt     Net_Dbg_CM3_L.lib(net_tcp.o)
    0x08018278   0x08018278   0x0000011c   Code   RO         2059    i.tcp_proc_acknr    Net_Dbg_CM3_L.lib(net_tcp.o)
    0x08018394   0x08018394   0x000000ac   Code   RO         2060    i.tcp_proc_dupack   Net_Dbg_CM3_L.lib(net_tcp.o)
    0x08018440   0x08018440   0x0000001a   Code   RO         2061    i.tcp_que_free      Net_Dbg_CM3_L.lib(net_tcp.o)
    0x0801845a   0x0801845a   0x0000001a   Code   RO         2062    i.tcp_que_init      Net_Dbg_CM3_L.lib(net_tcp.o)
    0x08018474   0x08018474   0x000000ac   Code   RO         2063    i.tcp_que_resend    Net_Dbg_CM3_L.lib(net_tcp.o)
    0x08018520   0x08018520   0x00000090   Code   RO         2064    i.tcp_send_ctrl     Net_Dbg_CM3_L.lib(net_tcp.o)
    0x080185b0   0x080185b0   0x0000007c   Code   RO         2065    i.tcp_send_data     Net_Dbg_CM3_L.lib(net_tcp.o)
    0x0801862c   0x0801862c   0x00000090   Code   RO         2066    i.tcp_send_reset    Net_Dbg_CM3_L.lib(net_tcp.o)
    0x080186bc   0x080186bc   0x00000044   Code   RO         2067    i.tcp_set_cwnd      Net_Dbg_CM3_L.lib(net_tcp.o)
    0x08018700   0x08018700   0x00000074   Code   RO         2068    i.tcp_transit       Net_Dbg_CM3_L.lib(net_tcp.o)
    0x08018774   0x08018774   0x0000010c   Code   RO         2069    i.tcp_write         Net_Dbg_CM3_L.lib(net_tcp.o)
    0x08018880   0x08018880   0x0000002c   Code   RO         1979    i.udp_port_in_use   Net_Dbg_CM3_L.lib(net_udp.o)
    0x080188ac   0x080188ac   0x00000044   Code   RO         2624    i.ul2str            Net_Dbg_CM3_L.lib(net_common.o)
    0x080188f0   0x080188f0   0x00000124   Code   RO         2206    i.utc_to_http       Net_Dbg_CM3_L.lib(net_http_server.o)
    0x08018a14   0x08018a14   0x00000024   Data   RO          153    .constdata          http_server.o
    0x08018a38   0x08018a38   0x00000004   Data   RO          308    .constdata          web.o
    0x08018a3c   0x08018a3c   0x0000a828   Data   RO          309    .constdata          web.o
    0x08023264   0x08023264   0x000000a8   Data   RO          310    .constdata          web.o
    0x0802330c   0x0802330c   0x00000960   Data   RO          354    .constdata          lcd_1.o
    0x08023c6c   0x08023c6c   0x00000024   Data   RO          691    .constdata          rtx_lib.o
    0x08023c90   0x08023c90   0x00000024   Data   RO          692    .constdata          rtx_lib.o
    0x08023cb4   0x08023cb4   0x00000018   Data   RO          693    .constdata          rtx_lib.o
    0x08023ccc   0x08023ccc   0x00000004   Data   RO          695    .constdata          rtx_lib.o
    0x08023cd0   0x08023cd0   0x00000004   Data   RO         1036    .constdata          phy_lan8742a.o
    0x08023cd4   0x08023cd4   0x00000020   Data   RO         1037    .constdata          phy_lan8742a.o
    0x08023cf4   0x08023cf4   0x00000050   Data   RO         1064    .constdata          emac_stm32f4xx.o
    0x08023d44   0x08023d44   0x00000044   Data   RO         1065    .constdata          emac_stm32f4xx.o
    0x08023d88   0x08023d88   0x00000034   Data   RO         1104    .constdata          spi_stm32f4xx.o
    0x08023dbc   0x08023dbc   0x00000010   Data   RO         1105    .constdata          spi_stm32f4xx.o
    0x08023dcc   0x08023dcc   0x00000010   Data   RO         1106    .constdata          spi_stm32f4xx.o
    0x08023ddc   0x08023ddc   0x0000002c   Data   RO         1107    .constdata          spi_stm32f4xx.o
    0x08023e08   0x08023e08   0x00000018   Data   RO         1146    .constdata          eventrecorder.o
    0x08023e20   0x08023e20   0x00000008   Data   RO         1285    .constdata          stm32f4xx_hal_dma.o
    0x08023e28   0x08023e28   0x00000010   Data   RO         1629    .constdata          system_stm32f4xx.o
    0x08023e38   0x08023e38   0x00000008   Data   RO         1630    .constdata          system_stm32f4xx.o
    0x08023e40   0x08023e40   0x000000a8   Data   RO         1673    .constdata          net_config.o
    0x08023ee8   0x08023ee8   0x0000001c   Data   RO         1674    .constdata          net_config.o
    0x08023f04   0x08023f04   0x00000014   Data   RO         1675    .constdata          net_config.o
    0x08023f18   0x08023f18   0x0000000c   Data   RO         1676    .constdata          net_config.o
    0x08023f24   0x08023f24   0x00000028   Data   RO         1677    .constdata          net_config.o
    0x08023f4c   0x08023f4c   0x0000002c   Data   RO         1678    .constdata          net_config.o
    0x08023f78   0x08023f78   0x00000008   Data   RO         1679    .constdata          net_config.o
    0x08023f80   0x08023f80   0x00000008   Data   RO         1680    .constdata          net_config.o
    0x08023f88   0x08023f88   0x00000008   Data   RO         1681    .constdata          net_config.o
    0x08023f90   0x08023f90   0x00000008   Data   RO         1682    .constdata          net_config.o
    0x08023f98   0x08023f98   0x00000008   Data   RO         1683    .constdata          net_config.o
    0x08023fa0   0x08023fa0   0x00000008   Data   RO         1684    .constdata          net_config.o
    0x08023fa8   0x08023fa8   0x00000008   Data   RO         1685    .constdata          net_config.o
    0x08023fb0   0x08023fb0   0x00000004   Data   RO         1687    .constdata          net_config.o
    0x08023fb4   0x08023fb4   0x00000008   Data   RO         1688    .constdata          net_config.o
    0x08023fbc   0x08023fbc   0x0000000c   Data   RO         1689    .constdata          net_config.o
    0x08023fc8   0x08023fc8   0x00000018   Data   RO         1690    .constdata          net_config.o
    0x08023fe0   0x08023fe0   0x00000034   Data   RO         1691    .constdata          net_config.o
    0x08024014   0x08024014   0x00000028   Data   RO         1692    .constdata          net_config.o
    0x0802403c   0x0802403c   0x00000020   Data   RO         1693    .constdata          net_config.o
    0x0802405c   0x0802405c   0x00000010   Data   RO         1695    .constdata          net_config.o
    0x0802406c   0x0802406c   0x00000010   Data   RO         1696    .constdata          net_config.o
    0x0802407c   0x0802407c   0x0000002c   Data   RO         1901    .constdata          Net_Dbg_CM3_L.lib(net_loopback.o)
    0x080240a8   0x080240a8   0x0000000c   Data   RO         1902    .constdata          Net_Dbg_CM3_L.lib(net_loopback.o)
    0x080240b4   0x080240b4   0x00000008   Data   RO         2139    .constdata          Net_Dbg_CM3_L.lib(net_nbns_client.o)
    0x080240bc   0x080240bc   0x000000fa   Data   RO         2208    .constdata          Net_Dbg_CM3_L.lib(net_http_server.o)
    0x080241b6   0x080241b6   0x00000012   Data   RO         2280    .constdata          Net_Dbg_CM3_L.lib(net_ping_core.o)
    0x080241c8   0x080241c8   0x00000010   Data   RO         2373    .constdata          Net_Dbg_CM3_L.lib(net_addr.o)
    0x080241d8   0x080241d8   0x00000006   Data   RO         2374    .constdata          Net_Dbg_CM3_L.lib(net_addr.o)
    0x080241de   0x080241de   0x00000004   Data   RO         2496    .constdata          Net_Dbg_CM3_L.lib(net_ip4.o)
    0x080241e2   0x080241e2   0x00000020   Data   RO         2531    .constdata          Net_Dbg_CM3_L.lib(net_ip6.o)
    0x08024202   0x08024202   0x00000002   PAD
    0x08024204   0x08024204   0x00000018   Data   RO         2571    .constdata          Net_Dbg_CM3_L.lib(net_http_server_err.o)
    0x0802421c   0x0802421c   0x00000010   Data   RO         2625    .constdata          Net_Dbg_CM3_L.lib(net_common.o)
    0x0802422c   0x0802422c   0x00000004   Data   RO         2655    .constdata          Net_Dbg_CM3_L.lib(net_version.o)
    0x08024230   0x08024230   0x00000081   Data   RO         3009    .constdata          mc_w.l(ctype_o.o)
    0x080242b1   0x080242b1   0x00000003   PAD
    0x080242b4   0x080242b4   0x00000004   Data   RO         3010    .constdata          mc_w.l(ctype_o.o)
    0x080242b8   0x080242b8   0x000000da   Data   RO          234    .conststring        http_server_cgi.o
    0x08024392   0x08024392   0x00000002   PAD
    0x08024394   0x08024394   0x00000078   Data   RO         1697    .conststring        net_config.o
    0x0802440c   0x0802440c   0x0000000d   Data   RO         1698    .conststring        net_config.o
    0x08024419   0x08024419   0x00000003   PAD
    0x0802441c   0x0802441c   0x00000038   Data   RO         1699    .conststring        net_config.o
    0x08024454   0x08024454   0x00000001   Data   RO         1700    .conststring        net_config.o
    0x08024455   0x08024455   0x00000003   PAD
    0x08024458   0x08024458   0x00000203   Data   RO         2572    .conststring        Net_Dbg_CM3_L.lib(net_http_server_err.o)
    0x0802465b   0x0802465b   0x00000001   PAD
    0x0802465c   0x0802465c   0x0000000b   Data   RO          635    .conststrlit        rtx_kernel.o
    0x08024667   0x08024667   0x00000001   PAD
    0x08024668   0x08024668   0x000000a8   Data   RO          696    .rodata             rtx_lib.o
    0x08024710   0x08024710   0x00000030   Data   RO         3041    Region$$Table       anon$$obj.o


    Execution Region RW_IRAM2 (Exec base: 0x10000000, Load base: 0x08024878, Size: 0x000004a4, Max: 0x00010000, ABSOLUTE)

    Exec Addr    Load Addr    Size         Type   Attr      Idx    E Section Name        Object

    0x10000000        -       0x000004a4   Zero   RW         1145    .bss.noinit         eventrecorder.o


    Execution Region RW_IRAM1 (Exec base: 0x20000000, Load base: 0x08024740, Size: 0x0000f670, Max: 0x00030000, ABSOLUTE, COMPRESSED[0x00000138])

    Exec Addr    Load Addr    Size         Type   Attr      Idx    E Section Name        Object

    0x20000000   COMPRESSED   0x00008000   Data   RW          683    .bss.os             rtx_lib.o
    0x20008000   COMPRESSED   0x00000040   Data   RW          684    .bss.os             rtx_lib.o
    0x20008040   COMPRESSED   0x00000001   Data   RW          988    .bss.os             os_systick.o
    0x20008041   COMPRESSED   0x00000003   PAD
    0x20008044   COMPRESSED   0x00000034   Data   RW          685    .bss.os.msgqueue.cb  rtx_lib.o
    0x20008078   COMPRESSED   0x00000050   Data   RW          686    .bss.os.msgqueue.mem  rtx_lib.o
    0x200080c8   COMPRESSED   0x0000001c   Data   RW         1667    .bss.os.mutex.cb    net_config.o
    0x200080e4   COMPRESSED   0x0000001c   Data   RW         1668    .bss.os.mutex.cb    net_config.o
    0x20008100   COMPRESSED   0x00000010   Data   RW         1669    .bss.os.semaphore.cb  net_config.o
    0x20008110   COMPRESSED   0x00000044   Data   RW          687    .bss.os.thread.cb   rtx_lib.o
    0x20008154   COMPRESSED   0x00000044   Data   RW          688    .bss.os.thread.cb   rtx_lib.o
    0x20008198   COMPRESSED   0x00000044   Data   RW         1670    .bss.os.thread.cb   net_config.o
    0x200081dc   COMPRESSED   0x00000044   Data   RW         1671    .bss.os.thread.cb   net_config.o
    0x20008220   COMPRESSED   0x00000200   Data   RW          689    .bss.os.thread.idle.stack  rtx_lib.o
    0x20008420   COMPRESSED   0x00000200   Data   RW          690    .bss.os.thread.timer.stack  rtx_lib.o
    0x20008620   COMPRESSED   0x00000020   Data   RW         1672    .bss.os.timer.cb    net_config.o
    0x20008640   COMPRESSED   0x00000004   Data   RW            5    .data               main.o
    0x20008644   COMPRESSED   0x00000042   Data   RW          154    .data               http_server.o
    0x20008686   COMPRESSED   0x00000002   PAD
    0x20008688   COMPRESSED   0x0000000c   Data   RW          235    .data               http_server_cgi.o
    0x20008694   COMPRESSED   0x00000018   Data   RW          355    .data               lcd_1.o
    0x200086ac   COMPRESSED   0x00000008   Data   RW          389    .data               adc1.o
    0x200086b4   COMPRESSED   0x00000001   Data   RW          417    .data               rtc_2.o
    0x200086b5   COMPRESSED   0x00000003   PAD
    0x200086b8   COMPRESSED   0x0000000c   Data   RW         1179    .data               stm32f4xx_hal.o
    0x200086c4   COMPRESSED   0x00000004   Data   RW         1631    .data               system_stm32f4xx.o
    0x200086c8   COMPRESSED   0x00000004   Data   RW         1701    .data               net_config.o
    0x200086cc   COMPRESSED   0x00000006   Data   RW         1702    .data               net_config.o
    0x200086d2   COMPRESSED   0x00000004   Data   RW         1703    .data               net_config.o
    0x200086d6   COMPRESSED   0x00000002   PAD
    0x200086d8   COMPRESSED   0x00000004   Data   RW         1903    .data               Net_Dbg_CM3_L.lib(net_loopback.o)
    0x200086dc   COMPRESSED   0x00000004   Data   RW         1921    .data               Net_Dbg_CM3_L.lib(net_ip4_frag.o)
    0x200086e0   COMPRESSED   0x00000001   Data   RW         1939    .data               Net_Dbg_CM3_L.lib(net_icmp.o)
    0x200086e1   COMPRESSED   0x00000001   PAD
    0x200086e2   COMPRESSED   0x00000002   Data   RW         1981    .data               Net_Dbg_CM3_L.lib(net_udp.o)
    0x200086e4   COMPRESSED   0x00000004   Data   RW         2072    .data               Net_Dbg_CM3_L.lib(net_tcp.o)
    0x200086e8   COMPRESSED   0x00000001   Data   RW         2140    .data               Net_Dbg_CM3_L.lib(net_nbns_client.o)
    0x200086e9   COMPRESSED   0x00000003   PAD
    0x200086ec   COMPRESSED   0x0000000c   Data   RW         2209    .data               Net_Dbg_CM3_L.lib(net_http_server.o)
    0x200086f8   COMPRESSED   0x00000008   Data   RW         2497    .data               Net_Dbg_CM3_L.lib(net_ip4.o)
    0x20008700   COMPRESSED   0x00000004   Data   RW         2533    .data               Net_Dbg_CM3_L.lib(net_ip6.o)
    0x20008704   COMPRESSED   0x00000004   Data   RW         2984    .data               mc_w.l(errno.o)
    0x20008708   COMPRESSED   0x000000a4   Data   RW          636    .data.os            rtx_kernel.o
    0x200087ac        -       0x00000074   Zero   RW          151    .bss                http_server.o
    0x20008820        -       0x00000400   Zero   RW          152    .bss                http_server.o
    0x20008c20        -       0x00000038   Zero   RW          233    .bss                http_server_cgi.o
    0x20008c58        -       0x0000027c   Zero   RW          352    .bss                lcd_1.o
    0x20008ed4        -       0x00000048   Zero   RW          388    .bss                adc1.o
    0x20008f1c        -       0x00000034   Zero   RW          416    .bss                rtc_2.o
    0x20008f50        -       0x0000000c   Zero   RW         1035    .bss                phy_lan8742a.o
    0x20008f5c        -       0x000024cc   Zero   RW         1063    .bss                emac_stm32f4xx.o
    0x2000b428        -       0x00000010   Zero   RW         1102    .bss                spi_stm32f4xx.o
    0x2000b438        -       0x0000001c   Zero   RW         1103    .bss                spi_stm32f4xx.o
    0x2000b454   COMPRESSED   0x00000004   PAD
    0x2000b458        -       0x00000400   Zero   RW         1658    .bss                net_config.o
    0x2000b858        -       0x00000400   Zero   RW         1659    .bss                net_config.o
    0x2000bc58        -       0x00002ee0   Zero   RW         1660    .bss                net_config.o
    0x2000eb38        -       0x000000c8   Zero   RW         1661    .bss                net_config.o
    0x2000ec00        -       0x00000018   Zero   RW         1662    .bss                net_config.o
    0x2000ec18        -       0x00000028   Zero   RW         1663    .bss                net_config.o
    0x2000ec40        -       0x00000050   Zero   RW         1664    .bss                net_config.o
    0x2000ec90        -       0x00000228   Zero   RW         1665    .bss                net_config.o
    0x2000eeb8        -       0x00000150   Zero   RW         1666    .bss                net_config.o
    0x2000f008        -       0x000000a0   Zero   RW         1798    .bss                Net_Dbg_CM3_L.lib(net_eth.o)
    0x2000f0a8        -       0x00000018   Zero   RW         1858    .bss                Net_Dbg_CM3_L.lib(net_arp.o)
    0x2000f0c0        -       0x0000001c   Zero   RW         1980    .bss                Net_Dbg_CM3_L.lib(net_udp.o)
    0x2000f0dc        -       0x00000098   Zero   RW         2207    .bss                Net_Dbg_CM3_L.lib(net_http_server.o)
    0x2000f174        -       0x0000002c   Zero   RW         2279    .bss                Net_Dbg_CM3_L.lib(net_ping_core.o)
    0x2000f1a0        -       0x00000038   Zero   RW         2314    .bss                Net_Dbg_CM3_L.lib(net_sys.o)
    0x2000f1d8        -       0x00000024   Zero   RW         2315    .bss                Net_Dbg_CM3_L.lib(net_sys.o)
    0x2000f1fc        -       0x0000005c   Zero   RW         2372    .bss                Net_Dbg_CM3_L.lib(net_addr.o)
    0x2000f258        -       0x00000014   Zero   RW         2587    .bss                Net_Dbg_CM3_L.lib(net_mem.o)
    0x2000f26c   COMPRESSED   0x00000004   PAD
    0x2000f270        -       0x00000400   Zero   RW         1618    STACK               startup_stm32f429xx.o


==============================================================================

Image component sizes


      Code (inc. data)   RO Data    RW Data    ZI Data      Debug   Object Name

       340         24          0          8         72       2605   adc1.o
      2536        156        148          0       9420      47698   emac_stm32f4xx.o
      1452         40         24          0       1188      17492   eventrecorder.o
       704         94         36         66       1140      16591   http_server.o
      1960        320        218         12         56       8627   http_server_cgi.o
       148          8          0          0          0        652   irq_armv7m.o
      1128         46       2400         24        636       6052   lcd_1.o
       304         12          0          0          0       1437   leds_1.o
       276         30          0          4          0     798771   main.o
       376         24        762        254      15280      32802   net_config.o
       338          0          0          0          0        862   net_debug.o
       196         12          0          1          0       1992   os_systick.o
       428         10         36          0         12       6978   phy_lan8742a.o
       672         54          0          1         52       3450   rtc_2.o
         4          0          0          0          0        607   rtx_config.o
       260         14          0          0          0      17946   rtx_delay.o
      2392         88          0          0          0      45221   rtx_evr.o
      1740         96         11        164          0      28096   rtx_kernel.o
        24          0        268      34124          0       9887   rtx_lib.o
       292          0          0          0          0       3859   rtx_memory.o
      1984         48          0          0          0      15268   rtx_mempool.o
      2820         58          0          0          0      23792   rtx_msgqueue.o
      1368         30          0          0          0      10194   rtx_mutex.o
      1432         34          0          0          0      11996   rtx_semaphore.o
       668         18          0          0          0       8577   rtx_system.o
      4892        124          0          0          0      33729   rtx_thread.o
      1152         34          0          0          0      10297   rtx_timer.o
      3164         98        128          0         44      48687   spi_stm32f4xx.o
        36          8        428          0       1024        844   startup_stm32f429xx.o
       456         38          0         12          0      11479   stm32f4xx_hal.o
      2744         92          0          0          0       8863   stm32f4xx_hal_adc.o
      1828         42          0          0          0       6570   stm32f4xx_hal_adc_ex.o
       664         10          0          0          0      36174   stm32f4xx_hal_cortex.o
      1816         28          8          0          0       7677   stm32f4xx_hal_dma.o
       868         54          0          0          0       4031   stm32f4xx_hal_gpio.o
       376         20          0          0          0       3659   stm32f4xx_hal_pwr.o
      1888         66          0          0          0       6183   stm32f4xx_hal_rcc.o
      1508         80          0          0          0       4741   stm32f4xx_hal_rcc_ex.o
      2416         24          0          0          0       8745   stm32f4xx_hal_rtc.o
      2828         22          0          0          0      13729   stm32f4xx_hal_rtc_ex.o
      9170        166          0          0          0      37680   stm32f4xx_hal_tim.o
      2992         62          0          0          0      13696   stm32f4xx_hal_tim_ex.o
        36         10          0          0          0       1644   stm32f4xx_it.o
       148         20         24          4          0       1825   system_stm32f4xx.o
       120         10      43220          0          0       1744   web.o

    ----------------------------------------------------------------------
     62946       2224      47768      34684      28928    1383449   Object Totals
         0          0         48          0          0          0   (incl. Generated)
         2          0          9         10          4          0   (incl. Padding)

    ----------------------------------------------------------------------

      Code (inc. data)   RO Data    RW Data    ZI Data      Debug   Library Member Name

      1414         18         22          0         92       1556   net_addr.o
      2874        144          0          0         24       1548   net_arp.o
       600         10         16          0          0       1272   net_common.o
      3664        138          0          0        160       1600   net_eth.o
      6834       1268        250         12        152       2852   net_http_server.o
         0          0        539          0          0          0   net_http_server_err.o
       640         48          0          1          0        236   net_icmp.o
       812         60          0          0          0        332   net_icmp6.o
      1188         82          4          8          0        956   net_ip4.o
       690         30          0          4          0        476   net_ip4_frag.o
       848         72         32          4          0        644   net_ip6.o
       348         28         56          4          0        256   net_loopback.o
       592         64          0          0         20        564   net_mem.o
       520         44          8          1          0        188   net_nbns_client.o
      3058        106          0          0          0       1404   net_ndp.o
       188         32         18          0         44        220   net_ping_core.o
       834         84          0          0         92       1012   net_sys.o
      6566        282          0          4          0       2728   net_tcp.o
      1310         70          0          2         28        620   net_udp.o
         0          0          4          0          0          0   net_version.o
        86          0          0          0          0          0   __dczerorl2.o
        28          0          0          0          0         68   _chval.o
       158          0          0          0          0         92   _strtoul.o
        26          0          0          0          0         80   atoi.o
         8          4        133          0          0         68   ctype_o.o
         0          0          0          0          0          0   entry.o
         0          0          0          0          0          0   entry10a.o
         0          0          0          0          0          0   entry11a.o
         4          0          0          0          0          0   entry12b.o
         8          4          0          0          0          0   entry2.o
         4          0          0          0          0          0   entry5.o
         0          0          0          0          0          0   entry7b.o
         0          0          0          0          0          0   entry8b.o
         8          4          0          0          0          0   entry9a.o
         8          4          0          4          0         68   errno.o
        30          0          0          0          0          0   handlers.o
        36          8          0          0          0         68   init.o
         0          0          0          0          0          0   iusefp.o
        30          0          0          0          0         68   llshl.o
        36          0          0          0          0         68   llsshr.o
        32          0          0          0          0         68   llushr.o
        26          0          0          0          0         80   memcmp.o
        36          0          0          0          0         68   memcpya.o
        36          0          0          0          0        108   memseta.o
      2236         86          0          0          0        532   printfa.o
        28          0          0          0          0         76   strcmp.o
        18          0          0          0          0         68   strcpy.o
        14          0          0          0          0         68   strlen.o
        30          0          0          0          0         80   strncmp.o
       112          0          0          0          0         88   strtol.o
        44          0          0          0          0         80   uidiv.o
        98          0          0          0          0         92   uldiv.o
        48          0          0          0          0         68   cdrcmple.o
       334          0          0          0          0        148   dadd.o
       222          0          0          0          0        100   ddiv.o
       186          0          0          0          0        176   depilogue.o
        48          0          0          0          0         68   dfixul.o
       228          0          0          0          0         96   dmul.o
        46          0          0          0          0         80   dscalb.o
        38          0          0          0          0         68   f2d.o
       110          0          0          0          0        168   fepilogue.o
        40          0          0          0          0         68   ffixui.o
        10          0          0          0          0         68   ffltui.o

    ----------------------------------------------------------------------
     37510       2690       1088         48        616      21560   Library Totals
        40          0          6          4          4          0   (incl. Padding)

    ----------------------------------------------------------------------

      Code (inc. data)   RO Data    RW Data    ZI Data      Debug   Library Name

     32980       2580        949         40        612      18464   Net_Dbg_CM3_L.lib
      3180        110        133          4          0       1988   mc_w.l
      1310          0          0          0          0       1108   mf_w.l

    ----------------------------------------------------------------------
     37510       2690       1088         48        616      21560   Library Totals

    ----------------------------------------------------------------------

==============================================================================


      Code (inc. data)   RO Data    RW Data    ZI Data      Debug   

    100456       4914      48856      34732      29544    1387353   Grand Totals
    100456       4914      48856        312      29544    1387353   ELF Image Totals (compressed)
    100456       4914      48856        312          0          0   ROM Totals

==============================================================================

    Total RO  Size (Code + RO Data)               149312 ( 145.81kB)
    Total RW  Size (RW Data + ZI Data)             64276 (  62.77kB)
    Total ROM Size (Code + RO Data + RW Data)     149624 ( 146.12kB)

==============================================================================

